Copyright 1986-2022 Xilinx, Inc. All Rights Reserved. Copyright 2022-2025 Advanced Micro Devices, Inc. All Rights Reserved.
---------------------------------------------------------------------------------------------------------------------------------------------
| Tool Version : Vivado v.2025.2 (lin64) Build 6299465 Fri Nov 14 12:34:56 MST 2025
| Date         : Thu Jul  2 13:48:35 2026
| Host         : rayan-HP-ProBook-445-G8-Notebook-PC running 64-bit Ubuntu 24.04.1 LTS
| Command      : report_timing -nworst 1 -delay_type max -sort_by group -file reports_cva6_ooc_impl/cva6_ooc.timing.rpt
| Design       : cva6
| Device       : 7z020-clg400
| Speed File   : -1  PRODUCTION 1.12 2019-11-22
| Design State : Synthesized
---------------------------------------------------------------------------------------------------------------------------------------------

Timing Report

Slack (VIOLATED) :        -1.327ns  (required time - arrival time)
  Source:                 ex_stage_i/fpu_gen.fpu_i/fpu_gen.i_fpnew_bulk/gen_operation_groups[3].i_opgroup_block/gen_merged_slice.i_multifmt_slice/gen_num_lanes[0].active_lane.lane_instance.i_fpnew_cast_multi/gen_inside_pipeline[0].mid_pipe_dst_fmt_q_reg[1][2]/C
                            (rising edge-triggered cell FDCE clocked by clk_i  {rise@0.000ns fall@12.500ns period=25.000ns})
  Destination:            issue_stage_i/i_issue_read_operands/fu_data_q_reg[0][imm][23]/D
                            (rising edge-triggered cell FDCE clocked by clk_i  {rise@0.000ns fall@12.500ns period=25.000ns})
  Path Group:             clk_i
  Path Type:              Setup (Max at Slow Process Corner)
  Requirement:            25.000ns  (clk_i rise@25.000ns - clk_i rise@0.000ns)
  Data Path Delay:        26.320ns  (logic 8.586ns (32.622%)  route 17.734ns (67.378%))
  Logic Levels:           37  (CARRY4=9 LUT1=1 LUT2=1 LUT3=4 LUT4=2 LUT5=3 LUT6=16 MUXF7=1)
  Clock Path Skew:        -0.049ns (DCD - SCD + CPR)
    Destination Clock Delay (DCD):    0.924ns = ( 25.924 - 25.000 ) 
    Source Clock Delay      (SCD):    0.973ns
    Clock Pessimism Removal (CPR):    0.000ns
  Clock Uncertainty:      0.035ns  ((TSJ^2 + TIJ^2)^1/2 + DJ) / 2 + PE
    Total System Jitter     (TSJ):    0.071ns
    Total Input Jitter      (TIJ):    0.000ns
    Discrete Jitter          (DJ):    0.000ns
    Phase Error              (PE):    0.000ns

    Location             Delay type                Incr(ns)  Path(ns)    Netlist Resource(s)
  -------------------------------------------------------------------    -------------------
                         (clock clk_i rise edge)      0.000     0.000 r  
                                                      0.000     0.000 r  clk_i (IN)
                         net (fo=6832, unset)         0.973     0.973    ex_stage_i/fpu_gen.fpu_i/fpu_gen.i_fpnew_bulk/gen_operation_groups[3].i_opgroup_block/gen_merged_slice.i_multifmt_slice/gen_num_lanes[0].active_lane.lane_instance.i_fpnew_cast_multi/clk_i
                         FDCE                                         r  ex_stage_i/fpu_gen.fpu_i/fpu_gen.i_fpnew_bulk/gen_operation_groups[3].i_opgroup_block/gen_merged_slice.i_multifmt_slice/gen_num_lanes[0].active_lane.lane_instance.i_fpnew_cast_multi/gen_inside_pipeline[0].mid_pipe_dst_fmt_q_reg[1][2]/C
  -------------------------------------------------------------------    -------------------
                         FDCE (Prop_fdce_C_Q)         0.518     1.491 r  ex_stage_i/fpu_gen.fpu_i/fpu_gen.i_fpnew_bulk/gen_operation_groups[3].i_opgroup_block/gen_merged_slice.i_multifmt_slice/gen_num_lanes[0].active_lane.lane_instance.i_fpnew_cast_multi/gen_inside_pipeline[0].mid_pipe_dst_fmt_q_reg[1][2]/Q
                         net (fo=147, unplaced)       0.850     2.341    ex_stage_i/fpu_gen.fpu_i/fpu_gen.i_fpnew_bulk/gen_operation_groups[3].i_opgroup_block/gen_merged_slice.i_multifmt_slice/gen_num_lanes[0].active_lane.lane_instance.i_fpnew_cast_multi/gen_inside_pipeline[0].mid_pipe_dst_fmt_q_reg_n_0_[1][2]
                         LUT3 (Prop_lut3_I0_O)        0.295     2.636 r  ex_stage_i/fpu_gen.fpu_i/fpu_gen.i_fpnew_bulk/gen_operation_groups[3].i_opgroup_block/gen_merged_slice.i_multifmt_slice/gen_num_lanes[0].active_lane.lane_instance.i_fpnew_cast_multi/of_before_round1__7_carry_i_1/O
                         net (fo=8, unplaced)         0.371     3.007    ex_stage_i/fpu_gen.fpu_i/fpu_gen.i_fpnew_bulk/gen_operation_groups[3].i_opgroup_block/gen_merged_slice.i_multifmt_slice/gen_num_lanes[0].active_lane.lane_instance.i_fpnew_cast_multi/of_before_round1__7_carry_i_1_n_0
                         CARRY4 (Prop_carry4_CYINIT_CO[3])
                                                      0.595     3.602 r  ex_stage_i/fpu_gen.fpu_i/fpu_gen.i_fpnew_bulk/gen_operation_groups[3].i_opgroup_block/gen_merged_slice.i_multifmt_slice/gen_num_lanes[0].active_lane.lane_instance.i_fpnew_cast_multi/of_before_round1__7_carry/CO[3]
                         net (fo=5, unplaced)         0.848     4.450    ex_stage_i/fpu_gen.fpu_i/fpu_gen.i_fpnew_bulk/gen_operation_groups[3].i_opgroup_block/gen_merged_slice.i_multifmt_slice/gen_num_lanes[0].active_lane.lane_instance.i_fpnew_cast_multi/of_before_round1__7_carry_n_0
                         CARRY4 (Prop_carry4_CYINIT_CO[2])
                                                      0.632     5.082 r  ex_stage_i/fpu_gen.fpu_i/fpu_gen.i_fpnew_bulk/gen_operation_groups[3].i_opgroup_block/gen_merged_slice.i_multifmt_slice/gen_num_lanes[0].active_lane.lane_instance.i_fpnew_cast_multi/of_before_round0_carry__0_i_9/CO[2]
                         net (fo=20, unplaced)        0.512     5.594    ex_stage_i/fpu_gen.fpu_i/fpu_gen.i_fpnew_bulk/gen_operation_groups[3].i_opgroup_block/gen_merged_slice.i_multifmt_slice/gen_num_lanes[0].active_lane.lane_instance.i_fpnew_cast_multi/of_before_round0_carry__0_i_9_n_1
                         LUT2 (Prop_lut2_I1_O)        0.302     5.896 r  ex_stage_i/fpu_gen.fpu_i/fpu_gen.i_fpnew_bulk/gen_operation_groups[3].i_opgroup_block/gen_merged_slice.i_multifmt_slice/gen_num_lanes[0].active_lane.lane_instance.i_fpnew_cast_multi/of_before_round0_carry__1_i_4/O
                         net (fo=1, unplaced)         0.000     5.896    ex_stage_i/fpu_gen.fpu_i/fpu_gen.i_fpnew_bulk/gen_operation_groups[3].i_opgroup_block/gen_merged_slice.i_multifmt_slice/gen_num_lanes[0].active_lane.lane_instance.i_fpnew_cast_multi/of_before_round0_carry__1_i_4_n_0
                         CARRY4 (Prop_carry4_DI[0]_CO[3])
                                                      0.576     6.472 r  ex_stage_i/fpu_gen.fpu_i/fpu_gen.i_fpnew_bulk/gen_operation_groups[3].i_opgroup_block/gen_merged_slice.i_multifmt_slice/gen_num_lanes[0].active_lane.lane_instance.i_fpnew_cast_multi/of_before_round0_carry__1/CO[3]
                         net (fo=1, unplaced)         0.000     6.472    ex_stage_i/fpu_gen.fpu_i/fpu_gen.i_fpnew_bulk/gen_operation_groups[3].i_opgroup_block/gen_merged_slice.i_multifmt_slice/gen_num_lanes[0].active_lane.lane_instance.i_fpnew_cast_multi/of_before_round0_carry__1_n_0
                         CARRY4 (Prop_carry4_CI_CO[3])
                                                      0.117     6.589 f  ex_stage_i/fpu_gen.fpu_i/fpu_gen.i_fpnew_bulk/gen_operation_groups[3].i_opgroup_block/gen_merged_slice.i_multifmt_slice/gen_num_lanes[0].active_lane.lane_instance.i_fpnew_cast_multi/of_before_round0_carry__2/CO[3]
                         net (fo=34, unplaced)        0.991     7.580    ex_stage_i/fpu_gen.fpu_i/fpu_gen.i_fpnew_bulk/gen_operation_groups[3].i_opgroup_block/gen_merged_slice.i_multifmt_slice/gen_num_lanes[0].active_lane.lane_instance.i_fpnew_cast_multi/of_before_round0__16
                         LUT3 (Prop_lut3_I0_O)        0.124     7.704 r  ex_stage_i/fpu_gen.fpu_i/fpu_gen.i_fpnew_bulk/gen_operation_groups[3].i_opgroup_block/gen_merged_slice.i_multifmt_slice/gen_num_lanes[0].active_lane.lane_instance.i_fpnew_cast_multi/rvfi_probes_o[instr][wbdata][3][30]_INST_0_i_146/O
                         net (fo=7, unplaced)         0.484     8.188    ex_stage_i/fpu_gen.fpu_i/fpu_gen.i_fpnew_bulk/gen_operation_groups[3].i_opgroup_block/gen_merged_slice.i_multifmt_slice/gen_num_lanes[0].active_lane.lane_instance.i_fpnew_cast_multi/rvfi_probes_o[instr][wbdata][3][30]_INST_0_i_146_n_0
                         LUT6 (Prop_lut6_I3_O)        0.124     8.312 r  ex_stage_i/fpu_gen.fpu_i/fpu_gen.i_fpnew_bulk/gen_operation_groups[3].i_opgroup_block/gen_merged_slice.i_multifmt_slice/gen_num_lanes[0].active_lane.lane_instance.i_fpnew_cast_multi/rvfi_probes_o[instr][wbdata][3][30]_INST_0_i_140/O
                         net (fo=87, unplaced)        0.545     8.857    ex_stage_i/fpu_gen.fpu_i/fpu_gen.i_fpnew_bulk/gen_operation_groups[3].i_opgroup_block/gen_merged_slice.i_multifmt_slice/gen_num_lanes[0].active_lane.lane_instance.i_fpnew_cast_multi/rvfi_probes_o[instr][wbdata][3][30]_INST_0_i_140_n_0
                         LUT6 (Prop_lut6_I5_O)        0.124     8.981 r  ex_stage_i/fpu_gen.fpu_i/fpu_gen.i_fpnew_bulk/gen_operation_groups[3].i_opgroup_block/gen_merged_slice.i_multifmt_slice/gen_num_lanes[0].active_lane.lane_instance.i_fpnew_cast_multi/mem_q[0][sbe][ex][cause][1]_i_99/O
                         net (fo=3, unplaced)         0.467     9.448    ex_stage_i/fpu_gen.fpu_i/fpu_gen.i_fpnew_bulk/gen_operation_groups[3].i_opgroup_block/gen_merged_slice.i_multifmt_slice/gen_num_lanes[0].active_lane.lane_instance.i_fpnew_cast_multi/mem_q[0][sbe][ex][cause][1]_i_99_n_0
                         LUT3 (Prop_lut3_I2_O)        0.116     9.564 r  ex_stage_i/fpu_gen.fpu_i/fpu_gen.i_fpnew_bulk/gen_operation_groups[3].i_opgroup_block/gen_merged_slice.i_multifmt_slice/gen_num_lanes[0].active_lane.lane_instance.i_fpnew_cast_multi/mem_q[0][sbe][ex][cause][1]_i_96/O
                         net (fo=1, unplaced)         0.902    10.466    ex_stage_i/fpu_gen.fpu_i/fpu_gen.i_fpnew_bulk/gen_operation_groups[3].i_opgroup_block/gen_merged_slice.i_multifmt_slice/gen_num_lanes[0].active_lane.lane_instance.i_fpnew_cast_multi/mem_q[0][sbe][ex][cause][1]_i_96_n_0
                         LUT5 (Prop_lut5_I1_O)        0.124    10.590 f  ex_stage_i/fpu_gen.fpu_i/fpu_gen.i_fpnew_bulk/gen_operation_groups[3].i_opgroup_block/gen_merged_slice.i_multifmt_slice/gen_num_lanes[0].active_lane.lane_instance.i_fpnew_cast_multi/mem_q[0][sbe][ex][cause][1]_i_55/O
                         net (fo=2, unplaced)         0.913    11.503    ex_stage_i/fpu_gen.fpu_i/fpu_gen.i_fpnew_bulk/gen_operation_groups[3].i_opgroup_block/gen_merged_slice.i_multifmt_slice/gen_num_lanes[0].active_lane.lane_instance.i_fpnew_cast_multi/mem_q[0][sbe][ex][cause][1]_i_55_n_0
                         LUT6 (Prop_lut6_I0_O)        0.124    11.627 f  ex_stage_i/fpu_gen.fpu_i/fpu_gen.i_fpnew_bulk/gen_operation_groups[3].i_opgroup_block/gen_merged_slice.i_multifmt_slice/gen_num_lanes[0].active_lane.lane_instance.i_fpnew_cast_multi/mem_q[0][sbe][ex][cause][1]_i_47/O
                         net (fo=1, unplaced)         0.449    12.076    ex_stage_i/fpu_gen.fpu_i/fpu_gen.i_fpnew_bulk/gen_operation_groups[3].i_opgroup_block/gen_merged_slice.i_multifmt_slice/gen_num_lanes[0].active_lane.lane_instance.i_fpnew_cast_multi/mem_q[0][sbe][ex][cause][1]_i_47_n_0
                         LUT3 (Prop_lut3_I2_O)        0.124    12.200 f  ex_stage_i/fpu_gen.fpu_i/fpu_gen.i_fpnew_bulk/gen_operation_groups[3].i_opgroup_block/gen_merged_slice.i_multifmt_slice/gen_num_lanes[0].active_lane.lane_instance.i_fpnew_cast_multi/mem_q[0][sbe][ex][cause][1]_i_28/O
                         net (fo=1, unplaced)         1.111    13.311    ex_stage_i/fpu_gen.fpu_i/fpu_gen.i_fpnew_bulk/gen_operation_groups[3].i_opgroup_block/gen_merged_slice.i_multifmt_slice/gen_num_lanes[0].active_lane.lane_instance.i_fpnew_cast_multi/mem_q[0][sbe][ex][cause][1]_i_28_n_0
                         LUT6 (Prop_lut6_I1_O)        0.124    13.435 f  ex_stage_i/fpu_gen.fpu_i/fpu_gen.i_fpnew_bulk/gen_operation_groups[3].i_opgroup_block/gen_merged_slice.i_multifmt_slice/gen_num_lanes[0].active_lane.lane_instance.i_fpnew_cast_multi/mem_q[0][sbe][ex][cause][1]_i_18/O
                         net (fo=4, unplaced)         0.473    13.908    ex_stage_i/fpu_gen.fpu_i/fpu_gen.i_fpnew_bulk/gen_operation_groups[3].i_opgroup_block/gen_merged_slice.i_multifmt_slice/gen_num_lanes[0].active_lane.lane_instance.i_fpnew_cast_multi/mem_q[0][sbe][ex][cause][1]_i_18_n_0
                         LUT4 (Prop_lut4_I3_O)        0.124    14.032 r  ex_stage_i/fpu_gen.fpu_i/fpu_gen.i_fpnew_bulk/gen_operation_groups[3].i_opgroup_block/gen_merged_slice.i_multifmt_slice/gen_num_lanes[0].active_lane.lane_instance.i_fpnew_cast_multi/rvfi_probes_o[instr][wbdata][3][0]_INST_0_i_52/O
                         net (fo=2, unplaced)         0.460    14.492    ex_stage_i/fpu_gen.fpu_i/fpu_gen.i_fpnew_bulk/gen_operation_groups[3].i_opgroup_block/gen_merged_slice.i_multifmt_slice/gen_num_lanes[0].active_lane.lane_instance.i_fpnew_cast_multi/rvfi_probes_o[instr][wbdata][3][0]_INST_0_i_52_n_0
                         LUT6 (Prop_lut6_I5_O)        0.124    14.616 r  ex_stage_i/fpu_gen.fpu_i/fpu_gen.i_fpnew_bulk/gen_operation_groups[3].i_opgroup_block/gen_merged_slice.i_multifmt_slice/gen_num_lanes[0].active_lane.lane_instance.i_fpnew_cast_multi/rvfi_probes_o[instr][wbdata][3][0]_INST_0_i_34/O
                         net (fo=1, unplaced)         0.449    15.065    ex_stage_i/fpu_gen.fpu_i/fpu_gen.i_fpnew_bulk/gen_operation_groups[3].i_opgroup_block/gen_merged_slice.i_multifmt_slice/gen_num_lanes[0].active_lane.lane_instance.i_fpnew_cast_multi/rvfi_probes_o[instr][wbdata][3][0]_INST_0_i_34_n_0
                         LUT6 (Prop_lut6_I2_O)        0.124    15.189 r  ex_stage_i/fpu_gen.fpu_i/fpu_gen.i_fpnew_bulk/gen_operation_groups[3].i_opgroup_block/gen_merged_slice.i_multifmt_slice/gen_num_lanes[0].active_lane.lane_instance.i_fpnew_cast_multi/rvfi_probes_o[instr][wbdata][3][0]_INST_0_i_19/O
                         net (fo=1, unplaced)         0.000    15.189    ex_stage_i/fpu_gen.fpu_i/fpu_gen.i_fpnew_bulk/gen_operation_groups[3].i_opgroup_block/gen_merged_slice.i_multifmt_slice/gen_num_lanes[0].active_lane.lane_instance.i_fpnew_cast_multi/rvfi_probes_o[instr][wbdata][3][0]_INST_0_i_19_n_0
                         CARRY4 (Prop_carry4_S[0]_CO[3])
                                                      0.513    15.702 r  ex_stage_i/fpu_gen.fpu_i/fpu_gen.i_fpnew_bulk/gen_operation_groups[3].i_opgroup_block/gen_merged_slice.i_multifmt_slice/gen_num_lanes[0].active_lane.lane_instance.i_fpnew_cast_multi/rvfi_probes_o[instr][wbdata][3][0]_INST_0_i_8/CO[3]
                         net (fo=1, unplaced)         0.009    15.711    ex_stage_i/fpu_gen.fpu_i/fpu_gen.i_fpnew_bulk/gen_operation_groups[3].i_opgroup_block/gen_merged_slice.i_multifmt_slice/gen_num_lanes[0].active_lane.lane_instance.i_fpnew_cast_multi/rvfi_probes_o[instr][wbdata][3][0]_INST_0_i_8_n_0
                         CARRY4 (Prop_carry4_CI_CO[3])
                                                      0.117    15.828 r  ex_stage_i/fpu_gen.fpu_i/fpu_gen.i_fpnew_bulk/gen_operation_groups[3].i_opgroup_block/gen_merged_slice.i_multifmt_slice/gen_num_lanes[0].active_lane.lane_instance.i_fpnew_cast_multi/rvfi_probes_o[instr][wbdata][3][7]_INST_0_i_16/CO[3]
                         net (fo=1, unplaced)         0.000    15.828    ex_stage_i/fpu_gen.fpu_i/fpu_gen.i_fpnew_bulk/gen_operation_groups[3].i_opgroup_block/gen_merged_slice.i_multifmt_slice/gen_num_lanes[0].active_lane.lane_instance.i_fpnew_cast_multi/rvfi_probes_o[instr][wbdata][3][7]_INST_0_i_16_n_0
                         CARRY4 (Prop_carry4_CI_O[3])
                                                      0.331    16.159 f  ex_stage_i/fpu_gen.fpu_i/fpu_gen.i_fpnew_bulk/gen_operation_groups[3].i_opgroup_block/gen_merged_slice.i_multifmt_slice/gen_num_lanes[0].active_lane.lane_instance.i_fpnew_cast_multi/rvfi_probes_o[instr][wbdata][3][11]_INST_0_i_12/O[3]
                         net (fo=4, unplaced)         0.642    16.801    ex_stage_i/fpu_gen.fpu_i/fpu_gen.i_fpnew_bulk/gen_operation_groups[3].i_opgroup_block/gen_merged_slice.i_multifmt_slice/gen_num_lanes[0].active_lane.lane_instance.i_fpnew_cast_multi/rounded_abs[11]
                         LUT1 (Prop_lut1_I0_O)        0.307    17.108 r  ex_stage_i/fpu_gen.fpu_i/fpu_gen.i_fpnew_bulk/gen_operation_groups[3].i_opgroup_block/gen_merged_slice.i_multifmt_slice/gen_num_lanes[0].active_lane.lane_instance.i_fpnew_cast_multi/rvfi_probes_o[instr][wbdata][3][12]_INST_0_i_9/O
                         net (fo=1, unplaced)         0.000    17.108    ex_stage_i/fpu_gen.fpu_i/fpu_gen.i_fpnew_bulk/gen_operation_groups[3].i_opgroup_block/gen_merged_slice.i_multifmt_slice/gen_num_lanes[0].active_lane.lane_instance.i_fpnew_cast_multi/rvfi_probes_o[instr][wbdata][3][12]_INST_0_i_9_n_0
                         CARRY4 (Prop_carry4_S[2]_CO[3])
                                                      0.380    17.488 r  ex_stage_i/fpu_gen.fpu_i/fpu_gen.i_fpnew_bulk/gen_operation_groups[3].i_opgroup_block/gen_merged_slice.i_multifmt_slice/gen_num_lanes[0].active_lane.lane_instance.i_fpnew_cast_multi/rvfi_probes_o[instr][wbdata][3][12]_INST_0_i_7/CO[3]
                         net (fo=1, unplaced)         0.000    17.488    ex_stage_i/fpu_gen.fpu_i/fpu_gen.i_fpnew_bulk/gen_operation_groups[3].i_opgroup_block/gen_merged_slice.i_multifmt_slice/gen_num_lanes[0].active_lane.lane_instance.i_fpnew_cast_multi/rvfi_probes_o[instr][wbdata][3][12]_INST_0_i_7_n_0
                         CARRY4 (Prop_carry4_CI_O[3])
                                                      0.331    17.819 r  ex_stage_i/fpu_gen.fpu_i/fpu_gen.i_fpnew_bulk/gen_operation_groups[3].i_opgroup_block/gen_merged_slice.i_multifmt_slice/gen_num_lanes[0].active_lane.lane_instance.i_fpnew_cast_multi/rvfi_probes_o[instr][wbdata][3][16]_INST_0_i_7/O[3]
                         net (fo=2, unplaced)         0.629    18.448    ex_stage_i/fpu_gen.fpu_i/fpu_gen.i_fpnew_bulk/gen_operation_groups[3].i_opgroup_block/gen_merged_slice.i_multifmt_slice/gen_num_lanes[0].active_lane.lane_instance.i_fpnew_cast_multi/rounded_uint_res0[16]
                         LUT5 (Prop_lut5_I4_O)        0.307    18.755 r  ex_stage_i/fpu_gen.fpu_i/fpu_gen.i_fpnew_bulk/gen_operation_groups[3].i_opgroup_block/gen_merged_slice.i_multifmt_slice/gen_num_lanes[0].active_lane.lane_instance.i_fpnew_cast_multi/rvfi_probes_o[instr][wbdata][3][30]_INST_0_i_231/O
                         net (fo=1, unplaced)         0.449    19.204    ex_stage_i/fpu_gen.fpu_i/fpu_gen.i_fpnew_bulk/gen_operation_groups[3].i_opgroup_block/gen_merged_slice.i_multifmt_slice/gen_num_lanes[0].active_lane.lane_instance.i_fpnew_cast_multi/rvfi_probes_o[instr][wbdata][3][30]_INST_0_i_231_n_0
                         LUT6 (Prop_lut6_I5_O)        0.124    19.328 r  ex_stage_i/fpu_gen.fpu_i/fpu_gen.i_fpnew_bulk/gen_operation_groups[3].i_opgroup_block/gen_merged_slice.i_multifmt_slice/gen_num_lanes[0].active_lane.lane_instance.i_fpnew_cast_multi/rvfi_probes_o[instr][wbdata][3][30]_INST_0_i_205/O
                         net (fo=1, unplaced)         1.111    20.439    ex_stage_i/fpu_gen.fpu_i/fpu_gen.i_fpnew_bulk/gen_operation_groups[3].i_opgroup_block/gen_merged_slice.i_multifmt_slice/gen_num_lanes[0].active_lane.lane_instance.i_fpnew_cast_multi/rvfi_probes_o[instr][wbdata][3][30]_INST_0_i_205_n_0
                         LUT6 (Prop_lut6_I3_O)        0.124    20.563 r  ex_stage_i/fpu_gen.fpu_i/fpu_gen.i_fpnew_bulk/gen_operation_groups[3].i_opgroup_block/gen_merged_slice.i_multifmt_slice/gen_num_lanes[0].active_lane.lane_instance.i_fpnew_cast_multi/rvfi_probes_o[instr][wbdata][3][30]_INST_0_i_160/O
                         net (fo=1, unplaced)         0.449    21.012    ex_stage_i/fpu_gen.fpu_i/fpu_gen.i_fpnew_bulk/gen_operation_groups[3].i_opgroup_block/gen_merged_slice.i_multifmt_slice/gen_num_lanes[0].active_lane.lane_instance.i_fpnew_cast_multi/rvfi_probes_o[instr][wbdata][3][30]_INST_0_i_160_n_0
                         LUT6 (Prop_lut6_I1_O)        0.124    21.136 r  ex_stage_i/fpu_gen.fpu_i/fpu_gen.i_fpnew_bulk/gen_operation_groups[3].i_opgroup_block/gen_merged_slice.i_multifmt_slice/gen_num_lanes[0].active_lane.lane_instance.i_fpnew_cast_multi/rvfi_probes_o[instr][wbdata][3][30]_INST_0_i_97/O
                         net (fo=1, unplaced)         0.449    21.585    ex_stage_i/fpu_gen.fpu_i/fpu_gen.i_fpnew_bulk/gen_operation_groups[3].i_opgroup_block/gen_merged_slice.i_multifmt_slice/gen_num_lanes[0].active_lane.lane_instance.i_fpnew_cast_multi/rvfi_probes_o[instr][wbdata][3][30]_INST_0_i_97_n_0
                         LUT4 (Prop_lut4_I2_O)        0.124    21.709 r  ex_stage_i/fpu_gen.fpu_i/fpu_gen.i_fpnew_bulk/gen_operation_groups[3].i_opgroup_block/gen_merged_slice.i_multifmt_slice/gen_num_lanes[0].active_lane.lane_instance.i_fpnew_cast_multi/rvfi_probes_o[instr][wbdata][3][30]_INST_0_i_55/O
                         net (fo=1, unplaced)         0.449    22.158    ex_stage_i/fpu_gen.fpu_i/fpu_gen.i_fpnew_bulk/gen_operation_groups[3].i_opgroup_block/gen_merged_slice.i_multifmt_slice/gen_num_lanes[0].active_lane.lane_instance.i_fpnew_cast_multi/rvfi_probes_o[instr][wbdata][3][30]_INST_0_i_55_n_0
                         LUT6 (Prop_lut6_I1_O)        0.124    22.282 f  ex_stage_i/fpu_gen.fpu_i/fpu_gen.i_fpnew_bulk/gen_operation_groups[3].i_opgroup_block/gen_merged_slice.i_multifmt_slice/gen_num_lanes[0].active_lane.lane_instance.i_fpnew_cast_multi/rvfi_probes_o[instr][wbdata][3][30]_INST_0_i_37/O
                         net (fo=3, unplaced)         0.467    22.749    ex_stage_i/fpu_gen.fpu_i/fpu_gen.i_fpnew_bulk/gen_operation_groups[3].i_opgroup_block/gen_merged_slice.i_multifmt_slice/gen_num_lanes[0].active_lane.lane_instance.i_fpnew_cast_multi/rvfi_probes_o[instr][wbdata][3][30]_INST_0_i_37_n_0
                         LUT6 (Prop_lut6_I1_O)        0.124    22.873 r  ex_stage_i/fpu_gen.fpu_i/fpu_gen.i_fpnew_bulk/gen_operation_groups[3].i_opgroup_block/gen_merged_slice.i_multifmt_slice/gen_num_lanes[0].active_lane.lane_instance.i_fpnew_cast_multi/rvfi_probes_o[instr][wbdata][3][30]_INST_0_i_17/O
                         net (fo=31, unplaced)        0.519    23.392    ex_stage_i/fpu_gen.fpu_i/fpu_gen.i_fpnew_bulk/gen_operation_groups[3].i_opgroup_block/gen_merged_slice.i_multifmt_slice/gen_num_lanes[0].active_lane.lane_instance.i_fpnew_cast_multi/rvfi_probes_o[instr][wbdata][3][30]_INST_0_i_17_n_0
                         LUT6 (Prop_lut6_I5_O)        0.124    23.516 r  ex_stage_i/fpu_gen.fpu_i/fpu_gen.i_fpnew_bulk/gen_operation_groups[3].i_opgroup_block/gen_merged_slice.i_multifmt_slice/gen_num_lanes[0].active_lane.lane_instance.i_fpnew_cast_multi/rvfi_probes_o[instr][wbdata][3][23]_INST_0_i_8/O
                         net (fo=1, unplaced)         0.902    24.418    ex_stage_i/fpu_gen.fpu_i/fpu_gen.i_fpnew_bulk/gen_operation_groups[3].i_opgroup_block/gen_merged_slice.i_multifmt_slice/gen_num_lanes[0].active_lane.lane_instance.i_fpnew_cast_multi/rvfi_probes_o[instr][wbdata][3][23]_INST_0_i_8_n_0
                         LUT5 (Prop_lut5_I2_O)        0.124    24.542 r  ex_stage_i/fpu_gen.fpu_i/fpu_gen.i_fpnew_bulk/gen_operation_groups[3].i_opgroup_block/gen_merged_slice.i_multifmt_slice/gen_num_lanes[0].active_lane.lane_instance.i_fpnew_cast_multi/rvfi_probes_o[instr][wbdata][3][23]_INST_0_i_4/O
                         net (fo=1, unplaced)         0.449    24.991    ex_stage_i/fpu_gen.fpu_i/fpu_gen.i_fpnew_bulk/gen_operation_groups[2].i_opgroup_block/gen_parallel_slices[0].active_format.i_fmt_slice/gen_num_lanes[0].active_lane.lane_instance.i_noncomp/opgrp_outputs[3][result][0]
                         LUT6 (Prop_lut6_I0_O)        0.124    25.115 r  ex_stage_i/fpu_gen.fpu_i/fpu_gen.i_fpnew_bulk/gen_operation_groups[2].i_opgroup_block/gen_parallel_slices[0].active_format.i_fmt_slice/gen_num_lanes[0].active_lane.lane_instance.i_noncomp/rvfi_probes_o[instr][wbdata][3][23]_INST_0_i_2/O
                         net (fo=1, unplaced)         0.000    25.115    ex_stage_i/fpu_gen.fpu_i/fpu_gen.i_fpnew_bulk/i_arbiter/gen_arbiter.data_nodes[2][result][1]
                         MUXF7 (Prop_muxf7_I1_O)      0.247    25.362 r  ex_stage_i/fpu_gen.fpu_i/fpu_gen.i_fpnew_bulk/i_arbiter/rvfi_probes_o[instr][wbdata][3][23]_INST_0/O
                         net (fo=7, unplaced)         0.487    25.849    issue_stage_i/i_scoreboard/fu_data_q[0][imm][23]_i_2_0
                         LUT6 (Prop_lut6_I3_O)        0.298    26.147 r  issue_stage_i/i_scoreboard/fu_data_q[0][imm][23]_i_5/O
                         net (fo=1, unplaced)         0.449    26.596    issue_stage_i/i_scoreboard/fu_data_q[0][imm][23]_i_5_n_0
                         LUT6 (Prop_lut6_I5_O)        0.124    26.720 r  issue_stage_i/i_scoreboard/fu_data_q[0][imm][23]_i_2/O
                         net (fo=1, unplaced)         0.449    27.169    issue_stage_i/i_scoreboard/i_issue_read_operands/rs3[0]_118[23]
                         LUT6 (Prop_lut6_I2_O)        0.124    27.293 r  issue_stage_i/i_scoreboard/fu_data_q[0][imm][23]_i_1/O
                         net (fo=1, unplaced)         0.000    27.293    issue_stage_i/i_issue_read_operands/fu_data_q_reg[0][imm][31]_1[23]
                         FDCE                                         r  issue_stage_i/i_issue_read_operands/fu_data_q_reg[0][imm][23]/D
  -------------------------------------------------------------------    -------------------

                         (clock clk_i rise edge)     25.000    25.000 r  
                                                      0.000    25.000 r  clk_i (IN)
                         net (fo=6832, unset)         0.924    25.924    issue_stage_i/i_issue_read_operands/clk_i
                         FDCE                                         r  issue_stage_i/i_issue_read_operands/fu_data_q_reg[0][imm][23]/C
                         clock pessimism              0.000    25.924    
                         clock uncertainty           -0.035    25.889    
                         FDCE (Setup_fdce_C_D)        0.077    25.966    issue_stage_i/i_issue_read_operands/fu_data_q_reg[0][imm][23]
  -------------------------------------------------------------------
                         required time                         25.966    
                         arrival time                         -27.293    
  -------------------------------------------------------------------
                         slack                                 -1.327    




