Copyright 1986-2022 Xilinx, Inc. All Rights Reserved. Copyright 2022-2025 Advanced Micro Devices, Inc. All Rights Reserved.
---------------------------------------------------------------------------------------------------------------------------------------------
| Tool Version : Vivado v.2025.2 (lin64) Build 6299465 Fri Nov 14 12:34:56 MST 2025
| Date         : Thu Jul  2 13:46:17 2026
| Host         : rayan-HP-ProBook-445-G8-Notebook-PC running 64-bit Ubuntu 24.04.1 LTS
| Command      : report_drc -file cva6_drc_opted.rpt -pb cva6_drc_opted.pb -rpx cva6_drc_opted.rpx
| Design       : cva6
| Device       : xc7z020clg400-1
| Speed File   : -1
| Design State : Synthesized
---------------------------------------------------------------------------------------------------------------------------------------------

Report DRC

Table of Contents
-----------------
1. REPORT SUMMARY
2. REPORT DETAILS

1. REPORT SUMMARY
-----------------
            Netlist: netlist
          Floorplan: checkpoint_cva6
      Design limits: <entire design considered>
           Ruledeck: default
             Max checks: <unlimited>
             Checks found: 99
+-----------+------------------+----------------------------+--------+
| Rule      | Severity         | Description                | Checks |
+-----------+------------------+----------------------------+--------+
| LUTLP-1   | Critical Warning | Combinatorial Loop Alert   | 1      |
| CHECK-3   | Warning          | Report rule limit reached  | 2      |
| DPIP-1    | Warning          | Input pipelining           | 11     |
| DPOP-1    | Warning          | PREG Output pipelining     | 4      |
| DPOP-2    | Warning          | MREG Output pipelining     | 6      |
| DPOR-1    | Warning          | Asynchronous load check    | 34     |
| REQP-1839 | Warning          | RAMB36 async control check | 20     |
| REQP-1840 | Warning          | RAMB18 async control check | 20     |
| ZPS7-1    | Warning          | PS7 block required         | 1      |
+-----------+------------------+----------------------------+--------+

2. REPORT DETAILS
-----------------
LUTLP-1#1 Critical Warning
Combinatorial Loop Alert  
22 LUT cells form a combinatorial loop. This can create a race condition. Timing analysis may not be accurate. The preferred resolution is to modify the design to remove combinatorial logic loops. If the loop is known and understood, this DRC can be bypassed by acknowledging the condition and setting the following XDC constraint on any one of the nets in the loop: 'set_property ALLOW_COMBINATORIAL_LOOPS TRUE [get_nets <myHier/myNet>]'. One net in the loop is id_stage_i/renamed_instr_o1_0. Please evaluate your design. The cells in the loop are: id_stage_i/mem_q[0][sbe][old_phys][5]_i_25,
id_stage_i/mem_q[0][sbe][old_phys][5]_i_4,
id_stage_i/mem_q[0][sbe][rd][0]_i_2, id_stage_i/mem_q[0][sbe][rd][1]_i_2,
id_stage_i/mem_q[0][sbe][rd][2]_i_2, id_stage_i/mem_q[0][sbe][rd][3]_i_2,
id_stage_i/mem_q[0][sbe][rd][4]_i_2,
issue_stage_i/i_issue_fp_register_allocation_table/mem_q[0][sbe][rd][0]_i_4,
issue_stage_i/i_issue_fp_register_allocation_table/mem_q[0][sbe][rd][1]_i_4,
issue_stage_i/i_issue_fp_register_allocation_table/mem_q[0][sbe][rd][2]_i_4,
issue_stage_i/i_issue_fp_register_allocation_table/mem_q[0][sbe][rd][3]_i_4,
issue_stage_i/i_issue_register_allocation_table/mem_q[0][sbe][rd][0]_i_3,
issue_stage_i/i_issue_register_allocation_table/mem_q[0][sbe][rd][1]_i_3,
issue_stage_i/i_issue_register_allocation_table/mem_q[0][sbe][rd][2]_i_3,
issue_stage_i/i_issue_register_allocation_table/mem_q[0][sbe][rd][3]_i_3
 (the first 15 of 22 listed).
Related violations: <none>

CHECK-3#1 Warning
Report rule limit reached  
REQP-1839 rule limit reached: 20 violations have been found.
Related violations: <none>

CHECK-3#2 Warning
Report rule limit reached  
REQP-1840 rule limit reached: 20 violations have been found.
Related violations: <none>

DPIP-1#1 Warning
Input pipelining  
DSP ex_stage_i/fpu_gen.fpu_i/fpu_gen.i_fpnew_bulk/gen_operation_groups[0].i_opgroup_block/gen_parallel_slices[0].active_format.i_fmt_slice/gen_num_lanes[0].active_lane.lane_instance.i_fma/product input ex_stage_i/fpu_gen.fpu_i/fpu_gen.i_fpnew_bulk/gen_operation_groups[0].i_opgroup_block/gen_parallel_slices[0].active_format.i_fmt_slice/gen_num_lanes[0].active_lane.lane_instance.i_fma/product/A[29:0] is not pipelined. Pipelining DSP48 input will improve performance.
Related violations: <none>

DPIP-1#2 Warning
Input pipelining  
DSP ex_stage_i/fpu_gen.fpu_i/fpu_gen.i_fpnew_bulk/gen_operation_groups[0].i_opgroup_block/gen_parallel_slices[0].active_format.i_fmt_slice/gen_num_lanes[0].active_lane.lane_instance.i_fma/product input ex_stage_i/fpu_gen.fpu_i/fpu_gen.i_fpnew_bulk/gen_operation_groups[0].i_opgroup_block/gen_parallel_slices[0].active_format.i_fmt_slice/gen_num_lanes[0].active_lane.lane_instance.i_fma/product/B[17:0] is not pipelined. Pipelining DSP48 input will improve performance.
Related violations: <none>

DPIP-1#3 Warning
Input pipelining  
DSP ex_stage_i/fpu_gen.fpu_i/fpu_gen.i_fpnew_bulk/gen_operation_groups[0].i_opgroup_block/gen_parallel_slices[0].active_format.i_fmt_slice/gen_num_lanes[0].active_lane.lane_instance.i_fma/product__0 input ex_stage_i/fpu_gen.fpu_i/fpu_gen.i_fpnew_bulk/gen_operation_groups[0].i_opgroup_block/gen_parallel_slices[0].active_format.i_fmt_slice/gen_num_lanes[0].active_lane.lane_instance.i_fma/product__0/B[17:0] is not pipelined. Pipelining DSP48 input will improve performance.
Related violations: <none>

DPIP-1#4 Warning
Input pipelining  
DSP ex_stage_i/i_mult/i_multiplier/mult_result_d input ex_stage_i/i_mult/i_multiplier/mult_result_d/A[29:0] is not pipelined. Pipelining DSP48 input will improve performance.
Related violations: <none>

DPIP-1#5 Warning
Input pipelining  
DSP ex_stage_i/i_mult/i_multiplier/mult_result_d input ex_stage_i/i_mult/i_multiplier/mult_result_d/B[17:0] is not pipelined. Pipelining DSP48 input will improve performance.
Related violations: <none>

DPIP-1#6 Warning
Input pipelining  
DSP ex_stage_i/i_mult/i_multiplier/mult_result_d__0 input ex_stage_i/i_mult/i_multiplier/mult_result_d__0/A[29:0] is not pipelined. Pipelining DSP48 input will improve performance.
Related violations: <none>

DPIP-1#7 Warning
Input pipelining  
DSP ex_stage_i/i_mult/i_multiplier/mult_result_d__0 input ex_stage_i/i_mult/i_multiplier/mult_result_d__0/B[17:0] is not pipelined. Pipelining DSP48 input will improve performance.
Related violations: <none>

DPIP-1#8 Warning
Input pipelining  
DSP ex_stage_i/i_mult/i_multiplier/mult_result_d__1 input ex_stage_i/i_mult/i_multiplier/mult_result_d__1/A[29:0] is not pipelined. Pipelining DSP48 input will improve performance.
Related violations: <none>

DPIP-1#9 Warning
Input pipelining  
DSP ex_stage_i/i_mult/i_multiplier/mult_result_d__1 input ex_stage_i/i_mult/i_multiplier/mult_result_d__1/B[17:0] is not pipelined. Pipelining DSP48 input will improve performance.
Related violations: <none>

DPIP-1#10 Warning
Input pipelining  
DSP ex_stage_i/i_mult/i_multiplier/mult_result_d__2 input ex_stage_i/i_mult/i_multiplier/mult_result_d__2/A[29:0] is not pipelined. Pipelining DSP48 input will improve performance.
Related violations: <none>

DPIP-1#11 Warning
Input pipelining  
DSP ex_stage_i/i_mult/i_multiplier/mult_result_d__2 input ex_stage_i/i_mult/i_multiplier/mult_result_d__2/B[17:0] is not pipelined. Pipelining DSP48 input will improve performance.
Related violations: <none>

DPOP-1#1 Warning
PREG Output pipelining  
DSP ex_stage_i/fpu_gen.fpu_i/fpu_gen.i_fpnew_bulk/gen_operation_groups[0].i_opgroup_block/gen_parallel_slices[0].active_format.i_fmt_slice/gen_num_lanes[0].active_lane.lane_instance.i_fma/product output ex_stage_i/fpu_gen.fpu_i/fpu_gen.i_fpnew_bulk/gen_operation_groups[0].i_opgroup_block/gen_parallel_slices[0].active_format.i_fmt_slice/gen_num_lanes[0].active_lane.lane_instance.i_fma/product/P[47:0] is not pipelined (PREG=0). Pipelining the DSP48 output will improve performance and often saves power so it is suggested whenever possible to fully pipeline this function.  If this DSP48 function was inferred, it is suggested to describe an additional register stage after this function.  If the DSP48 was instantiated in the design, it is suggested to set the PREG attribute to 1.
Related violations: <none>

DPOP-1#2 Warning
PREG Output pipelining  
DSP ex_stage_i/fpu_gen.fpu_i/fpu_gen.i_fpnew_bulk/gen_operation_groups[0].i_opgroup_block/gen_parallel_slices[0].active_format.i_fmt_slice/gen_num_lanes[0].active_lane.lane_instance.i_fma/product__0 output ex_stage_i/fpu_gen.fpu_i/fpu_gen.i_fpnew_bulk/gen_operation_groups[0].i_opgroup_block/gen_parallel_slices[0].active_format.i_fmt_slice/gen_num_lanes[0].active_lane.lane_instance.i_fma/product__0/P[47:0] is not pipelined (PREG=0). Pipelining the DSP48 output will improve performance and often saves power so it is suggested whenever possible to fully pipeline this function.  If this DSP48 function was inferred, it is suggested to describe an additional register stage after this function.  If the DSP48 was instantiated in the design, it is suggested to set the PREG attribute to 1.
Related violations: <none>

DPOP-1#3 Warning
PREG Output pipelining  
DSP ex_stage_i/i_mult/i_multiplier/mult_result_d output ex_stage_i/i_mult/i_multiplier/mult_result_d/P[47:0] is not pipelined (PREG=0). Pipelining the DSP48 output will improve performance and often saves power so it is suggested whenever possible to fully pipeline this function.  If this DSP48 function was inferred, it is suggested to describe an additional register stage after this function.  If the DSP48 was instantiated in the design, it is suggested to set the PREG attribute to 1.
Related violations: <none>

DPOP-1#4 Warning
PREG Output pipelining  
DSP ex_stage_i/i_mult/i_multiplier/mult_result_d__1 output ex_stage_i/i_mult/i_multiplier/mult_result_d__1/P[47:0] is not pipelined (PREG=0). Pipelining the DSP48 output will improve performance and often saves power so it is suggested whenever possible to fully pipeline this function.  If this DSP48 function was inferred, it is suggested to describe an additional register stage after this function.  If the DSP48 was instantiated in the design, it is suggested to set the PREG attribute to 1.
Related violations: <none>

DPOP-2#1 Warning
MREG Output pipelining  
DSP ex_stage_i/fpu_gen.fpu_i/fpu_gen.i_fpnew_bulk/gen_operation_groups[0].i_opgroup_block/gen_parallel_slices[0].active_format.i_fmt_slice/gen_num_lanes[0].active_lane.lane_instance.i_fma/product multiplier stage ex_stage_i/fpu_gen.fpu_i/fpu_gen.i_fpnew_bulk/gen_operation_groups[0].i_opgroup_block/gen_parallel_slices[0].active_format.i_fmt_slice/gen_num_lanes[0].active_lane.lane_instance.i_fma/product/P[47:0] is not pipelined (MREG=0). Pipelining the multiplier function will improve performance and will save significant power so it is suggested whenever possible to fully pipeline this function.  If this multiplier was inferred, it is suggested to describe an additional register stage after this function.  If there is no registered adder/accumulator following the multiply function, two pipeline stages are suggested to allow both the MREG and PREG registers to be used.  If the DSP48 was instantiated in the design, it is suggested to set both the MREG and PREG attributes to 1 when performing multiply functions.
Related violations: <none>

DPOP-2#2 Warning
MREG Output pipelining  
DSP ex_stage_i/fpu_gen.fpu_i/fpu_gen.i_fpnew_bulk/gen_operation_groups[0].i_opgroup_block/gen_parallel_slices[0].active_format.i_fmt_slice/gen_num_lanes[0].active_lane.lane_instance.i_fma/product__0 multiplier stage ex_stage_i/fpu_gen.fpu_i/fpu_gen.i_fpnew_bulk/gen_operation_groups[0].i_opgroup_block/gen_parallel_slices[0].active_format.i_fmt_slice/gen_num_lanes[0].active_lane.lane_instance.i_fma/product__0/P[47:0] is not pipelined (MREG=0). Pipelining the multiplier function will improve performance and will save significant power so it is suggested whenever possible to fully pipeline this function.  If this multiplier was inferred, it is suggested to describe an additional register stage after this function.  If there is no registered adder/accumulator following the multiply function, two pipeline stages are suggested to allow both the MREG and PREG registers to be used.  If the DSP48 was instantiated in the design, it is suggested to set both the MREG and PREG attributes to 1 when performing multiply functions.
Related violations: <none>

DPOP-2#3 Warning
MREG Output pipelining  
DSP ex_stage_i/i_mult/i_multiplier/mult_result_d multiplier stage ex_stage_i/i_mult/i_multiplier/mult_result_d/P[47:0] is not pipelined (MREG=0). Pipelining the multiplier function will improve performance and will save significant power so it is suggested whenever possible to fully pipeline this function.  If this multiplier was inferred, it is suggested to describe an additional register stage after this function.  If there is no registered adder/accumulator following the multiply function, two pipeline stages are suggested to allow both the MREG and PREG registers to be used.  If the DSP48 was instantiated in the design, it is suggested to set both the MREG and PREG attributes to 1 when performing multiply functions.
Related violations: <none>

DPOP-2#4 Warning
MREG Output pipelining  
DSP ex_stage_i/i_mult/i_multiplier/mult_result_d__0 multiplier stage ex_stage_i/i_mult/i_multiplier/mult_result_d__0/P[47:0] is not pipelined (MREG=0). Pipelining the multiplier function will improve performance and will save significant power so it is suggested whenever possible to fully pipeline this function.  If this multiplier was inferred, it is suggested to describe an additional register stage after this function.  If there is no registered adder/accumulator following the multiply function, two pipeline stages are suggested to allow both the MREG and PREG registers to be used.  If the DSP48 was instantiated in the design, it is suggested to set both the MREG and PREG attributes to 1 when performing multiply functions.
Related violations: <none>

DPOP-2#5 Warning
MREG Output pipelining  
DSP ex_stage_i/i_mult/i_multiplier/mult_result_d__1 multiplier stage ex_stage_i/i_mult/i_multiplier/mult_result_d__1/P[47:0] is not pipelined (MREG=0). Pipelining the multiplier function will improve performance and will save significant power so it is suggested whenever possible to fully pipeline this function.  If this multiplier was inferred, it is suggested to describe an additional register stage after this function.  If there is no registered adder/accumulator following the multiply function, two pipeline stages are suggested to allow both the MREG and PREG registers to be used.  If the DSP48 was instantiated in the design, it is suggested to set both the MREG and PREG attributes to 1 when performing multiply functions.
Related violations: <none>

DPOP-2#6 Warning
MREG Output pipelining  
DSP ex_stage_i/i_mult/i_multiplier/mult_result_d__2 multiplier stage ex_stage_i/i_mult/i_multiplier/mult_result_d__2/P[47:0] is not pipelined (MREG=0). Pipelining the multiplier function will improve performance and will save significant power so it is suggested whenever possible to fully pipeline this function.  If this multiplier was inferred, it is suggested to describe an additional register stage after this function.  If there is no registered adder/accumulator following the multiply function, two pipeline stages are suggested to allow both the MREG and PREG registers to be used.  If the DSP48 was instantiated in the design, it is suggested to set both the MREG and PREG attributes to 1 when performing multiply functions.
Related violations: <none>

DPOR-1#1 Warning
Asynchronous load check  
DSP ex_stage_i/i_mult/i_multiplier/mult_result_d output is connected to registers with an asynchronous reset (ex_stage_i/i_mult/i_multiplier/mult_result_q_reg[0]). This is preventing the possibility of merging these registers in to the DSP Block since the DSP block registers only possess synchronous reset capability.  It is suggested to recode or change these registers to remove the reset or use a synchronous reset to get the best optimization for performance, power and area.
Related violations: <none>

DPOR-1#2 Warning
Asynchronous load check  
DSP ex_stage_i/i_mult/i_multiplier/mult_result_d output is connected to registers with an asynchronous reset (ex_stage_i/i_mult/i_multiplier/mult_result_q_reg[10]). This is preventing the possibility of merging these registers in to the DSP Block since the DSP block registers only possess synchronous reset capability.  It is suggested to recode or change these registers to remove the reset or use a synchronous reset to get the best optimization for performance, power and area.
Related violations: <none>

DPOR-1#3 Warning
Asynchronous load check  
DSP ex_stage_i/i_mult/i_multiplier/mult_result_d output is connected to registers with an asynchronous reset (ex_stage_i/i_mult/i_multiplier/mult_result_q_reg[11]). This is preventing the possibility of merging these registers in to the DSP Block since the DSP block registers only possess synchronous reset capability.  It is suggested to recode or change these registers to remove the reset or use a synchronous reset to get the best optimization for performance, power and area.
Related violations: <none>

DPOR-1#4 Warning
Asynchronous load check  
DSP ex_stage_i/i_mult/i_multiplier/mult_result_d output is connected to registers with an asynchronous reset (ex_stage_i/i_mult/i_multiplier/mult_result_q_reg[12]). This is preventing the possibility of merging these registers in to the DSP Block since the DSP block registers only possess synchronous reset capability.  It is suggested to recode or change these registers to remove the reset or use a synchronous reset to get the best optimization for performance, power and area.
Related violations: <none>

DPOR-1#5 Warning
Asynchronous load check  
DSP ex_stage_i/i_mult/i_multiplier/mult_result_d output is connected to registers with an asynchronous reset (ex_stage_i/i_mult/i_multiplier/mult_result_q_reg[13]). This is preventing the possibility of merging these registers in to the DSP Block since the DSP block registers only possess synchronous reset capability.  It is suggested to recode or change these registers to remove the reset or use a synchronous reset to get the best optimization for performance, power and area.
Related violations: <none>

DPOR-1#6 Warning
Asynchronous load check  
DSP ex_stage_i/i_mult/i_multiplier/mult_result_d output is connected to registers with an asynchronous reset (ex_stage_i/i_mult/i_multiplier/mult_result_q_reg[14]). This is preventing the possibility of merging these registers in to the DSP Block since the DSP block registers only possess synchronous reset capability.  It is suggested to recode or change these registers to remove the reset or use a synchronous reset to get the best optimization for performance, power and area.
Related violations: <none>

DPOR-1#7 Warning
Asynchronous load check  
DSP ex_stage_i/i_mult/i_multiplier/mult_result_d output is connected to registers with an asynchronous reset (ex_stage_i/i_mult/i_multiplier/mult_result_q_reg[15]). This is preventing the possibility of merging these registers in to the DSP Block since the DSP block registers only possess synchronous reset capability.  It is suggested to recode or change these registers to remove the reset or use a synchronous reset to get the best optimization for performance, power and area.
Related violations: <none>

DPOR-1#8 Warning
Asynchronous load check  
DSP ex_stage_i/i_mult/i_multiplier/mult_result_d output is connected to registers with an asynchronous reset (ex_stage_i/i_mult/i_multiplier/mult_result_q_reg[16]). This is preventing the possibility of merging these registers in to the DSP Block since the DSP block registers only possess synchronous reset capability.  It is suggested to recode or change these registers to remove the reset or use a synchronous reset to get the best optimization for performance, power and area.
Related violations: <none>

DPOR-1#9 Warning
Asynchronous load check  
DSP ex_stage_i/i_mult/i_multiplier/mult_result_d output is connected to registers with an asynchronous reset (ex_stage_i/i_mult/i_multiplier/mult_result_q_reg[1]). This is preventing the possibility of merging these registers in to the DSP Block since the DSP block registers only possess synchronous reset capability.  It is suggested to recode or change these registers to remove the reset or use a synchronous reset to get the best optimization for performance, power and area.
Related violations: <none>

DPOR-1#10 Warning
Asynchronous load check  
DSP ex_stage_i/i_mult/i_multiplier/mult_result_d output is connected to registers with an asynchronous reset (ex_stage_i/i_mult/i_multiplier/mult_result_q_reg[2]). This is preventing the possibility of merging these registers in to the DSP Block since the DSP block registers only possess synchronous reset capability.  It is suggested to recode or change these registers to remove the reset or use a synchronous reset to get the best optimization for performance, power and area.
Related violations: <none>

DPOR-1#11 Warning
Asynchronous load check  
DSP ex_stage_i/i_mult/i_multiplier/mult_result_d output is connected to registers with an asynchronous reset (ex_stage_i/i_mult/i_multiplier/mult_result_q_reg[3]). This is preventing the possibility of merging these registers in to the DSP Block since the DSP block registers only possess synchronous reset capability.  It is suggested to recode or change these registers to remove the reset or use a synchronous reset to get the best optimization for performance, power and area.
Related violations: <none>

DPOR-1#12 Warning
Asynchronous load check  
DSP ex_stage_i/i_mult/i_multiplier/mult_result_d output is connected to registers with an asynchronous reset (ex_stage_i/i_mult/i_multiplier/mult_result_q_reg[4]). This is preventing the possibility of merging these registers in to the DSP Block since the DSP block registers only possess synchronous reset capability.  It is suggested to recode or change these registers to remove the reset or use a synchronous reset to get the best optimization for performance, power and area.
Related violations: <none>

DPOR-1#13 Warning
Asynchronous load check  
DSP ex_stage_i/i_mult/i_multiplier/mult_result_d output is connected to registers with an asynchronous reset (ex_stage_i/i_mult/i_multiplier/mult_result_q_reg[5]). This is preventing the possibility of merging these registers in to the DSP Block since the DSP block registers only possess synchronous reset capability.  It is suggested to recode or change these registers to remove the reset or use a synchronous reset to get the best optimization for performance, power and area.
Related violations: <none>

DPOR-1#14 Warning
Asynchronous load check  
DSP ex_stage_i/i_mult/i_multiplier/mult_result_d output is connected to registers with an asynchronous reset (ex_stage_i/i_mult/i_multiplier/mult_result_q_reg[6]). This is preventing the possibility of merging these registers in to the DSP Block since the DSP block registers only possess synchronous reset capability.  It is suggested to recode or change these registers to remove the reset or use a synchronous reset to get the best optimization for performance, power and area.
Related violations: <none>

DPOR-1#15 Warning
Asynchronous load check  
DSP ex_stage_i/i_mult/i_multiplier/mult_result_d output is connected to registers with an asynchronous reset (ex_stage_i/i_mult/i_multiplier/mult_result_q_reg[7]). This is preventing the possibility of merging these registers in to the DSP Block since the DSP block registers only possess synchronous reset capability.  It is suggested to recode or change these registers to remove the reset or use a synchronous reset to get the best optimization for performance, power and area.
Related violations: <none>

DPOR-1#16 Warning
Asynchronous load check  
DSP ex_stage_i/i_mult/i_multiplier/mult_result_d output is connected to registers with an asynchronous reset (ex_stage_i/i_mult/i_multiplier/mult_result_q_reg[8]). This is preventing the possibility of merging these registers in to the DSP Block since the DSP block registers only possess synchronous reset capability.  It is suggested to recode or change these registers to remove the reset or use a synchronous reset to get the best optimization for performance, power and area.
Related violations: <none>

DPOR-1#17 Warning
Asynchronous load check  
DSP ex_stage_i/i_mult/i_multiplier/mult_result_d output is connected to registers with an asynchronous reset (ex_stage_i/i_mult/i_multiplier/mult_result_q_reg[9]). This is preventing the possibility of merging these registers in to the DSP Block since the DSP block registers only possess synchronous reset capability.  It is suggested to recode or change these registers to remove the reset or use a synchronous reset to get the best optimization for performance, power and area.
Related violations: <none>

DPOR-1#18 Warning
Asynchronous load check  
DSP ex_stage_i/i_mult/i_multiplier/mult_result_d__1 output is connected to registers with an asynchronous reset (ex_stage_i/i_mult/i_multiplier/mult_result_q_reg[0]__1). This is preventing the possibility of merging these registers in to the DSP Block since the DSP block registers only possess synchronous reset capability.  It is suggested to recode or change these registers to remove the reset or use a synchronous reset to get the best optimization for performance, power and area.
Related violations: <none>

DPOR-1#19 Warning
Asynchronous load check  
DSP ex_stage_i/i_mult/i_multiplier/mult_result_d__1 output is connected to registers with an asynchronous reset (ex_stage_i/i_mult/i_multiplier/mult_result_q_reg[10]__1). This is preventing the possibility of merging these registers in to the DSP Block since the DSP block registers only possess synchronous reset capability.  It is suggested to recode or change these registers to remove the reset or use a synchronous reset to get the best optimization for performance, power and area.
Related violations: <none>

DPOR-1#20 Warning
Asynchronous load check  
DSP ex_stage_i/i_mult/i_multiplier/mult_result_d__1 output is connected to registers with an asynchronous reset (ex_stage_i/i_mult/i_multiplier/mult_result_q_reg[11]__1). This is preventing the possibility of merging these registers in to the DSP Block since the DSP block registers only possess synchronous reset capability.  It is suggested to recode or change these registers to remove the reset or use a synchronous reset to get the best optimization for performance, power and area.
Related violations: <none>

DPOR-1#21 Warning
Asynchronous load check  
DSP ex_stage_i/i_mult/i_multiplier/mult_result_d__1 output is connected to registers with an asynchronous reset (ex_stage_i/i_mult/i_multiplier/mult_result_q_reg[12]__1). This is preventing the possibility of merging these registers in to the DSP Block since the DSP block registers only possess synchronous reset capability.  It is suggested to recode or change these registers to remove the reset or use a synchronous reset to get the best optimization for performance, power and area.
Related violations: <none>

DPOR-1#22 Warning
Asynchronous load check  
DSP ex_stage_i/i_mult/i_multiplier/mult_result_d__1 output is connected to registers with an asynchronous reset (ex_stage_i/i_mult/i_multiplier/mult_result_q_reg[13]__1). This is preventing the possibility of merging these registers in to the DSP Block since the DSP block registers only possess synchronous reset capability.  It is suggested to recode or change these registers to remove the reset or use a synchronous reset to get the best optimization for performance, power and area.
Related violations: <none>

DPOR-1#23 Warning
Asynchronous load check  
DSP ex_stage_i/i_mult/i_multiplier/mult_result_d__1 output is connected to registers with an asynchronous reset (ex_stage_i/i_mult/i_multiplier/mult_result_q_reg[14]__1). This is preventing the possibility of merging these registers in to the DSP Block since the DSP block registers only possess synchronous reset capability.  It is suggested to recode or change these registers to remove the reset or use a synchronous reset to get the best optimization for performance, power and area.
Related violations: <none>

DPOR-1#24 Warning
Asynchronous load check  
DSP ex_stage_i/i_mult/i_multiplier/mult_result_d__1 output is connected to registers with an asynchronous reset (ex_stage_i/i_mult/i_multiplier/mult_result_q_reg[15]__1). This is preventing the possibility of merging these registers in to the DSP Block since the DSP block registers only possess synchronous reset capability.  It is suggested to recode or change these registers to remove the reset or use a synchronous reset to get the best optimization for performance, power and area.
Related violations: <none>

DPOR-1#25 Warning
Asynchronous load check  
DSP ex_stage_i/i_mult/i_multiplier/mult_result_d__1 output is connected to registers with an asynchronous reset (ex_stage_i/i_mult/i_multiplier/mult_result_q_reg[16]__1). This is preventing the possibility of merging these registers in to the DSP Block since the DSP block registers only possess synchronous reset capability.  It is suggested to recode or change these registers to remove the reset or use a synchronous reset to get the best optimization for performance, power and area.
Related violations: <none>

DPOR-1#26 Warning
Asynchronous load check  
DSP ex_stage_i/i_mult/i_multiplier/mult_result_d__1 output is connected to registers with an asynchronous reset (ex_stage_i/i_mult/i_multiplier/mult_result_q_reg[1]__1). This is preventing the possibility of merging these registers in to the DSP Block since the DSP block registers only possess synchronous reset capability.  It is suggested to recode or change these registers to remove the reset or use a synchronous reset to get the best optimization for performance, power and area.
Related violations: <none>

DPOR-1#27 Warning
Asynchronous load check  
DSP ex_stage_i/i_mult/i_multiplier/mult_result_d__1 output is connected to registers with an asynchronous reset (ex_stage_i/i_mult/i_multiplier/mult_result_q_reg[2]__1). This is preventing the possibility of merging these registers in to the DSP Block since the DSP block registers only possess synchronous reset capability.  It is suggested to recode or change these registers to remove the reset or use a synchronous reset to get the best optimization for performance, power and area.
Related violations: <none>

DPOR-1#28 Warning
Asynchronous load check  
DSP ex_stage_i/i_mult/i_multiplier/mult_result_d__1 output is connected to registers with an asynchronous reset (ex_stage_i/i_mult/i_multiplier/mult_result_q_reg[3]__1). This is preventing the possibility of merging these registers in to the DSP Block since the DSP block registers only possess synchronous reset capability.  It is suggested to recode or change these registers to remove the reset or use a synchronous reset to get the best optimization for performance, power and area.
Related violations: <none>

DPOR-1#29 Warning
Asynchronous load check  
DSP ex_stage_i/i_mult/i_multiplier/mult_result_d__1 output is connected to registers with an asynchronous reset (ex_stage_i/i_mult/i_multiplier/mult_result_q_reg[4]__1). This is preventing the possibility of merging these registers in to the DSP Block since the DSP block registers only possess synchronous reset capability.  It is suggested to recode or change these registers to remove the reset or use a synchronous reset to get the best optimization for performance, power and area.
Related violations: <none>

DPOR-1#30 Warning
Asynchronous load check  
DSP ex_stage_i/i_mult/i_multiplier/mult_result_d__1 output is connected to registers with an asynchronous reset (ex_stage_i/i_mult/i_multiplier/mult_result_q_reg[5]__1). This is preventing the possibility of merging these registers in to the DSP Block since the DSP block registers only possess synchronous reset capability.  It is suggested to recode or change these registers to remove the reset or use a synchronous reset to get the best optimization for performance, power and area.
Related violations: <none>

DPOR-1#31 Warning
Asynchronous load check  
DSP ex_stage_i/i_mult/i_multiplier/mult_result_d__1 output is connected to registers with an asynchronous reset (ex_stage_i/i_mult/i_multiplier/mult_result_q_reg[6]__1). This is preventing the possibility of merging these registers in to the DSP Block since the DSP block registers only possess synchronous reset capability.  It is suggested to recode or change these registers to remove the reset or use a synchronous reset to get the best optimization for performance, power and area.
Related violations: <none>

DPOR-1#32 Warning
Asynchronous load check  
DSP ex_stage_i/i_mult/i_multiplier/mult_result_d__1 output is connected to registers with an asynchronous reset (ex_stage_i/i_mult/i_multiplier/mult_result_q_reg[7]__1). This is preventing the possibility of merging these registers in to the DSP Block since the DSP block registers only possess synchronous reset capability.  It is suggested to recode or change these registers to remove the reset or use a synchronous reset to get the best optimization for performance, power and area.
Related violations: <none>

DPOR-1#33 Warning
Asynchronous load check  
DSP ex_stage_i/i_mult/i_multiplier/mult_result_d__1 output is connected to registers with an asynchronous reset (ex_stage_i/i_mult/i_multiplier/mult_result_q_reg[8]__1). This is preventing the possibility of merging these registers in to the DSP Block since the DSP block registers only possess synchronous reset capability.  It is suggested to recode or change these registers to remove the reset or use a synchronous reset to get the best optimization for performance, power and area.
Related violations: <none>

DPOR-1#34 Warning
Asynchronous load check  
DSP ex_stage_i/i_mult/i_multiplier/mult_result_d__1 output is connected to registers with an asynchronous reset (ex_stage_i/i_mult/i_multiplier/mult_result_q_reg[9]__1). This is preventing the possibility of merging these registers in to the DSP Block since the DSP block registers only possess synchronous reset capability.  It is suggested to recode or change these registers to remove the reset or use a synchronous reset to get the best optimization for performance, power and area.
Related violations: <none>

REQP-1839#1 Warning
RAMB36 async control check  
The RAMB36E1 gen_cache_hpd.i_cache_subsystem/i_dcache/i_hpdcache/hpdcache_ctrl_i/hpdcache_memctrl_i/gen_data_sram_row[0].gen_data_sram_col[0].gen_data_sram_wbyteenable.data_sram/ram_i/mem_reg_0 has an input control pin gen_cache_hpd.i_cache_subsystem/i_dcache/i_hpdcache/hpdcache_ctrl_i/hpdcache_memctrl_i/gen_data_sram_row[0].gen_data_sram_col[0].gen_data_sram_wbyteenable.data_sram/ram_i/mem_reg_0/ADDRARDADDR[14] (net: gen_cache_hpd.i_cache_subsystem/i_dcache/i_hpdcache/hpdcache_ctrl_i/hpdcache_memctrl_i/gen_data_sram_row[0].gen_data_sram_col[0].gen_data_sram_wbyteenable.data_sram/ram_i/ADDRBWRADDR[8]) which is driven by a register (csr_regfile_i/dcache_q_reg[0]) that has an active asychronous set or reset. This may cause corruption of the memory contents and/or read values when the set/reset is asserted and is not analyzed by the default static timing analysis. It is suggested to eliminate the use of a set/reset to registers driving this RAMB pin or else use a synchronous reset in which the assertion of the reset is timed by default.
Related violations: <none>

REQP-1839#2 Warning
RAMB36 async control check  
The RAMB36E1 gen_cache_hpd.i_cache_subsystem/i_dcache/i_hpdcache/hpdcache_ctrl_i/hpdcache_memctrl_i/gen_data_sram_row[0].gen_data_sram_col[0].gen_data_sram_wbyteenable.data_sram/ram_i/mem_reg_0 has an input control pin gen_cache_hpd.i_cache_subsystem/i_dcache/i_hpdcache/hpdcache_ctrl_i/hpdcache_memctrl_i/gen_data_sram_row[0].gen_data_sram_col[0].gen_data_sram_wbyteenable.data_sram/ram_i/mem_reg_0/ADDRARDADDR[14] (net: gen_cache_hpd.i_cache_subsystem/i_dcache/i_hpdcache/hpdcache_ctrl_i/hpdcache_memctrl_i/gen_data_sram_row[0].gen_data_sram_col[0].gen_data_sram_wbyteenable.data_sram/ram_i/ADDRBWRADDR[8]) which is driven by a register (csr_regfile_i/debug_mode_q_reg) that has an active asychronous set or reset. This may cause corruption of the memory contents and/or read values when the set/reset is asserted and is not analyzed by the default static timing analysis. It is suggested to eliminate the use of a set/reset to registers driving this RAMB pin or else use a synchronous reset in which the assertion of the reset is timed by default.
Related violations: <none>

REQP-1839#3 Warning
RAMB36 async control check  
The RAMB36E1 gen_cache_hpd.i_cache_subsystem/i_dcache/i_hpdcache/hpdcache_ctrl_i/hpdcache_memctrl_i/gen_data_sram_row[0].gen_data_sram_col[0].gen_data_sram_wbyteenable.data_sram/ram_i/mem_reg_0 has an input control pin gen_cache_hpd.i_cache_subsystem/i_dcache/i_hpdcache/hpdcache_ctrl_i/hpdcache_memctrl_i/gen_data_sram_row[0].gen_data_sram_col[0].gen_data_sram_wbyteenable.data_sram/ram_i/mem_reg_0/ADDRARDADDR[14] (net: gen_cache_hpd.i_cache_subsystem/i_dcache/i_hpdcache/hpdcache_ctrl_i/hpdcache_memctrl_i/gen_data_sram_row[0].gen_data_sram_col[0].gen_data_sram_wbyteenable.data_sram/ram_i/ADDRBWRADDR[8]) which is driven by a register (csr_regfile_i/pmpaddr_q_reg[0][0]) that has an active asychronous set or reset. This may cause corruption of the memory contents and/or read values when the set/reset is asserted and is not analyzed by the default static timing analysis. It is suggested to eliminate the use of a set/reset to registers driving this RAMB pin or else use a synchronous reset in which the assertion of the reset is timed by default.
Related violations: <none>

REQP-1839#4 Warning
RAMB36 async control check  
The RAMB36E1 gen_cache_hpd.i_cache_subsystem/i_dcache/i_hpdcache/hpdcache_ctrl_i/hpdcache_memctrl_i/gen_data_sram_row[0].gen_data_sram_col[0].gen_data_sram_wbyteenable.data_sram/ram_i/mem_reg_0 has an input control pin gen_cache_hpd.i_cache_subsystem/i_dcache/i_hpdcache/hpdcache_ctrl_i/hpdcache_memctrl_i/gen_data_sram_row[0].gen_data_sram_col[0].gen_data_sram_wbyteenable.data_sram/ram_i/mem_reg_0/ADDRARDADDR[14] (net: gen_cache_hpd.i_cache_subsystem/i_dcache/i_hpdcache/hpdcache_ctrl_i/hpdcache_memctrl_i/gen_data_sram_row[0].gen_data_sram_col[0].gen_data_sram_wbyteenable.data_sram/ram_i/ADDRBWRADDR[8]) which is driven by a register (csr_regfile_i/pmpaddr_q_reg[0][10]) that has an active asychronous set or reset. This may cause corruption of the memory contents and/or read values when the set/reset is asserted and is not analyzed by the default static timing analysis. It is suggested to eliminate the use of a set/reset to registers driving this RAMB pin or else use a synchronous reset in which the assertion of the reset is timed by default.
Related violations: <none>

REQP-1839#5 Warning
RAMB36 async control check  
The RAMB36E1 gen_cache_hpd.i_cache_subsystem/i_dcache/i_hpdcache/hpdcache_ctrl_i/hpdcache_memctrl_i/gen_data_sram_row[0].gen_data_sram_col[0].gen_data_sram_wbyteenable.data_sram/ram_i/mem_reg_0 has an input control pin gen_cache_hpd.i_cache_subsystem/i_dcache/i_hpdcache/hpdcache_ctrl_i/hpdcache_memctrl_i/gen_data_sram_row[0].gen_data_sram_col[0].gen_data_sram_wbyteenable.data_sram/ram_i/mem_reg_0/ADDRARDADDR[14] (net: gen_cache_hpd.i_cache_subsystem/i_dcache/i_hpdcache/hpdcache_ctrl_i/hpdcache_memctrl_i/gen_data_sram_row[0].gen_data_sram_col[0].gen_data_sram_wbyteenable.data_sram/ram_i/ADDRBWRADDR[8]) which is driven by a register (csr_regfile_i/pmpaddr_q_reg[0][11]) that has an active asychronous set or reset. This may cause corruption of the memory contents and/or read values when the set/reset is asserted and is not analyzed by the default static timing analysis. It is suggested to eliminate the use of a set/reset to registers driving this RAMB pin or else use a synchronous reset in which the assertion of the reset is timed by default.
Related violations: <none>

REQP-1839#6 Warning
RAMB36 async control check  
The RAMB36E1 gen_cache_hpd.i_cache_subsystem/i_dcache/i_hpdcache/hpdcache_ctrl_i/hpdcache_memctrl_i/gen_data_sram_row[0].gen_data_sram_col[0].gen_data_sram_wbyteenable.data_sram/ram_i/mem_reg_0 has an input control pin gen_cache_hpd.i_cache_subsystem/i_dcache/i_hpdcache/hpdcache_ctrl_i/hpdcache_memctrl_i/gen_data_sram_row[0].gen_data_sram_col[0].gen_data_sram_wbyteenable.data_sram/ram_i/mem_reg_0/ADDRARDADDR[14] (net: gen_cache_hpd.i_cache_subsystem/i_dcache/i_hpdcache/hpdcache_ctrl_i/hpdcache_memctrl_i/gen_data_sram_row[0].gen_data_sram_col[0].gen_data_sram_wbyteenable.data_sram/ram_i/ADDRBWRADDR[8]) which is driven by a register (csr_regfile_i/pmpaddr_q_reg[0][12]) that has an active asychronous set or reset. This may cause corruption of the memory contents and/or read values when the set/reset is asserted and is not analyzed by the default static timing analysis. It is suggested to eliminate the use of a set/reset to registers driving this RAMB pin or else use a synchronous reset in which the assertion of the reset is timed by default.
Related violations: <none>

REQP-1839#7 Warning
RAMB36 async control check  
The RAMB36E1 gen_cache_hpd.i_cache_subsystem/i_dcache/i_hpdcache/hpdcache_ctrl_i/hpdcache_memctrl_i/gen_data_sram_row[0].gen_data_sram_col[0].gen_data_sram_wbyteenable.data_sram/ram_i/mem_reg_0 has an input control pin gen_cache_hpd.i_cache_subsystem/i_dcache/i_hpdcache/hpdcache_ctrl_i/hpdcache_memctrl_i/gen_data_sram_row[0].gen_data_sram_col[0].gen_data_sram_wbyteenable.data_sram/ram_i/mem_reg_0/ADDRARDADDR[14] (net: gen_cache_hpd.i_cache_subsystem/i_dcache/i_hpdcache/hpdcache_ctrl_i/hpdcache_memctrl_i/gen_data_sram_row[0].gen_data_sram_col[0].gen_data_sram_wbyteenable.data_sram/ram_i/ADDRBWRADDR[8]) which is driven by a register (csr_regfile_i/pmpaddr_q_reg[0][13]) that has an active asychronous set or reset. This may cause corruption of the memory contents and/or read values when the set/reset is asserted and is not analyzed by the default static timing analysis. It is suggested to eliminate the use of a set/reset to registers driving this RAMB pin or else use a synchronous reset in which the assertion of the reset is timed by default.
Related violations: <none>

REQP-1839#8 Warning
RAMB36 async control check  
The RAMB36E1 gen_cache_hpd.i_cache_subsystem/i_dcache/i_hpdcache/hpdcache_ctrl_i/hpdcache_memctrl_i/gen_data_sram_row[0].gen_data_sram_col[0].gen_data_sram_wbyteenable.data_sram/ram_i/mem_reg_0 has an input control pin gen_cache_hpd.i_cache_subsystem/i_dcache/i_hpdcache/hpdcache_ctrl_i/hpdcache_memctrl_i/gen_data_sram_row[0].gen_data_sram_col[0].gen_data_sram_wbyteenable.data_sram/ram_i/mem_reg_0/ADDRARDADDR[14] (net: gen_cache_hpd.i_cache_subsystem/i_dcache/i_hpdcache/hpdcache_ctrl_i/hpdcache_memctrl_i/gen_data_sram_row[0].gen_data_sram_col[0].gen_data_sram_wbyteenable.data_sram/ram_i/ADDRBWRADDR[8]) which is driven by a register (csr_regfile_i/pmpaddr_q_reg[0][14]) that has an active asychronous set or reset. This may cause corruption of the memory contents and/or read values when the set/reset is asserted and is not analyzed by the default static timing analysis. It is suggested to eliminate the use of a set/reset to registers driving this RAMB pin or else use a synchronous reset in which the assertion of the reset is timed by default.
Related violations: <none>

REQP-1839#9 Warning
RAMB36 async control check  
The RAMB36E1 gen_cache_hpd.i_cache_subsystem/i_dcache/i_hpdcache/hpdcache_ctrl_i/hpdcache_memctrl_i/gen_data_sram_row[0].gen_data_sram_col[0].gen_data_sram_wbyteenable.data_sram/ram_i/mem_reg_0 has an input control pin gen_cache_hpd.i_cache_subsystem/i_dcache/i_hpdcache/hpdcache_ctrl_i/hpdcache_memctrl_i/gen_data_sram_row[0].gen_data_sram_col[0].gen_data_sram_wbyteenable.data_sram/ram_i/mem_reg_0/ADDRARDADDR[14] (net: gen_cache_hpd.i_cache_subsystem/i_dcache/i_hpdcache/hpdcache_ctrl_i/hpdcache_memctrl_i/gen_data_sram_row[0].gen_data_sram_col[0].gen_data_sram_wbyteenable.data_sram/ram_i/ADDRBWRADDR[8]) which is driven by a register (csr_regfile_i/pmpaddr_q_reg[0][15]) that has an active asychronous set or reset. This may cause corruption of the memory contents and/or read values when the set/reset is asserted and is not analyzed by the default static timing analysis. It is suggested to eliminate the use of a set/reset to registers driving this RAMB pin or else use a synchronous reset in which the assertion of the reset is timed by default.
Related violations: <none>

REQP-1839#10 Warning
RAMB36 async control check  
The RAMB36E1 gen_cache_hpd.i_cache_subsystem/i_dcache/i_hpdcache/hpdcache_ctrl_i/hpdcache_memctrl_i/gen_data_sram_row[0].gen_data_sram_col[0].gen_data_sram_wbyteenable.data_sram/ram_i/mem_reg_0 has an input control pin gen_cache_hpd.i_cache_subsystem/i_dcache/i_hpdcache/hpdcache_ctrl_i/hpdcache_memctrl_i/gen_data_sram_row[0].gen_data_sram_col[0].gen_data_sram_wbyteenable.data_sram/ram_i/mem_reg_0/ADDRARDADDR[14] (net: gen_cache_hpd.i_cache_subsystem/i_dcache/i_hpdcache/hpdcache_ctrl_i/hpdcache_memctrl_i/gen_data_sram_row[0].gen_data_sram_col[0].gen_data_sram_wbyteenable.data_sram/ram_i/ADDRBWRADDR[8]) which is driven by a register (csr_regfile_i/pmpaddr_q_reg[0][16]) that has an active asychronous set or reset. This may cause corruption of the memory contents and/or read values when the set/reset is asserted and is not analyzed by the default static timing analysis. It is suggested to eliminate the use of a set/reset to registers driving this RAMB pin or else use a synchronous reset in which the assertion of the reset is timed by default.
Related violations: <none>

REQP-1839#11 Warning
RAMB36 async control check  
The RAMB36E1 gen_cache_hpd.i_cache_subsystem/i_dcache/i_hpdcache/hpdcache_ctrl_i/hpdcache_memctrl_i/gen_data_sram_row[0].gen_data_sram_col[0].gen_data_sram_wbyteenable.data_sram/ram_i/mem_reg_0 has an input control pin gen_cache_hpd.i_cache_subsystem/i_dcache/i_hpdcache/hpdcache_ctrl_i/hpdcache_memctrl_i/gen_data_sram_row[0].gen_data_sram_col[0].gen_data_sram_wbyteenable.data_sram/ram_i/mem_reg_0/ADDRARDADDR[14] (net: gen_cache_hpd.i_cache_subsystem/i_dcache/i_hpdcache/hpdcache_ctrl_i/hpdcache_memctrl_i/gen_data_sram_row[0].gen_data_sram_col[0].gen_data_sram_wbyteenable.data_sram/ram_i/ADDRBWRADDR[8]) which is driven by a register (csr_regfile_i/pmpaddr_q_reg[0][17]) that has an active asychronous set or reset. This may cause corruption of the memory contents and/or read values when the set/reset is asserted and is not analyzed by the default static timing analysis. It is suggested to eliminate the use of a set/reset to registers driving this RAMB pin or else use a synchronous reset in which the assertion of the reset is timed by default.
Related violations: <none>

REQP-1839#12 Warning
RAMB36 async control check  
The RAMB36E1 gen_cache_hpd.i_cache_subsystem/i_dcache/i_hpdcache/hpdcache_ctrl_i/hpdcache_memctrl_i/gen_data_sram_row[0].gen_data_sram_col[0].gen_data_sram_wbyteenable.data_sram/ram_i/mem_reg_0 has an input control pin gen_cache_hpd.i_cache_subsystem/i_dcache/i_hpdcache/hpdcache_ctrl_i/hpdcache_memctrl_i/gen_data_sram_row[0].gen_data_sram_col[0].gen_data_sram_wbyteenable.data_sram/ram_i/mem_reg_0/ADDRARDADDR[14] (net: gen_cache_hpd.i_cache_subsystem/i_dcache/i_hpdcache/hpdcache_ctrl_i/hpdcache_memctrl_i/gen_data_sram_row[0].gen_data_sram_col[0].gen_data_sram_wbyteenable.data_sram/ram_i/ADDRBWRADDR[8]) which is driven by a register (csr_regfile_i/pmpaddr_q_reg[0][18]) that has an active asychronous set or reset. This may cause corruption of the memory contents and/or read values when the set/reset is asserted and is not analyzed by the default static timing analysis. It is suggested to eliminate the use of a set/reset to registers driving this RAMB pin or else use a synchronous reset in which the assertion of the reset is timed by default.
Related violations: <none>

REQP-1839#13 Warning
RAMB36 async control check  
The RAMB36E1 gen_cache_hpd.i_cache_subsystem/i_dcache/i_hpdcache/hpdcache_ctrl_i/hpdcache_memctrl_i/gen_data_sram_row[0].gen_data_sram_col[0].gen_data_sram_wbyteenable.data_sram/ram_i/mem_reg_0 has an input control pin gen_cache_hpd.i_cache_subsystem/i_dcache/i_hpdcache/hpdcache_ctrl_i/hpdcache_memctrl_i/gen_data_sram_row[0].gen_data_sram_col[0].gen_data_sram_wbyteenable.data_sram/ram_i/mem_reg_0/ADDRARDADDR[14] (net: gen_cache_hpd.i_cache_subsystem/i_dcache/i_hpdcache/hpdcache_ctrl_i/hpdcache_memctrl_i/gen_data_sram_row[0].gen_data_sram_col[0].gen_data_sram_wbyteenable.data_sram/ram_i/ADDRBWRADDR[8]) which is driven by a register (csr_regfile_i/pmpaddr_q_reg[0][19]) that has an active asychronous set or reset. This may cause corruption of the memory contents and/or read values when the set/reset is asserted and is not analyzed by the default static timing analysis. It is suggested to eliminate the use of a set/reset to registers driving this RAMB pin or else use a synchronous reset in which the assertion of the reset is timed by default.
Related violations: <none>

REQP-1839#14 Warning
RAMB36 async control check  
The RAMB36E1 gen_cache_hpd.i_cache_subsystem/i_dcache/i_hpdcache/hpdcache_ctrl_i/hpdcache_memctrl_i/gen_data_sram_row[0].gen_data_sram_col[0].gen_data_sram_wbyteenable.data_sram/ram_i/mem_reg_0 has an input control pin gen_cache_hpd.i_cache_subsystem/i_dcache/i_hpdcache/hpdcache_ctrl_i/hpdcache_memctrl_i/gen_data_sram_row[0].gen_data_sram_col[0].gen_data_sram_wbyteenable.data_sram/ram_i/mem_reg_0/ADDRARDADDR[14] (net: gen_cache_hpd.i_cache_subsystem/i_dcache/i_hpdcache/hpdcache_ctrl_i/hpdcache_memctrl_i/gen_data_sram_row[0].gen_data_sram_col[0].gen_data_sram_wbyteenable.data_sram/ram_i/ADDRBWRADDR[8]) which is driven by a register (csr_regfile_i/pmpaddr_q_reg[0][1]) that has an active asychronous set or reset. This may cause corruption of the memory contents and/or read values when the set/reset is asserted and is not analyzed by the default static timing analysis. It is suggested to eliminate the use of a set/reset to registers driving this RAMB pin or else use a synchronous reset in which the assertion of the reset is timed by default.
Related violations: <none>

REQP-1839#15 Warning
RAMB36 async control check  
The RAMB36E1 gen_cache_hpd.i_cache_subsystem/i_dcache/i_hpdcache/hpdcache_ctrl_i/hpdcache_memctrl_i/gen_data_sram_row[0].gen_data_sram_col[0].gen_data_sram_wbyteenable.data_sram/ram_i/mem_reg_0 has an input control pin gen_cache_hpd.i_cache_subsystem/i_dcache/i_hpdcache/hpdcache_ctrl_i/hpdcache_memctrl_i/gen_data_sram_row[0].gen_data_sram_col[0].gen_data_sram_wbyteenable.data_sram/ram_i/mem_reg_0/ADDRARDADDR[14] (net: gen_cache_hpd.i_cache_subsystem/i_dcache/i_hpdcache/hpdcache_ctrl_i/hpdcache_memctrl_i/gen_data_sram_row[0].gen_data_sram_col[0].gen_data_sram_wbyteenable.data_sram/ram_i/ADDRBWRADDR[8]) which is driven by a register (csr_regfile_i/pmpaddr_q_reg[0][20]) that has an active asychronous set or reset. This may cause corruption of the memory contents and/or read values when the set/reset is asserted and is not analyzed by the default static timing analysis. It is suggested to eliminate the use of a set/reset to registers driving this RAMB pin or else use a synchronous reset in which the assertion of the reset is timed by default.
Related violations: <none>

REQP-1839#16 Warning
RAMB36 async control check  
The RAMB36E1 gen_cache_hpd.i_cache_subsystem/i_dcache/i_hpdcache/hpdcache_ctrl_i/hpdcache_memctrl_i/gen_data_sram_row[0].gen_data_sram_col[0].gen_data_sram_wbyteenable.data_sram/ram_i/mem_reg_0 has an input control pin gen_cache_hpd.i_cache_subsystem/i_dcache/i_hpdcache/hpdcache_ctrl_i/hpdcache_memctrl_i/gen_data_sram_row[0].gen_data_sram_col[0].gen_data_sram_wbyteenable.data_sram/ram_i/mem_reg_0/ADDRARDADDR[14] (net: gen_cache_hpd.i_cache_subsystem/i_dcache/i_hpdcache/hpdcache_ctrl_i/hpdcache_memctrl_i/gen_data_sram_row[0].gen_data_sram_col[0].gen_data_sram_wbyteenable.data_sram/ram_i/ADDRBWRADDR[8]) which is driven by a register (csr_regfile_i/pmpaddr_q_reg[0][21]) that has an active asychronous set or reset. This may cause corruption of the memory contents and/or read values when the set/reset is asserted and is not analyzed by the default static timing analysis. It is suggested to eliminate the use of a set/reset to registers driving this RAMB pin or else use a synchronous reset in which the assertion of the reset is timed by default.
Related violations: <none>

REQP-1839#17 Warning
RAMB36 async control check  
The RAMB36E1 gen_cache_hpd.i_cache_subsystem/i_dcache/i_hpdcache/hpdcache_ctrl_i/hpdcache_memctrl_i/gen_data_sram_row[0].gen_data_sram_col[0].gen_data_sram_wbyteenable.data_sram/ram_i/mem_reg_0 has an input control pin gen_cache_hpd.i_cache_subsystem/i_dcache/i_hpdcache/hpdcache_ctrl_i/hpdcache_memctrl_i/gen_data_sram_row[0].gen_data_sram_col[0].gen_data_sram_wbyteenable.data_sram/ram_i/mem_reg_0/ADDRARDADDR[14] (net: gen_cache_hpd.i_cache_subsystem/i_dcache/i_hpdcache/hpdcache_ctrl_i/hpdcache_memctrl_i/gen_data_sram_row[0].gen_data_sram_col[0].gen_data_sram_wbyteenable.data_sram/ram_i/ADDRBWRADDR[8]) which is driven by a register (csr_regfile_i/pmpaddr_q_reg[0][22]) that has an active asychronous set or reset. This may cause corruption of the memory contents and/or read values when the set/reset is asserted and is not analyzed by the default static timing analysis. It is suggested to eliminate the use of a set/reset to registers driving this RAMB pin or else use a synchronous reset in which the assertion of the reset is timed by default.
Related violations: <none>

REQP-1839#18 Warning
RAMB36 async control check  
The RAMB36E1 gen_cache_hpd.i_cache_subsystem/i_dcache/i_hpdcache/hpdcache_ctrl_i/hpdcache_memctrl_i/gen_data_sram_row[0].gen_data_sram_col[0].gen_data_sram_wbyteenable.data_sram/ram_i/mem_reg_0 has an input control pin gen_cache_hpd.i_cache_subsystem/i_dcache/i_hpdcache/hpdcache_ctrl_i/hpdcache_memctrl_i/gen_data_sram_row[0].gen_data_sram_col[0].gen_data_sram_wbyteenable.data_sram/ram_i/mem_reg_0/ADDRARDADDR[14] (net: gen_cache_hpd.i_cache_subsystem/i_dcache/i_hpdcache/hpdcache_ctrl_i/hpdcache_memctrl_i/gen_data_sram_row[0].gen_data_sram_col[0].gen_data_sram_wbyteenable.data_sram/ram_i/ADDRBWRADDR[8]) which is driven by a register (csr_regfile_i/pmpaddr_q_reg[0][23]) that has an active asychronous set or reset. This may cause corruption of the memory contents and/or read values when the set/reset is asserted and is not analyzed by the default static timing analysis. It is suggested to eliminate the use of a set/reset to registers driving this RAMB pin or else use a synchronous reset in which the assertion of the reset is timed by default.
Related violations: <none>

REQP-1839#19 Warning
RAMB36 async control check  
The RAMB36E1 gen_cache_hpd.i_cache_subsystem/i_dcache/i_hpdcache/hpdcache_ctrl_i/hpdcache_memctrl_i/gen_data_sram_row[0].gen_data_sram_col[0].gen_data_sram_wbyteenable.data_sram/ram_i/mem_reg_0 has an input control pin gen_cache_hpd.i_cache_subsystem/i_dcache/i_hpdcache/hpdcache_ctrl_i/hpdcache_memctrl_i/gen_data_sram_row[0].gen_data_sram_col[0].gen_data_sram_wbyteenable.data_sram/ram_i/mem_reg_0/ADDRARDADDR[14] (net: gen_cache_hpd.i_cache_subsystem/i_dcache/i_hpdcache/hpdcache_ctrl_i/hpdcache_memctrl_i/gen_data_sram_row[0].gen_data_sram_col[0].gen_data_sram_wbyteenable.data_sram/ram_i/ADDRBWRADDR[8]) which is driven by a register (csr_regfile_i/pmpaddr_q_reg[0][24]) that has an active asychronous set or reset. This may cause corruption of the memory contents and/or read values when the set/reset is asserted and is not analyzed by the default static timing analysis. It is suggested to eliminate the use of a set/reset to registers driving this RAMB pin or else use a synchronous reset in which the assertion of the reset is timed by default.
Related violations: <none>

REQP-1839#20 Warning
RAMB36 async control check  
The RAMB36E1 gen_cache_hpd.i_cache_subsystem/i_dcache/i_hpdcache/hpdcache_ctrl_i/hpdcache_memctrl_i/gen_data_sram_row[0].gen_data_sram_col[0].gen_data_sram_wbyteenable.data_sram/ram_i/mem_reg_0 has an input control pin gen_cache_hpd.i_cache_subsystem/i_dcache/i_hpdcache/hpdcache_ctrl_i/hpdcache_memctrl_i/gen_data_sram_row[0].gen_data_sram_col[0].gen_data_sram_wbyteenable.data_sram/ram_i/mem_reg_0/ADDRARDADDR[14] (net: gen_cache_hpd.i_cache_subsystem/i_dcache/i_hpdcache/hpdcache_ctrl_i/hpdcache_memctrl_i/gen_data_sram_row[0].gen_data_sram_col[0].gen_data_sram_wbyteenable.data_sram/ram_i/ADDRBWRADDR[8]) which is driven by a register (csr_regfile_i/pmpaddr_q_reg[0][25]) that has an active asychronous set or reset. This may cause corruption of the memory contents and/or read values when the set/reset is asserted and is not analyzed by the default static timing analysis. It is suggested to eliminate the use of a set/reset to registers driving this RAMB pin or else use a synchronous reset in which the assertion of the reset is timed by default.
Related violations: <none>

REQP-1840#1 Warning
RAMB18 async control check  
The RAMB18E1 i_frontend/btb_gen.i_btb/gen_fpga_btb.gen_btb_ram[0].i_btb_ram/Mem_DP_reg has an input control pin i_frontend/btb_gen.i_btb/gen_fpga_btb.gen_btb_ram[0].i_btb_ram/Mem_DP_reg/ADDRARDADDR[5] (net: i_frontend/btb_gen.i_btb/gen_fpga_btb.gen_btb_ram[0].i_btb_ram/Mem_DP_reg_0[0]) which is driven by a register (gen_cache_hpd.i_cache_subsystem/i_cva6_icache/vaddr_q_reg[2]) that has an active asychronous set or reset. This may cause corruption of the memory contents and/or read values when the set/reset is asserted and is not analyzed by the default static timing analysis. It is suggested to eliminate the use of a set/reset to registers driving this RAMB pin or else use a synchronous reset in which the assertion of the reset is timed by default.
Related violations: <none>

REQP-1840#2 Warning
RAMB18 async control check  
The RAMB18E1 i_frontend/btb_gen.i_btb/gen_fpga_btb.gen_btb_ram[0].i_btb_ram/Mem_DP_reg has an input control pin i_frontend/btb_gen.i_btb/gen_fpga_btb.gen_btb_ram[0].i_btb_ram/Mem_DP_reg/ADDRARDADDR[6] (net: i_frontend/btb_gen.i_btb/gen_fpga_btb.gen_btb_ram[0].i_btb_ram/Mem_DP_reg_0[1]) which is driven by a register (gen_cache_hpd.i_cache_subsystem/i_cva6_icache/vaddr_q_reg[3]) that has an active asychronous set or reset. This may cause corruption of the memory contents and/or read values when the set/reset is asserted and is not analyzed by the default static timing analysis. It is suggested to eliminate the use of a set/reset to registers driving this RAMB pin or else use a synchronous reset in which the assertion of the reset is timed by default.
Related violations: <none>

REQP-1840#3 Warning
RAMB18 async control check  
The RAMB18E1 i_frontend/btb_gen.i_btb/gen_fpga_btb.gen_btb_ram[0].i_btb_ram/Mem_DP_reg has an input control pin i_frontend/btb_gen.i_btb/gen_fpga_btb.gen_btb_ram[0].i_btb_ram/Mem_DP_reg/ADDRARDADDR[7] (net: i_frontend/btb_gen.i_btb/gen_fpga_btb.gen_btb_ram[0].i_btb_ram/Mem_DP_reg_0[2]) which is driven by a register (gen_cache_hpd.i_cache_subsystem/i_cva6_icache/vaddr_q_reg[4]) that has an active asychronous set or reset. This may cause corruption of the memory contents and/or read values when the set/reset is asserted and is not analyzed by the default static timing analysis. It is suggested to eliminate the use of a set/reset to registers driving this RAMB pin or else use a synchronous reset in which the assertion of the reset is timed by default.
Related violations: <none>

REQP-1840#4 Warning
RAMB18 async control check  
The RAMB18E1 i_frontend/btb_gen.i_btb/gen_fpga_btb.gen_btb_ram[0].i_btb_ram/Mem_DP_reg has an input control pin i_frontend/btb_gen.i_btb/gen_fpga_btb.gen_btb_ram[0].i_btb_ram/Mem_DP_reg/ADDRARDADDR[8] (net: i_frontend/btb_gen.i_btb/gen_fpga_btb.gen_btb_ram[0].i_btb_ram/Mem_DP_reg_0[3]) which is driven by a register (gen_cache_hpd.i_cache_subsystem/i_cva6_icache/vaddr_q_reg[5]) that has an active asychronous set or reset. This may cause corruption of the memory contents and/or read values when the set/reset is asserted and is not analyzed by the default static timing analysis. It is suggested to eliminate the use of a set/reset to registers driving this RAMB pin or else use a synchronous reset in which the assertion of the reset is timed by default.
Related violations: <none>

REQP-1840#5 Warning
RAMB18 async control check  
The RAMB18E1 i_frontend/btb_gen.i_btb/gen_fpga_btb.gen_btb_ram[0].i_btb_ram/Mem_DP_reg has an input control pin i_frontend/btb_gen.i_btb/gen_fpga_btb.gen_btb_ram[0].i_btb_ram/Mem_DP_reg/ADDRARDADDR[9] (net: i_frontend/btb_gen.i_btb/gen_fpga_btb.gen_btb_ram[0].i_btb_ram/Mem_DP_reg_0[4]) which is driven by a register (gen_cache_hpd.i_cache_subsystem/i_cva6_icache/vaddr_q_reg[6]) that has an active asychronous set or reset. This may cause corruption of the memory contents and/or read values when the set/reset is asserted and is not analyzed by the default static timing analysis. It is suggested to eliminate the use of a set/reset to registers driving this RAMB pin or else use a synchronous reset in which the assertion of the reset is timed by default.
Related violations: <none>

REQP-1840#6 Warning
RAMB18 async control check  
The RAMB18E1 i_frontend/btb_gen.i_btb/gen_fpga_btb.gen_btb_ram[0].i_btb_ram/Mem_DP_reg has an input control pin i_frontend/btb_gen.i_btb/gen_fpga_btb.gen_btb_ram[0].i_btb_ram/Mem_DP_reg/ADDRBWRADDR[9] (net: i_frontend/btb_gen.i_btb/gen_fpga_btb.gen_btb_ram[0].i_btb_ram/ADDRBWRADDR[4]) which is driven by a register (csr_regfile_i/debug_mode_q_reg) that has an active asychronous set or reset. This may cause corruption of the memory contents and/or read values when the set/reset is asserted and is not analyzed by the default static timing analysis. It is suggested to eliminate the use of a set/reset to registers driving this RAMB pin or else use a synchronous reset in which the assertion of the reset is timed by default.
Related violations: <none>

REQP-1840#7 Warning
RAMB18 async control check  
The RAMB18E1 i_frontend/btb_gen.i_btb/gen_fpga_btb.gen_btb_ram[0].i_btb_ram/Mem_DP_reg has an input control pin i_frontend/btb_gen.i_btb/gen_fpga_btb.gen_btb_ram[0].i_btb_ram/Mem_DP_reg/ADDRBWRADDR[9] (net: i_frontend/btb_gen.i_btb/gen_fpga_btb.gen_btb_ram[0].i_btb_ram/ADDRBWRADDR[4]) which is driven by a register (issue_stage_i/i_issue_read_operands/alu_valid_q_reg[0]) that has an active asychronous set or reset. This may cause corruption of the memory contents and/or read values when the set/reset is asserted and is not analyzed by the default static timing analysis. It is suggested to eliminate the use of a set/reset to registers driving this RAMB pin or else use a synchronous reset in which the assertion of the reset is timed by default.
Related violations: <none>

REQP-1840#8 Warning
RAMB18 async control check  
The RAMB18E1 i_frontend/btb_gen.i_btb/gen_fpga_btb.gen_btb_ram[0].i_btb_ram/Mem_DP_reg has an input control pin i_frontend/btb_gen.i_btb/gen_fpga_btb.gen_btb_ram[0].i_btb_ram/Mem_DP_reg/ADDRBWRADDR[9] (net: i_frontend/btb_gen.i_btb/gen_fpga_btb.gen_btb_ram[0].i_btb_ram/ADDRBWRADDR[4]) which is driven by a register (issue_stage_i/i_issue_read_operands/branch_predict_o_reg[cf][0]) that has an active asychronous set or reset. This may cause corruption of the memory contents and/or read values when the set/reset is asserted and is not analyzed by the default static timing analysis. It is suggested to eliminate the use of a set/reset to registers driving this RAMB pin or else use a synchronous reset in which the assertion of the reset is timed by default.
Related violations: <none>

REQP-1840#9 Warning
RAMB18 async control check  
The RAMB18E1 i_frontend/btb_gen.i_btb/gen_fpga_btb.gen_btb_ram[0].i_btb_ram/Mem_DP_reg has an input control pin i_frontend/btb_gen.i_btb/gen_fpga_btb.gen_btb_ram[0].i_btb_ram/Mem_DP_reg/ADDRBWRADDR[9] (net: i_frontend/btb_gen.i_btb/gen_fpga_btb.gen_btb_ram[0].i_btb_ram/ADDRBWRADDR[4]) which is driven by a register (issue_stage_i/i_issue_read_operands/branch_predict_o_reg[cf][1]) that has an active asychronous set or reset. This may cause corruption of the memory contents and/or read values when the set/reset is asserted and is not analyzed by the default static timing analysis. It is suggested to eliminate the use of a set/reset to registers driving this RAMB pin or else use a synchronous reset in which the assertion of the reset is timed by default.
Related violations: <none>

REQP-1840#10 Warning
RAMB18 async control check  
The RAMB18E1 i_frontend/btb_gen.i_btb/gen_fpga_btb.gen_btb_ram[0].i_btb_ram/Mem_DP_reg has an input control pin i_frontend/btb_gen.i_btb/gen_fpga_btb.gen_btb_ram[0].i_btb_ram/Mem_DP_reg/ADDRBWRADDR[9] (net: i_frontend/btb_gen.i_btb/gen_fpga_btb.gen_btb_ram[0].i_btb_ram/ADDRBWRADDR[4]) which is driven by a register (issue_stage_i/i_issue_read_operands/branch_predict_o_reg[cf][2]) that has an active asychronous set or reset. This may cause corruption of the memory contents and/or read values when the set/reset is asserted and is not analyzed by the default static timing analysis. It is suggested to eliminate the use of a set/reset to registers driving this RAMB pin or else use a synchronous reset in which the assertion of the reset is timed by default.
Related violations: <none>

REQP-1840#11 Warning
RAMB18 async control check  
The RAMB18E1 i_frontend/btb_gen.i_btb/gen_fpga_btb.gen_btb_ram[0].i_btb_ram/Mem_DP_reg has an input control pin i_frontend/btb_gen.i_btb/gen_fpga_btb.gen_btb_ram[0].i_btb_ram/Mem_DP_reg/ADDRBWRADDR[9] (net: i_frontend/btb_gen.i_btb/gen_fpga_btb.gen_btb_ram[0].i_btb_ram/ADDRBWRADDR[4]) which is driven by a register (issue_stage_i/i_issue_read_operands/branch_predict_o_reg[predict_address][0]) that has an active asychronous set or reset. This may cause corruption of the memory contents and/or read values when the set/reset is asserted and is not analyzed by the default static timing analysis. It is suggested to eliminate the use of a set/reset to registers driving this RAMB pin or else use a synchronous reset in which the assertion of the reset is timed by default.
Related violations: <none>

REQP-1840#12 Warning
RAMB18 async control check  
The RAMB18E1 i_frontend/btb_gen.i_btb/gen_fpga_btb.gen_btb_ram[0].i_btb_ram/Mem_DP_reg has an input control pin i_frontend/btb_gen.i_btb/gen_fpga_btb.gen_btb_ram[0].i_btb_ram/Mem_DP_reg/ADDRBWRADDR[9] (net: i_frontend/btb_gen.i_btb/gen_fpga_btb.gen_btb_ram[0].i_btb_ram/ADDRBWRADDR[4]) which is driven by a register (issue_stage_i/i_issue_read_operands/branch_predict_o_reg[predict_address][10]) that has an active asychronous set or reset. This may cause corruption of the memory contents and/or read values when the set/reset is asserted and is not analyzed by the default static timing analysis. It is suggested to eliminate the use of a set/reset to registers driving this RAMB pin or else use a synchronous reset in which the assertion of the reset is timed by default.
Related violations: <none>

REQP-1840#13 Warning
RAMB18 async control check  
The RAMB18E1 i_frontend/btb_gen.i_btb/gen_fpga_btb.gen_btb_ram[0].i_btb_ram/Mem_DP_reg has an input control pin i_frontend/btb_gen.i_btb/gen_fpga_btb.gen_btb_ram[0].i_btb_ram/Mem_DP_reg/ADDRBWRADDR[9] (net: i_frontend/btb_gen.i_btb/gen_fpga_btb.gen_btb_ram[0].i_btb_ram/ADDRBWRADDR[4]) which is driven by a register (issue_stage_i/i_issue_read_operands/branch_predict_o_reg[predict_address][11]) that has an active asychronous set or reset. This may cause corruption of the memory contents and/or read values when the set/reset is asserted and is not analyzed by the default static timing analysis. It is suggested to eliminate the use of a set/reset to registers driving this RAMB pin or else use a synchronous reset in which the assertion of the reset is timed by default.
Related violations: <none>

REQP-1840#14 Warning
RAMB18 async control check  
The RAMB18E1 i_frontend/btb_gen.i_btb/gen_fpga_btb.gen_btb_ram[0].i_btb_ram/Mem_DP_reg has an input control pin i_frontend/btb_gen.i_btb/gen_fpga_btb.gen_btb_ram[0].i_btb_ram/Mem_DP_reg/ADDRBWRADDR[9] (net: i_frontend/btb_gen.i_btb/gen_fpga_btb.gen_btb_ram[0].i_btb_ram/ADDRBWRADDR[4]) which is driven by a register (issue_stage_i/i_issue_read_operands/branch_predict_o_reg[predict_address][12]) that has an active asychronous set or reset. This may cause corruption of the memory contents and/or read values when the set/reset is asserted and is not analyzed by the default static timing analysis. It is suggested to eliminate the use of a set/reset to registers driving this RAMB pin or else use a synchronous reset in which the assertion of the reset is timed by default.
Related violations: <none>

REQP-1840#15 Warning
RAMB18 async control check  
The RAMB18E1 i_frontend/btb_gen.i_btb/gen_fpga_btb.gen_btb_ram[0].i_btb_ram/Mem_DP_reg has an input control pin i_frontend/btb_gen.i_btb/gen_fpga_btb.gen_btb_ram[0].i_btb_ram/Mem_DP_reg/ADDRBWRADDR[9] (net: i_frontend/btb_gen.i_btb/gen_fpga_btb.gen_btb_ram[0].i_btb_ram/ADDRBWRADDR[4]) which is driven by a register (issue_stage_i/i_issue_read_operands/branch_predict_o_reg[predict_address][13]) that has an active asychronous set or reset. This may cause corruption of the memory contents and/or read values when the set/reset is asserted and is not analyzed by the default static timing analysis. It is suggested to eliminate the use of a set/reset to registers driving this RAMB pin or else use a synchronous reset in which the assertion of the reset is timed by default.
Related violations: <none>

REQP-1840#16 Warning
RAMB18 async control check  
The RAMB18E1 i_frontend/btb_gen.i_btb/gen_fpga_btb.gen_btb_ram[0].i_btb_ram/Mem_DP_reg has an input control pin i_frontend/btb_gen.i_btb/gen_fpga_btb.gen_btb_ram[0].i_btb_ram/Mem_DP_reg/ADDRBWRADDR[9] (net: i_frontend/btb_gen.i_btb/gen_fpga_btb.gen_btb_ram[0].i_btb_ram/ADDRBWRADDR[4]) which is driven by a register (issue_stage_i/i_issue_read_operands/branch_predict_o_reg[predict_address][14]) that has an active asychronous set or reset. This may cause corruption of the memory contents and/or read values when the set/reset is asserted and is not analyzed by the default static timing analysis. It is suggested to eliminate the use of a set/reset to registers driving this RAMB pin or else use a synchronous reset in which the assertion of the reset is timed by default.
Related violations: <none>

REQP-1840#17 Warning
RAMB18 async control check  
The RAMB18E1 i_frontend/btb_gen.i_btb/gen_fpga_btb.gen_btb_ram[0].i_btb_ram/Mem_DP_reg has an input control pin i_frontend/btb_gen.i_btb/gen_fpga_btb.gen_btb_ram[0].i_btb_ram/Mem_DP_reg/ADDRBWRADDR[9] (net: i_frontend/btb_gen.i_btb/gen_fpga_btb.gen_btb_ram[0].i_btb_ram/ADDRBWRADDR[4]) which is driven by a register (issue_stage_i/i_issue_read_operands/branch_predict_o_reg[predict_address][15]) that has an active asychronous set or reset. This may cause corruption of the memory contents and/or read values when the set/reset is asserted and is not analyzed by the default static timing analysis. It is suggested to eliminate the use of a set/reset to registers driving this RAMB pin or else use a synchronous reset in which the assertion of the reset is timed by default.
Related violations: <none>

REQP-1840#18 Warning
RAMB18 async control check  
The RAMB18E1 i_frontend/btb_gen.i_btb/gen_fpga_btb.gen_btb_ram[0].i_btb_ram/Mem_DP_reg has an input control pin i_frontend/btb_gen.i_btb/gen_fpga_btb.gen_btb_ram[0].i_btb_ram/Mem_DP_reg/ADDRBWRADDR[9] (net: i_frontend/btb_gen.i_btb/gen_fpga_btb.gen_btb_ram[0].i_btb_ram/ADDRBWRADDR[4]) which is driven by a register (issue_stage_i/i_issue_read_operands/branch_predict_o_reg[predict_address][16]) that has an active asychronous set or reset. This may cause corruption of the memory contents and/or read values when the set/reset is asserted and is not analyzed by the default static timing analysis. It is suggested to eliminate the use of a set/reset to registers driving this RAMB pin or else use a synchronous reset in which the assertion of the reset is timed by default.
Related violations: <none>

REQP-1840#19 Warning
RAMB18 async control check  
The RAMB18E1 i_frontend/btb_gen.i_btb/gen_fpga_btb.gen_btb_ram[0].i_btb_ram/Mem_DP_reg has an input control pin i_frontend/btb_gen.i_btb/gen_fpga_btb.gen_btb_ram[0].i_btb_ram/Mem_DP_reg/ADDRBWRADDR[9] (net: i_frontend/btb_gen.i_btb/gen_fpga_btb.gen_btb_ram[0].i_btb_ram/ADDRBWRADDR[4]) which is driven by a register (issue_stage_i/i_issue_read_operands/branch_predict_o_reg[predict_address][17]) that has an active asychronous set or reset. This may cause corruption of the memory contents and/or read values when the set/reset is asserted and is not analyzed by the default static timing analysis. It is suggested to eliminate the use of a set/reset to registers driving this RAMB pin or else use a synchronous reset in which the assertion of the reset is timed by default.
Related violations: <none>

REQP-1840#20 Warning
RAMB18 async control check  
The RAMB18E1 i_frontend/btb_gen.i_btb/gen_fpga_btb.gen_btb_ram[0].i_btb_ram/Mem_DP_reg has an input control pin i_frontend/btb_gen.i_btb/gen_fpga_btb.gen_btb_ram[0].i_btb_ram/Mem_DP_reg/ADDRBWRADDR[9] (net: i_frontend/btb_gen.i_btb/gen_fpga_btb.gen_btb_ram[0].i_btb_ram/ADDRBWRADDR[4]) which is driven by a register (issue_stage_i/i_issue_read_operands/branch_predict_o_reg[predict_address][18]) that has an active asychronous set or reset. This may cause corruption of the memory contents and/or read values when the set/reset is asserted and is not analyzed by the default static timing analysis. It is suggested to eliminate the use of a set/reset to registers driving this RAMB pin or else use a synchronous reset in which the assertion of the reset is timed by default.
Related violations: <none>

ZPS7-1#1 Warning
PS7 block required  
The PS7 cell must be used in this Zynq design in order to enable correct default configuration.
Related violations: <none>


