Copyright 1986-2022 Xilinx, Inc. All Rights Reserved. Copyright 2022-2025 Advanced Micro Devices, Inc. All Rights Reserved.
---------------------------------------------------------------------------------------------------------------------------------------------
| Tool Version : Vivado v.2025.2 (lin64) Build 6299465 Fri Nov 14 12:34:56 MST 2025
| Date         : Thu Jul  2 13:47:07 2026
| Host         : rayan-HP-ProBook-445-G8-Notebook-PC running 64-bit Ubuntu 24.04.1 LTS
| Command      : report_control_sets -verbose -file cva6_control_sets_placed.rpt
| Design       : cva6
| Device       : xc7z020
---------------------------------------------------------------------------------------------------------------------------------------------

Control Set Information

Table of Contents
-----------------
1. Summary
2. Histogram
3. Flip-Flop Distribution
4. Detailed Control Set Information

1. Summary
----------

+----------------------------------------------------------+-------+
|                          Status                          | Count |
+----------------------------------------------------------+-------+
| Total control sets                                       |   132 |
|    Minimum number of control sets                        |   132 |
|    Addition due to synthesis replication                 |     0 |
|    Addition due to physical synthesis replication        |     0 |
| Unused register locations in slices containing registers |   251 |
+----------------------------------------------------------+-------+
* Control sets can be merged at opt_design using control_set_merge or merge_equivalent_drivers
** Run report_qor_suggestions for automated merging and remapping suggestions


2. Histogram
------------

+--------------------+-------+
|       Fanout       | Count |
+--------------------+-------+
| Total control sets |   132 |
| >= 0 to < 4        |     1 |
| >= 4 to < 6        |    15 |
| >= 6 to < 8        |     5 |
| >= 8 to < 10       |    11 |
| >= 10 to < 12      |     0 |
| >= 12 to < 14      |     3 |
| >= 14 to < 16      |     1 |
| >= 16              |    96 |
+--------------------+-------+
* Control sets can be remapped at either synth_design or opt_design


3. Flip-Flop Distribution
-------------------------

+--------------+-----------------------+------------------------+-----------------+--------------+
| Clock Enable | Synchronous Set/Reset | Asynchronous Set/Reset | Total Registers | Total Slices |
+--------------+-----------------------+------------------------+-----------------+--------------+
| No           | No                    | No                     |              14 |           10 |
| No           | No                    | Yes                    |            1274 |          689 |
| No           | Yes                   | No                     |               0 |            0 |
| Yes          | No                    | No                     |            1295 |          566 |
| Yes          | No                    | Yes                    |            3734 |         1601 |
| Yes          | Yes                   | No                     |              16 |            6 |
+--------------+-----------------------+------------------------+-----------------+--------------+


4. Detailed Control Set Information
-----------------------------------

+--------------+--------------------------------------------------------------------------------------------------------------------------------------------------------------------------------------------------------------------------------------------------+---------------------------------------------------------------------------------------------------------------------------------------------------------+------------------+----------------+--------------+
| Clock Signal |                                                                                                                   Enable Signal                                                                                                                  |                                                                     Set/Reset Signal                                                                    | Slice Load Count | Bel Load Count | Bels / Slice |
+--------------+--------------------------------------------------------------------------------------------------------------------------------------------------------------------------------------------------------------------------------------------------+---------------------------------------------------------------------------------------------------------------------------------------------------------+------------------+----------------+--------------+
|  clk_i       | gen_cache_hpd.i_cache_subsystem/i_dcache/i_hpdcache/hpdcache_miss_handler_i/i_r_metadata_fifo/gen_fifo.wexec                                                                                                                                     |                                                                                                                                                         |                1 |              2 |         2.00 |
|  clk_i       | ex_stage_i/lsu_i/i_load_unit/state_q[3]_i_1_n_0                                                                                                                                                                                                  | ex_stage_i/lsu_i/i_store_unit/store_buffer_i/rst_ni_0                                                                                                   |                3 |              4 |         1.33 |
|  clk_i       | issue_stage_i/i_scoreboard/commit_status_cnt_q_reg[2]_0[0]                                                                                                                                                                                       | ex_stage_i/lsu_i/i_store_unit/store_buffer_i/rst_ni_0                                                                                                   |                2 |              4 |         2.00 |
|  clk_i       | gen_cache_hpd.i_cache_subsystem/i_dcache/i_hpdcache/gen_wbuf.hpdcache_wbuf_i/send_data_ptr_fifo_i/E[0]                                                                                                                                           | ex_stage_i/lsu_i/i_store_unit/store_buffer_i/rst_ni_0                                                                                                   |                2 |              4 |         2.00 |
|  clk_i       | gen_cache_hpd.i_cache_subsystem/i_dcache/i_hpdcache/gen_wbuf.hpdcache_wbuf_i/send_meta_fifo_i/gen_fifo.wexec                                                                                                                                     |                                                                                                                                                         |                1 |              4 |         4.00 |
|  clk_i       | gen_cache_hpd.i_cache_subsystem/i_dcache/i_hpdcache/gen_wbuf.hpdcache_wbuf_i/dir_free_rrarb_i/FSM_sequential_wbuf_dir_state_q_reg[0][1][0]                                                                                                       | ex_stage_i/lsu_i/i_store_unit/store_buffer_i/rst_ni_0                                                                                                   |                2 |              4 |         2.00 |
|  clk_i       | gen_cache_hpd.i_cache_subsystem/i_dcache/i_hpdcache/hpdcache_mem_req_write_arbiter_i/req_fifo_i/gen_buffer.i_sync_buffer/buf_we                                                                                                                  | gen_cache_hpd.i_cache_subsystem/i_dcache/i_hpdcache/hpdcache_mem_req_write_arbiter_i/req_fifo_i/gen_buffer.i_sync_buffer/buf_q[mem_req_addr][1]_i_1_n_0 |                2 |              4 |         2.00 |
|  clk_i       | gen_cache_hpd.i_cache_subsystem/i_dcache/i_hpdcache/hpdcache_ctrl_i/hpdcache_rtab_i/st1_req_q_reg[need_rsp][0]                                                                                                                                   | ex_stage_i/lsu_i/i_store_unit/store_buffer_i/rst_ni_0                                                                                                   |                4 |              4 |         1.00 |
|  clk_i       | gen_cache_hpd.i_cache_subsystem/i_dcache/i_hpdcache/hpdcache_ctrl_i/hpdcache_rtab_i/wbuf_wr_pending_arb_i/gnt_q0                                                                                                                                 | ex_stage_i/lsu_i/i_store_unit/store_buffer_i/rst_ni_0                                                                                                   |                2 |              4 |         2.00 |
|  clk_i       | gen_cache_hpd.i_cache_subsystem/i_dcache/i_hpdcache/hpdcache_ctrl_i/hpdcache_rtab_i/wbuf_rd_pending_arb_i/gnt_q0                                                                                                                                 | ex_stage_i/lsu_i/i_store_unit/store_buffer_i/rst_ni_0                                                                                                   |                2 |              4 |         2.00 |
|  clk_i       | gen_cache_hpd.i_cache_subsystem/i_dcache/i_hpdcache/hpdcache_ctrl_i/hpdcache_rtab_i/pop_arb_i/tail_q_reg[1][0]                                                                                                                                   | ex_stage_i/lsu_i/i_store_unit/store_buffer_i/rst_ni_0                                                                                                   |                1 |              4 |         4.00 |
|  clk_i       | gen_cache_hpd.i_cache_subsystem/i_dcache/i_hpdcache/hpdcache_ctrl_i/hpdcache_rtab_i/pop_arb_i/gnt_q0                                                                                                                                             | ex_stage_i/lsu_i/i_store_unit/store_buffer_i/rst_ni_0                                                                                                   |                1 |              4 |         4.00 |
|  clk_i       | gen_cache_hpd.i_cache_subsystem/i_dcache/i_hpdcache/hpdcache_cmo_i/cmoh_core_rsp_buffer_i/E[0]                                                                                                                                                   | ex_stage_i/lsu_i/i_store_unit/store_buffer_i/rst_ni_0                                                                                                   |                3 |              4 |         1.33 |
|  clk_i       | gen_cache_hpd.i_cache_subsystem/i_dcache/i_hpdcache/hpdcache_cmo_i/cmo_dir_check_entry                                                                                                                                                           | gen_cache_hpd.i_cache_subsystem/i_dcache/i_hpdcache/hpdcache_cmo_i/cmoh_core_rsp_buffer_i/st1_req_q_reg[op][4][0]                                       |                1 |              4 |         4.00 |
|  clk_i       | ex_stage_i/csr_buffer_i/csr_reg_q_reg[csr_address][0]_4[0]                                                                                                                                                                                       | ex_stage_i/lsu_i/i_store_unit/store_buffer_i/rst_ni_0                                                                                                   |                3 |              5 |         1.67 |
|  clk_i       | ex_stage_i/i_mult/i_div/cnt_q[4]_i_1_n_0                                                                                                                                                                                                         | ex_stage_i/lsu_i/i_store_unit/store_buffer_i/rst_ni_0                                                                                                   |                3 |              5 |         1.67 |
|  clk_i       | issue_stage_i/i_scoreboard/mem_q[0][sbe][ex][cause][31]_i_1_n_0                                                                                                                                                                                  | ex_stage_i/lsu_i/i_store_unit/store_buffer_i/rst_ni_0                                                                                                   |                3 |              6 |         2.00 |
|  clk_i       | issue_stage_i/i_scoreboard/mem_q[3][sbe][ex][cause][31]_i_1_n_0                                                                                                                                                                                  | ex_stage_i/lsu_i/i_store_unit/store_buffer_i/rst_ni_0                                                                                                   |                4 |              6 |         1.50 |
|  clk_i       | issue_stage_i/i_scoreboard/mem_q[2][sbe][ex][cause][31]_i_1_n_0                                                                                                                                                                                  | ex_stage_i/lsu_i/i_store_unit/store_buffer_i/rst_ni_0                                                                                                   |                3 |              6 |         2.00 |
|  clk_i       | issue_stage_i/i_scoreboard/mem_q[1][sbe][ex][cause][31]_i_1_n_0                                                                                                                                                                                  | ex_stage_i/lsu_i/i_store_unit/store_buffer_i/rst_ni_0                                                                                                   |                4 |              6 |         1.50 |
|  clk_i       | ex_stage_i/csr_buffer_i/csr_reg_q_reg[csr_address][10]_0[0]                                                                                                                                                                                      | ex_stage_i/lsu_i/i_store_unit/store_buffer_i/rst_ni_0                                                                                                   |                3 |              7 |         2.33 |
|  clk_i       | gen_cache_hpd.i_cache_subsystem/i_dcache/i_hpdcache/hpdcache_cmo_i/E[0]                                                                                                                                                                          |                                                                                                                                                         |                2 |              8 |         4.00 |
|  clk_i       | gen_cache_hpd.i_cache_subsystem/i_dcache/i_hpdcache/hpdcache_cmo_i/cmoh_set_q[7]_i_2_n_0                                                                                                                                                         | gen_cache_hpd.i_cache_subsystem/i_dcache/i_hpdcache/hpdcache_cmo_i/cmoh_core_rsp_buffer_i/SR[0]                                                         |                3 |              8 |         2.67 |
|  clk_i       | gen_cache_hpd.i_cache_subsystem/i_dcache/i_hpdcache/hpdcache_ctrl_i/hpdcache_rtab_i/pop_arb_i/miss_req_fsm_q_reg[0]                                                                                                                              | ex_stage_i/lsu_i/i_store_unit/store_buffer_i/rst_ni_0                                                                                                   |                2 |              8 |         4.00 |
|  clk_i       | issue_stage_i/i_issue_read_operands/debug_mode_q_reg_0                                                                                                                                                                                           |                                                                                                                                                         |                2 |              8 |         4.00 |
|  clk_i       | gen_cache_hpd.i_cache_subsystem/i_cva6_icache/flush_cnt_q[7]_i_1_n_0                                                                                                                                                                             | ex_stage_i/lsu_i/i_store_unit/store_buffer_i/rst_ni_0                                                                                                   |                2 |              8 |         4.00 |
|  clk_i       | gen_cache_hpd.i_cache_subsystem/i_cva6_icache/gen_sram[0].tag_sram/data_sram/gen_cut[0].i_tc_sram_wrapper/i_ram/E[0]                                                                                                                             | ex_stage_i/lsu_i/i_store_unit/store_buffer_i/rst_ni_0                                                                                                   |                3 |              8 |         2.67 |
|  clk_i       | gen_cache_hpd.i_cache_subsystem/i_dcache/i_hpdcache/hpdcache_ctrl_i/hpdcache_memctrl_i/init_q_reg_inv_0                                                                                                                                          | ex_stage_i/lsu_i/i_store_unit/store_buffer_i/rst_ni_0                                                                                                   |                2 |              8 |         4.00 |
|  clk_i       | gen_cache_hpd.i_cache_subsystem/i_dcache/i_hpdcache/hpdcache_ctrl_i/st2_mshr_alloc_q_reg_0[0]                                                                                                                                                    | ex_stage_i/lsu_i/i_store_unit/store_buffer_i/rst_ni_0                                                                                                   |                4 |              8 |         2.00 |
|  clk_i       | issue_stage_i/i_scoreboard/p_7_in                                                                                                                                                                                                                | ex_stage_i/lsu_i/i_store_unit/store_buffer_i/rst_ni_0                                                                                                   |                6 |              8 |         1.33 |
|  clk_i       | gen_cache_hpd.i_cache_subsystem/i_dcache/i_hpdcache/hpdcache_ctrl_i/hpdcache_memctrl_i/gen_dir_sram[3].dir_sram/ram_i/E[0]                                                                                                                       | ex_stage_i/lsu_i/i_store_unit/store_buffer_i/rst_ni_0                                                                                                   |                3 |              8 |         2.67 |
|  clk_i       | i_frontend/bht_gen.i_bht/debug_mode_q_reg                                                                                                                                                                                                        |                                                                                                                                                         |                2 |              8 |         4.00 |
|  clk_i       | gen_cache_hpd.i_cache_subsystem/i_dcache/i_hpdcache/core_req_arbiter_i/req_arbiter_i/wait_q_reg_1[0]                                                                                                                                             | ex_stage_i/lsu_i/i_store_unit/store_buffer_i/rst_ni_0                                                                                                   |                4 |             12 |         3.00 |
|  clk_i       | gen_cache_hpd.i_cache_subsystem/i_dcache/i_hpdcache/hpdcache_cmo_i/cmo_dir_check_entry                                                                                                                                                           |                                                                                                                                                         |                4 |             12 |         3.00 |
|  clk_i       | issue_stage_i/i_issue_read_operands/csr_valid_q_reg[0]_0                                                                                                                                                                                         | ex_stage_i/lsu_i/i_store_unit/store_buffer_i/rst_ni_0                                                                                                   |                8 |             13 |         1.62 |
|  clk_i       |                                                                                                                                                                                                                                                  |                                                                                                                                                         |               10 |             14 |         1.40 |
|  clk_i       | ex_stage_i/csr_buffer_i/dcsr_d31_out                                                                                                                                                                                                             | ex_stage_i/lsu_i/i_store_unit/store_buffer_i/rst_ni_0                                                                                                   |               13 |             19 |         1.46 |
|  clk_i       | gen_cache_hpd.i_cache_subsystem/i_cva6_icache/gen_sram[0].tag_sram/data_sram/gen_cut[0].i_tc_sram_wrapper/i_ram/valid_q_reg                                                                                                                      | ex_stage_i/lsu_i/i_store_unit/store_buffer_i/rst_ni_0                                                                                                   |               13 |             24 |         1.85 |
|  clk_i       | gen_cache_hpd.i_cache_subsystem/i_dcache/i_hpdcache/hpdcache_ctrl_i/hpdcache_rtab_i/pop_arb_i/init_q_reg_inv_7[0]                                                                                                                                |                                                                                                                                                         |                7 |             27 |         3.86 |
|  clk_i       | gen_cache_hpd.i_cache_subsystem/i_dcache/i_hpdcache/hpdcache_ctrl_i/hpdcache_rtab_i/pop_arb_i/E[0]                                                                                                                                               |                                                                                                                                                         |                6 |             27 |         4.50 |
|  clk_i       | gen_cache_hpd.i_cache_subsystem/i_dcache/i_hpdcache/hpdcache_ctrl_i/st2_mshr_alloc_q_reg_0[0]                                                                                                                                                    |                                                                                                                                                         |               12 |             28 |         2.33 |
|  clk_i       | gen_cache_hpd.i_cache_subsystem/i_dcache/i_hpdcache/hpdcache_uc_i/lrsc_rsrv_addr_q[31]_i_1_n_0                                                                                                                                                   |                                                                                                                                                         |                9 |             29 |         3.22 |
|  clk_i       | gen_cache_hpd.i_cache_subsystem/i_dcache/i_hpdcache/hpdcache_cmo_i/cmoh_core_rsp_buffer_i/st1_req_q_reg[op][4][0]                                                                                                                                |                                                                                                                                                         |               11 |             30 |         2.73 |
|  clk_i       | gen_cache_hpd.i_cache_subsystem/i_cva6_icache/gen_sram[0].tag_sram/data_sram/gen_cut[0].i_tc_sram_wrapper/i_ram/valid_q_reg_1[0]                                                                                                                 |                                                                                                                                                         |                8 |             30 |         3.75 |
|  clk_i       | gen_cache_hpd.i_cache_subsystem/i_dcache/i_hpdcache/gen_wbuf.hpdcache_wbuf_i/dir_free_rrarb_i/gnt_q_reg[1]_0[0]                                                                                                                                  | ex_stage_i/lsu_i/i_store_unit/store_buffer_i/rst_ni_0                                                                                                   |                8 |             31 |         3.88 |
|  clk_i       | gen_cache_hpd.i_cache_subsystem/i_dcache/i_hpdcache/gen_wbuf.hpdcache_wbuf_i/dir_free_rrarb_i/wait_q_reg_0                                                                                                                                       | ex_stage_i/lsu_i/i_store_unit/store_buffer_i/rst_ni_0                                                                                                   |                8 |             31 |         3.88 |
|  clk_i       | gen_cache_hpd.i_cache_subsystem/i_dcache/i_hpdcache/hpdcache_uc_i/mem_resp_read_uc_valid2_out                                                                                                                                                    |                                                                                                                                                         |               29 |             32 |         1.10 |
|  clk_i       | ex_stage_i/csr_buffer_i/debug_mode_q_reg[1]                                                                                                                                                                                                      | ex_stage_i/lsu_i/i_store_unit/store_buffer_i/rst_ni_0                                                                                                   |               10 |             32 |         3.20 |
|  clk_i       | issue_stage_i/i_issue_read_operands/trans_id_q_reg[0][0]                                                                                                                                                                                         | ex_stage_i/lsu_i/i_store_unit/store_buffer_i/rst_ni_0                                                                                                   |               22 |             32 |         1.45 |
|  clk_i       | ex_stage_i/csr_buffer_i/debug_mode_q_reg[0]                                                                                                                                                                                                      | ex_stage_i/lsu_i/i_store_unit/store_buffer_i/rst_ni_0                                                                                                   |               12 |             32 |         2.67 |
|  clk_i       | ex_stage_i/csr_buffer_i/csr_reg_q_reg[csr_address][0]_6[0]                                                                                                                                                                                       | ex_stage_i/lsu_i/i_store_unit/store_buffer_i/rst_ni_0                                                                                                   |               13 |             32 |         2.46 |
|  clk_i       | ex_stage_i/csr_buffer_i/csr_reg_q_reg[csr_address][9]_0[1]                                                                                                                                                                                       | ex_stage_i/lsu_i/i_store_unit/store_buffer_i/rst_ni_0                                                                                                   |               16 |             32 |         2.00 |
|  clk_i       | ex_stage_i/csr_buffer_i/csr_reg_q_reg[csr_address][0]_3[0]                                                                                                                                                                                       | ex_stage_i/lsu_i/i_store_unit/store_buffer_i/rst_ni_0                                                                                                   |               21 |             32 |         1.52 |
|  clk_i       | ex_stage_i/csr_buffer_i/csr_reg_q_reg[csr_address][0]_5[0]                                                                                                                                                                                       | ex_stage_i/lsu_i/i_store_unit/store_buffer_i/rst_ni_0                                                                                                   |               15 |             32 |         2.13 |
|  clk_i       | ex_stage_i/csr_buffer_i/csr_reg_q_reg[csr_address][9]_0[0]                                                                                                                                                                                       | ex_stage_i/lsu_i/i_store_unit/store_buffer_i/rst_ni_0                                                                                                   |               14 |             32 |         2.29 |
|  clk_i       | ex_stage_i/csr_buffer_i/csr_reg_q_reg[csr_address][1]_rep_1[0]                                                                                                                                                                                   | ex_stage_i/lsu_i/i_store_unit/store_buffer_i/rst_ni_0                                                                                                   |               13 |             32 |         2.46 |
|  clk_i       | ex_stage_i/csr_buffer_i/csr_reg_q_reg[csr_address][1]_rep_2[0]                                                                                                                                                                                   | ex_stage_i/lsu_i/i_store_unit/store_buffer_i/rst_ni_0                                                                                                   |               16 |             32 |         2.00 |
|  clk_i       | ex_stage_i/csr_buffer_i/csr_reg_q_reg[csr_address][1]_rep_3[0]                                                                                                                                                                                   | ex_stage_i/lsu_i/i_store_unit/store_buffer_i/rst_ni_0                                                                                                   |               18 |             32 |         1.78 |
|  clk_i       | ex_stage_i/csr_buffer_i/csr_reg_q_reg[csr_address][1]_rep_4[0]                                                                                                                                                                                   | ex_stage_i/lsu_i/i_store_unit/store_buffer_i/rst_ni_0                                                                                                   |               16 |             32 |         2.00 |
|  clk_i       | ex_stage_i/csr_buffer_i/csr_reg_q_reg[csr_address][1]_rep_5[0]                                                                                                                                                                                   | ex_stage_i/lsu_i/i_store_unit/store_buffer_i/rst_ni_0                                                                                                   |               14 |             32 |         2.29 |
|  clk_i       | ex_stage_i/csr_buffer_i/csr_reg_q_reg[csr_address][1]_rep_6[0]                                                                                                                                                                                   | ex_stage_i/lsu_i/i_store_unit/store_buffer_i/rst_ni_0                                                                                                   |               16 |             32 |         2.00 |
|  clk_i       | ex_stage_i/csr_buffer_i/csr_reg_q_reg[csr_address][2]_1[0]                                                                                                                                                                                       | ex_stage_i/lsu_i/i_store_unit/store_buffer_i/rst_ni_0                                                                                                   |               16 |             32 |         2.00 |
|  clk_i       | ex_stage_i/csr_buffer_i/csr_reg_q_reg[csr_address][2]_2[0]                                                                                                                                                                                       | ex_stage_i/lsu_i/i_store_unit/store_buffer_i/rst_ni_0                                                                                                   |               18 |             32 |         1.78 |
|  clk_i       | ex_stage_i/csr_buffer_i/csr_reg_q_reg[csr_address][4]_2[0]                                                                                                                                                                                       | ex_stage_i/lsu_i/i_store_unit/store_buffer_i/rst_ni_0                                                                                                   |               15 |             32 |         2.13 |
|  clk_i       | ex_stage_i/csr_buffer_i/csr_reg_q_reg[csr_address][4]_3[0]                                                                                                                                                                                       | ex_stage_i/lsu_i/i_store_unit/store_buffer_i/rst_ni_0                                                                                                   |               14 |             32 |         2.29 |
|  clk_i       | ex_stage_i/csr_buffer_i/csr_reg_q_reg[csr_address][7]_0[0]                                                                                                                                                                                       | ex_stage_i/lsu_i/i_store_unit/store_buffer_i/rst_ni_0                                                                                                   |               14 |             32 |         2.29 |
|  clk_i       | ex_stage_i/csr_buffer_i/csr_reg_q_reg[csr_address][7]_1[0]                                                                                                                                                                                       | ex_stage_i/lsu_i/i_store_unit/store_buffer_i/rst_ni_0                                                                                                   |               14 |             32 |         2.29 |
|  clk_i       | issue_stage_i/i_issue_read_operands/E[0]                                                                                                                                                                                                         | ex_stage_i/lsu_i/i_store_unit/store_buffer_i/rst_ni_0                                                                                                   |               18 |             32 |         1.78 |
|  clk_i       | issue_stage_i/i_issue_read_operands/trans_id_q_reg[1][0]                                                                                                                                                                                         | ex_stage_i/lsu_i/i_store_unit/store_buffer_i/rst_ni_0                                                                                                   |               15 |             32 |         2.13 |
|  clk_i       | ex_stage_i/lsu_i/i_store_unit/trans_id_q_reg[0]_4[0]                                                                                                                                                                                             | ex_stage_i/lsu_i/i_store_unit/store_buffer_i/rst_ni_0                                                                                                   |               20 |             32 |         1.60 |
|  clk_i       | ex_stage_i/i_mult/i_div/a_reg_en2_out                                                                                                                                                                                                            | ex_stage_i/lsu_i/i_store_unit/store_buffer_i/rst_ni_0                                                                                                   |                8 |             32 |         4.00 |
|  clk_i       | ex_stage_i/i_mult/i_div/b_reg_en1_out                                                                                                                                                                                                            | ex_stage_i/lsu_i/i_store_unit/store_buffer_i/rst_ni_0                                                                                                   |               11 |             32 |         2.91 |
|  clk_i       | ex_stage_i/i_mult/i_div/res_q[31]_i_1_n_0                                                                                                                                                                                                        | ex_stage_i/lsu_i/i_store_unit/store_buffer_i/rst_ni_0                                                                                                   |               13 |             32 |         2.46 |
|  clk_i       | i_frontend/i_instr_queue/gen_instr_fifo[0].i_fifo_instr_data/E[0]                                                                                                                                                                                | ex_stage_i/lsu_i/i_store_unit/store_buffer_i/rst_ni_0                                                                                                   |               12 |             32 |         2.67 |
|  clk_i       | csr_regfile_i/mtvec_q[31]_i_1_n_0                                                                                                                                                                                                                | ex_stage_i/lsu_i/i_store_unit/store_buffer_i/rst_ni_0                                                                                                   |               11 |             32 |         2.91 |
|  clk_i       | i_frontend/i_instr_realign/stack_q_reg[0][valid]_0[0]                                                                                                                                                                                            | ex_stage_i/lsu_i/i_store_unit/store_buffer_i/rst_ni_0                                                                                                   |               12 |             33 |         2.75 |
|  clk_i       | i_frontend/i_instr_realign/E[0]                                                                                                                                                                                                                  | ex_stage_i/lsu_i/i_store_unit/store_buffer_i/rst_ni_0                                                                                                   |               11 |             33 |         3.00 |
|  clk_i       | gen_cache_hpd.i_cache_subsystem/i_dcache/i_hpdcache/hpdcache_mem_req_write_arbiter_i/req_fifo_i/gen_buffer.i_sync_buffer/buf_we                                                                                                                  |                                                                                                                                                         |               22 |             35 |         1.59 |
|  clk_i       | gen_cache_hpd.i_cache_subsystem/i_dcache/i_hpdcache/hpdcache_miss_handler_i/refill_set_q0                                                                                                                                                        |                                                                                                                                                         |               14 |             35 |         2.50 |
|  clk_i       | gen_cache_hpd.i_cache_subsystem/i_dcache/i_hpdcache/gen_wbuf.hpdcache_wbuf_i/dir_free_rrarb_i/FSM_sequential_wbuf_dir_state_q_reg[1][0][0]                                                                                                       |                                                                                                                                                         |               20 |             36 |         1.80 |
|  clk_i       | gen_cache_hpd.i_cache_subsystem/i_dcache/i_hpdcache/gen_wbuf.hpdcache_wbuf_i/dir_free_rrarb_i/E[0]                                                                                                                                               |                                                                                                                                                         |               30 |             36 |         1.20 |
|  clk_i       | gen_cache_hpd.i_cache_subsystem/i_dcache/i_hpdcache/hpdcache_ctrl_i/hpdcache_memctrl_i/gen_dir_sram[2].dir_sram/ram_i/miss_req_fsm_q_reg_1[0]                                                                                                    |                                                                                                                                                         |               12 |             36 |         3.00 |
|  clk_i       | gen_cache_hpd.i_cache_subsystem/i_dcache/i_hpdcache/hpdcache_ctrl_i/hpdcache_memctrl_i/gen_dir_sram[2].dir_sram/ram_i/E[0]                                                                                                                       |                                                                                                                                                         |               29 |             37 |         1.28 |
|  clk_i       | gen_cache_hpd.i_cache_subsystem/i_dcache/i_hpdcache/gen_wbuf.hpdcache_wbuf_i/send_data_ptr_fifo_i/gen_fifo.wexec__0                                                                                                                              |                                                                                                                                                         |                6 |             42 |         7.00 |
|  clk_i       | i_frontend/i_instr_queue/i_fifo_address/gen_fpga_queue.fifo_ram/fifo_ram_we                                                                                                                                                                      |                                                                                                                                                         |                6 |             44 |         7.33 |
|  clk_i       | i_frontend/icache_valid_q                                                                                                                                                                                                                        | ex_stage_i/lsu_i/i_store_unit/store_buffer_i/rst_ni_0                                                                                                   |               20 |             47 |         2.35 |
|  clk_i       | ex_stage_i/fpu_gen.fpu_i/fpu_gen.i_fpnew_bulk/i_arbiter/gen_arbiter.gen_int_rr.rr_q_reg[0]_1[0]                                                                                                                                                  | ex_stage_i/lsu_i/i_store_unit/store_buffer_i/rst_ni_0                                                                                                   |               33 |             55 |         1.67 |
|  clk_i       | issue_stage_i/i_scoreboard/E[0]                                                                                                                                                                                                                  | ex_stage_i/lsu_i/i_store_unit/store_buffer_i/rst_ni_0                                                                                                   |               26 |             58 |         2.23 |
|  clk_i       | issue_stage_i/i_scoreboard/issue_pointer_q_reg[1]_3[0]                                                                                                                                                                                           | ex_stage_i/lsu_i/i_store_unit/store_buffer_i/rst_ni_0                                                                                                   |               27 |             58 |         2.15 |
|  clk_i       | issue_stage_i/i_scoreboard/issue_pointer_q_reg[1]_2[0]                                                                                                                                                                                           | ex_stage_i/lsu_i/i_store_unit/store_buffer_i/rst_ni_0                                                                                                   |               27 |             58 |         2.15 |
|  clk_i       | issue_stage_i/i_scoreboard/issue_pointer_q_reg[0]_0[0]                                                                                                                                                                                           | ex_stage_i/lsu_i/i_store_unit/store_buffer_i/rst_ni_0                                                                                                   |               26 |             58 |         2.23 |
|  clk_i       | issue_stage_i/i_scoreboard/rat_q_reg[frees][31]_i_3_0                                                                                                                                                                                            | ex_stage_i/lsu_i/i_store_unit/store_buffer_i/rst_ni_0                                                                                                   |               23 |             63 |         2.74 |
|  clk_i       | issue_stage_i/i_scoreboard/rat_q_reg[frees][31]_i_3__1_0                                                                                                                                                                                         | ex_stage_i/lsu_i/i_store_unit/store_buffer_i/rst_ni_0                                                                                                   |               25 |             63 |         2.52 |
|  clk_i       | gen_cache_hpd.i_cache_subsystem/i_axi_arbiter/i_icache_hpdcache_data_upsize/buf_q[0][0][63]_i_1_n_0                                                                                                                                              | ex_stage_i/lsu_i/i_store_unit/store_buffer_i/rst_ni_0                                                                                                   |               16 |             64 |         4.00 |
|  clk_i       | issue_stage_i/i_scoreboard/mem_q[3][sbe][result][31]_i_1_n_0                                                                                                                                                                                     | ex_stage_i/lsu_i/i_store_unit/store_buffer_i/rst_ni_0                                                                                                   |               35 |             64 |         1.83 |
|  clk_i       | ex_stage_i/lsu_i/i_store_unit/trans_id_q_reg[1]_1[0]                                                                                                                                                                                             | ex_stage_i/lsu_i/i_store_unit/store_buffer_i/rst_ni_0                                                                                                   |               42 |             64 |         1.52 |
|  clk_i       | gen_cache_hpd.i_cache_subsystem/i_axi_arbiter/i_icache_hpdcache_data_upsize/buf_q[0]                                                                                                                                                             | ex_stage_i/lsu_i/i_store_unit/store_buffer_i/rst_ni_0                                                                                                   |               14 |             64 |         4.57 |
|  clk_i       | ex_stage_i/lsu_i/i_store_unit/E[0]                                                                                                                                                                                                               | ex_stage_i/lsu_i/i_store_unit/store_buffer_i/rst_ni_0                                                                                                   |               44 |             64 |         1.45 |
|  clk_i       | ex_stage_i/lsu_i/i_pipe_reg_load/gen_register.d_o_reg[165]_1[0]                                                                                                                                                                                  | ex_stage_i/lsu_i/i_store_unit/store_buffer_i/rst_ni_0                                                                                                   |               40 |             64 |         1.60 |
|  clk_i       | gen_cache_hpd.i_cache_subsystem/i_dcache/i_hpdcache/hpdcache_miss_handler_i/i_data_resize/gen_noresize.fifo_i/gen_fifo.fifo_mem_q[0][63]_i_1_n_0                                                                                                 |                                                                                                                                                         |               24 |             64 |         2.67 |
|  clk_i       | gen_cache_hpd.i_cache_subsystem/i_dcache/i_hpdcache/hpdcache_miss_handler_i/i_data_resize/gen_noresize.fifo_i/gen_fifo.fifo_mem_q[1][63]_i_1_n_0                                                                                                 |                                                                                                                                                         |               24 |             64 |         2.67 |
|  clk_i       | gen_cache_hpd.i_cache_subsystem/i_dcache/i_hpdcache/hpdcache_miss_handler_i/i_data_resize/gen_noresize.fifo_i/gen_fifo.fifo_mem_q[2][63]_i_1_n_0                                                                                                 |                                                                                                                                                         |               29 |             64 |         2.21 |
|  clk_i       | gen_cache_hpd.i_cache_subsystem/i_dcache/i_hpdcache/hpdcache_miss_handler_i/i_data_resize/gen_noresize.fifo_i/gen_fifo.fifo_mem_q[0]                                                                                                             |                                                                                                                                                         |               27 |             64 |         2.37 |
|  clk_i       | id_stage_i/E[0]                                                                                                                                                                                                                                  | ex_stage_i/lsu_i/i_store_unit/store_buffer_i/rst_ni_0                                                                                                   |               25 |             67 |         2.68 |
|  clk_i       | ex_stage_i/lsu_i/i_store_unit/store_buffer_i/speculative_queue_n[0]                                                                                                                                                                              | ex_stage_i/lsu_i/i_store_unit/store_buffer_i/rst_ni_0                                                                                                   |               25 |             70 |         2.80 |
|  clk_i       | ex_stage_i/lsu_i/i_store_unit/store_buffer_i/commit_queue_q[0][address][31]_i_1_n_0                                                                                                                                                              | ex_stage_i/lsu_i/i_store_unit/store_buffer_i/rst_ni_0                                                                                                   |               29 |             70 |         2.41 |
|  clk_i       | ex_stage_i/lsu_i/i_store_unit/store_buffer_i/commit_queue_q[2][address][31]_i_1_n_0                                                                                                                                                              | ex_stage_i/lsu_i/i_store_unit/store_buffer_i/rst_ni_0                                                                                                   |               25 |             70 |         2.80 |
|  clk_i       | ex_stage_i/lsu_i/i_store_unit/store_buffer_i/speculative_queue_q[0][address][31]_i_1_n_0                                                                                                                                                         | ex_stage_i/lsu_i/i_store_unit/store_buffer_i/rst_ni_0                                                                                                   |               28 |             70 |         2.50 |
|  clk_i       | ex_stage_i/lsu_i/i_store_unit/store_buffer_i/speculative_queue_q[1][address][31]_i_1_n_0                                                                                                                                                         | ex_stage_i/lsu_i/i_store_unit/store_buffer_i/rst_ni_0                                                                                                   |               25 |             70 |         2.80 |
|  clk_i       | ex_stage_i/lsu_i/i_store_unit/store_buffer_i/speculative_queue_q[2][address][31]_i_1_n_0                                                                                                                                                         | ex_stage_i/lsu_i/i_store_unit/store_buffer_i/rst_ni_0                                                                                                   |               22 |             70 |         3.18 |
|  clk_i       | ex_stage_i/lsu_i/i_store_unit/store_buffer_i/commit_queue_n[0]                                                                                                                                                                                   | ex_stage_i/lsu_i/i_store_unit/store_buffer_i/rst_ni_0                                                                                                   |               28 |             70 |         2.50 |
|  clk_i       | ex_stage_i/lsu_i/i_store_unit/store_buffer_i/commit_queue_q[1][address][31]_i_1_n_0                                                                                                                                                              | ex_stage_i/lsu_i/i_store_unit/store_buffer_i/rst_ni_0                                                                                                   |               23 |             70 |         3.04 |
|  clk_i       | ex_stage_i/fpu_gen.fpu_i/fpu_gen.i_fpnew_bulk/i_arbiter/gen_input_pipeline[0].inp_pipe_valid_q_reg[1][0]                                                                                                                                         | ex_stage_i/lsu_i/i_store_unit/store_buffer_i/rst_ni_0                                                                                                   |               26 |             75 |         2.88 |
|  clk_i       | ex_stage_i/fpu_gen.fpu_i/fpu_gen.i_fpnew_bulk/gen_operation_groups[3].i_opgroup_block/gen_merged_slice.i_multifmt_slice/gen_num_lanes[0].active_lane.lane_instance.i_fpnew_cast_multi/gen_inside_pipeline[0].reg_ena                             | ex_stage_i/lsu_i/i_store_unit/store_buffer_i/rst_ni_0                                                                                                   |               34 |             75 |         2.21 |
|  clk_i       | gen_cache_hpd.i_cache_subsystem/i_dcache/i_hpdcache/hpdcache_ctrl_i/hpdcache_rtab_i/uc_wbuf_flush_all                                                                                                                                            |                                                                                                                                                         |               42 |             77 |         1.83 |
|  clk_i       | gen_cache_hpd.i_cache_subsystem/i_dcache/i_hpdcache/hpdcache_ctrl_i/hpdcache_memctrl_i/gen_dir_sram[2].dir_sram/ram_i/st1_req_rtab_q0                                                                                                            |                                                                                                                                                         |               41 |             78 |         1.90 |
|  clk_i       | gen_cache_hpd.i_cache_subsystem/i_dcache/i_hpdcache/hpdcache_ctrl_i/hpdcache_rtab_i/req_q[2][way_fetch][1]_i_1_n_0                                                                                                                               |                                                                                                                                                         |               24 |             80 |         3.33 |
|  clk_i       | gen_cache_hpd.i_cache_subsystem/i_dcache/i_hpdcache/hpdcache_ctrl_i/hpdcache_rtab_i/p_7_out                                                                                                                                                      |                                                                                                                                                         |               24 |             80 |         3.33 |
|  clk_i       | gen_cache_hpd.i_cache_subsystem/i_dcache/i_hpdcache/hpdcache_ctrl_i/hpdcache_rtab_i/p_1_out                                                                                                                                                      |                                                                                                                                                         |               34 |             80 |         2.35 |
|  clk_i       | gen_cache_hpd.i_cache_subsystem/i_dcache/i_hpdcache/hpdcache_ctrl_i/hpdcache_rtab_i/p_0_out                                                                                                                                                      |                                                                                                                                                         |               30 |             80 |         2.67 |
|  clk_i       | issue_stage_i/i_scoreboard/lsu_valid_q_reg[0]_1[0]                                                                                                                                                                                               | ex_stage_i/lsu_i/i_store_unit/store_buffer_i/rst_ni_0                                                                                                   |               32 |             81 |         2.53 |
|  clk_i       | issue_stage_i/i_scoreboard/lsu_valid_q_reg[0]_0[0]                                                                                                                                                                                               | ex_stage_i/lsu_i/i_store_unit/store_buffer_i/rst_ni_0                                                                                                   |               29 |             81 |         2.79 |
|  clk_i       | i_frontend/i_instr_queue/gen_instr_fifo[0].i_fifo_instr_data/fifo_ram_we                                                                                                                                                                         |                                                                                                                                                         |               12 |             96 |         8.00 |
|  clk_i       | gen_cache_hpd.i_cache_subsystem/i_cva6_icache/gen_sram[0].tag_sram/data_sram/gen_cut[0].i_tc_sram_wrapper/i_ram/valid_q_reg_0[0]                                                                                                                 | ex_stage_i/lsu_i/i_store_unit/store_buffer_i/rst_ni_0                                                                                                   |               43 |            100 |         2.33 |
|  clk_i       | ex_stage_i/fpu_gen.fpu_i/fpu_gen.i_fpnew_bulk/gen_operation_groups[0].i_opgroup_block/gen_parallel_slices[0].active_format.i_fmt_slice/gen_num_lanes[0].active_lane.lane_instance.i_fma/gen_input_pipeline[0].reg_ena                            | ex_stage_i/lsu_i/i_store_unit/store_buffer_i/rst_ni_0                                                                                                   |               45 |            107 |         2.38 |
|  clk_i       | ex_stage_i/fpu_gen.fpu_i/fpu_gen.i_fpnew_bulk/i_arbiter/E[0]                                                                                                                                                                                     | ex_stage_i/lsu_i/i_store_unit/store_buffer_i/rst_ni_0                                                                                                   |               48 |            114 |         2.38 |
|  clk_i       | rst_ni                                                                                                                                                                                                                                           |                                                                                                                                                         |               52 |            126 |         2.42 |
|  clk_i       | issue_stage_i/i_scoreboard/we_gpr_i[0]                                                                                                                                                                                                           |                                                                                                                                                         |               33 |            132 |         4.00 |
|  clk_i       | issue_stage_i/i_scoreboard/we_fpr_commit_id[0]                                                                                                                                                                                                   |                                                                                                                                                         |               33 |            132 |         4.00 |
|  clk_i       | i_frontend/i_instr_queue/gen_instr_fifo[0].i_fifo_instr_data/issue_q_reg[0][valid]                                                                                                                                                               | ex_stage_i/lsu_i/i_store_unit/store_buffer_i/rst_ni_0                                                                                                   |               56 |            174 |         3.11 |
|  clk_i       | ex_stage_i/fpu_gen.fpu_i/fpu_gen.i_fpnew_bulk/gen_operation_groups[0].i_opgroup_block/gen_parallel_slices[0].active_format.i_fmt_slice/gen_num_lanes[0].active_lane.lane_instance.i_fma/gen_inside_pipeline[0].mid_pipe_res_is_spec_q[1]_i_1_n_0 | ex_stage_i/lsu_i/i_store_unit/store_buffer_i/rst_ni_0                                                                                                   |              101 |            227 |         2.25 |
|  clk_i       |                                                                                                                                                                                                                                                  | ex_stage_i/lsu_i/i_store_unit/store_buffer_i/rst_ni_0                                                                                                   |              689 |           1274 |         1.85 |
+--------------+--------------------------------------------------------------------------------------------------------------------------------------------------------------------------------------------------------------------------------------------------+---------------------------------------------------------------------------------------------------------------------------------------------------------+------------------+----------------+--------------+


