Copyright 1986-2022 Xilinx, Inc. All Rights Reserved. Copyright 2022-2025 Advanced Micro Devices, Inc. All Rights Reserved.
---------------------------------------------------------------------------------------------------------------------------------------------
| Tool Version : Vivado v.2025.2 (lin64) Build 6299465 Fri Nov 14 12:34:56 MST 2025
| Date         : Sat Aug 22 08:37:05 2026
| Host         : rayan-HP-ProBook-445-G8-Notebook-PC running 64-bit Ubuntu 24.04.1 LTS
| Command      : report_utilization -hierarchical -file reports_cva6_fpga_impl/cva6_fpga.utilization.rpt
| Design       : cva6_zybo_z7_20
| Device       : xc7z020clg400-1
| Speed File   : -1
| Design State : Routed
---------------------------------------------------------------------------------------------------------------------------------------------

Utilization Design Information

Table of Contents
-----------------
1. Utilization by Hierarchy

1. Utilization by Hierarchy
---------------------------

+----------------------------------------------------------------+----------------------------------------------------------------------------------------------------+------------+------------+---------+------+-------+--------+--------+------------+
|                            Instance                            |                                               Module                                               | Total LUTs | Logic LUTs | LUTRAMs | SRLs |  FFs  | RAMB36 | RAMB18 | DSP Blocks |
+----------------------------------------------------------------+----------------------------------------------------------------------------------------------------+------------+------------+---------+------+-------+--------+--------+------------+
| cva6_zybo_z7_20                                                |                                                                                              (top) |      48766 |      48322 |     404 |   40 | 27466 |     60 |      4 |          4 |
|   (cva6_zybo_z7_20)                                            |                                                                                              (top) |        215 |          1 |     214 |    0 |     3 |      0 |      0 |          0 |
|   i_ariane                                                     |                                                                                             ariane |      38522 |      38376 |     146 |    0 | 17602 |     10 |      4 |          4 |
|     i_cva6                                                     |                                                                                               cva6 |      38522 |      38376 |     146 |    0 | 17602 |     10 |      4 |          4 |
|       issue_stage_i                                            |                                                                                        issue_stage |      26681 |      26681 |       0 |    0 | 13218 |      0 |      0 |          0 |
|         i_scoreboard                                           |                                                                                         scoreboard |       6710 |       6710 |       0 |    0 |  3195 |      0 |      0 |          0 |
|         gen_rs_blocks[0].rs_instance.i_reservation_station     |                                                                                reservation_station |       1516 |       1516 |       0 |    0 |   371 |      0 |      0 |          0 |
|           (gen_rs_blocks[0].rs_instance.i_reservation_station) |                                                                                reservation_station |       1129 |       1129 |       0 |    0 |   371 |      0 |      0 |          0 |
|           i_tournament_tree_oldest                             |                                                                                tournament_tree_289 |        209 |        209 |       0 |    0 |     0 |      0 |      0 |          0 |
|           i_tournament_tree_oldest_valid                       |                                                                                tournament_tree_290 |        180 |        180 |       0 |    0 |     0 |      0 |      0 |          0 |
|         gen_rs_blocks[1].rs_instance.i_reservation_station     |                                                                reservation_station__parameterized0 |        424 |        424 |       0 |    0 |   253 |      0 |      0 |          0 |
|           (gen_rs_blocks[1].rs_instance.i_reservation_station) |                                                                reservation_station__parameterized0 |        353 |        353 |       0 |    0 |   253 |      0 |      0 |          0 |
|           i_tournament_tree_oldest_valid                       |                                                                                tournament_tree_288 |         71 |         71 |       0 |    0 |     0 |      0 |      0 |          0 |
|         gen_rs_blocks[2].rs_instance.i_reservation_station     |                                                                reservation_station__parameterized1 |        611 |        611 |       0 |    0 |   252 |      0 |      0 |          0 |
|           (gen_rs_blocks[2].rs_instance.i_reservation_station) |                                                                reservation_station__parameterized1 |        485 |        485 |       0 |    0 |   252 |      0 |      0 |          0 |
|           i_tournament_tree_oldest_valid                       |                                                                                    tournament_tree |        127 |        127 |       0 |    0 |     0 |      0 |      0 |          0 |
|         i_commit_register_allocation_table                     |                                                          register_allocation_table__parameterized0 |         63 |         63 |       0 |    0 |   249 |      0 |      0 |          0 |
|         i_issue_read_operands                                  |                                                                                issue_read_operands |      16287 |      16287 |       0 |    0 |  8642 |      0 |      0 |          0 |
|           (i_issue_read_operands)                              |                                                                                issue_read_operands |       1565 |       1565 |       0 |    0 |   322 |      0 |      0 |          0 |
|           gen_fpga_regfile.i_ariane_regfile_fpga               |                                                                                ariane_regfile_fpga |      14746 |      14746 |       0 |    0 |  8320 |      0 |      0 |          0 |
|         i_issue_register_allocation_table                      |                                                                          register_allocation_table |       1086 |       1086 |       0 |    0 |   250 |      0 |      0 |          0 |
|           (i_issue_register_allocation_table)                  |                                                                          register_allocation_table |        978 |        978 |       0 |    0 |   250 |      0 |      0 |          0 |
|           g_alloc[1].i_lzc                                     |                                                                            lzc__parameterized3_287 |         67 |         67 |       0 |    0 |     0 |      0 |      0 |          0 |
|       csr_regfile_i                                            |                                                                                        csr_regfile |       1025 |       1025 |       0 |    0 |   731 |      0 |      0 |          0 |
|       ex_stage_i                                               |                                                                                           ex_stage |       3366 |       3366 |       0 |    0 |  1161 |      0 |      0 |          4 |
|         csr_buffer_i                                           |                                                                                         csr_buffer |        398 |        398 |       0 |    0 |    13 |      0 |      0 |          0 |
|         i_mult                                                 |                                                                                               mult |        364 |        364 |       0 |    0 |   160 |      0 |      0 |          4 |
|           i_div                                                |                                                                                             serdiv |        218 |        218 |       0 |    0 |   113 |      0 |      0 |          0 |
|           i_multiplier                                         |                                                                                         multiplier |        146 |        146 |       0 |    0 |    47 |      0 |      0 |          4 |
|         lsu_i                                                  |                                                                                    load_store_unit |       2604 |       2604 |       0 |    0 |   988 |      0 |      0 |          0 |
|           (lsu_i)                                              |                                                                                    load_store_unit |         28 |         28 |       0 |    0 |    67 |      0 |      0 |          0 |
|           i_pipe_reg_load                                      |                                                                                          shift_reg |       1140 |       1140 |       0 |    0 |    83 |      0 |      0 |          0 |
|           i_pmp_data_if                                        |                                                                                        pmp_data_if |        198 |        198 |       0 |    0 |     0 |      0 |      0 |          0 |
|             i_pmp_data                                         |                                                                                                pmp |        198 |        198 |       0 |    0 |     0 |      0 |      0 |          0 |
|             i_pmp_if                                           |                                                                                            pmp_329 |          0 |          0 |       0 |    0 |     0 |      0 |      0 |          0 |
|           i_store_unit                                         |                                                                                         store_unit |        686 |        686 |       0 |    0 |   626 |      0 |      0 |          0 |
|             (i_store_unit)                                     |                                                                                         store_unit |        412 |        412 |       0 |    0 |    44 |      0 |      0 |          0 |
|             store_buffer_i                                     |                                                                                       store_buffer |        275 |        275 |       0 |    0 |   582 |      0 |      0 |          0 |
|           lsu_bypass_i                                         |                                                                                         lsu_bypass |        515 |        515 |       0 |    0 |   186 |      0 |      0 |          0 |
|       gen_cache_hpd.i_cache_subsystem                          |                                                                            cva6_hpdcache_subsystem |       3094 |       3068 |      26 |    0 |  1656 |     10 |      4 |          0 |
|         i_axi_arbiter                                          |                                                                cva6_hpdcache_subsystem_axi_arbiter |        247 |        247 |       0 |    0 |   166 |      0 |      0 |          0 |
|           i_mem_req_read_arbiter                               |                                                                  hpdcache_mem_req_read_arbiter_327 |         73 |         73 |       0 |    0 |     3 |      0 |      0 |          0 |
|             hpdcache_fxarb_mem_req_write_i                     |                                                                                 hpdcache_fxarb_328 |         73 |         73 |       0 |    0 |     3 |      0 |      0 |          0 |
|           i_icache_hpdcache_data_upsize                        |                                                                               hpdcache_data_upsize |          0 |          0 |       0 |    0 |   130 |      0 |      0 |          0 |
|           i_icache_miss_req_fifo                               |                                                                  hpdcache_fifo_reg__parameterized7 |        172 |        172 |       0 |    0 |    31 |      0 |      0 |          0 |
|             gen_buffer.i_sync_buffer                           |                                                               hpdcache_sync_buffer__parameterized3 |        172 |        172 |       0 |    0 |    31 |      0 |      0 |          0 |
|         i_cva6_icache                                          |                                                                                        cva6_icache |        451 |        451 |       0 |    0 |    77 |      6 |      0 |          0 |
|           (i_cva6_icache)                                      |                                                                                        cva6_icache |        224 |        224 |       0 |    0 |    69 |      0 |      0 |          0 |
|           gen_sram[0].data_sram                                |                                                                         sram_cache__parameterized0 |        137 |        137 |       0 |    0 |     0 |      2 |      0 |          0 |
|             data_sram                                          |                                                                           sram__parameterized0_322 |        137 |        137 |       0 |    0 |     0 |      2 |      0 |          0 |
|               gen_cut[1].i_tc_sram_wrapper                     |                                                                           tc_sram_fpga_wrapper_324 |        137 |        137 |       0 |    0 |     0 |      1 |      0 |          0 |
|                 i_ram                                          |                                                                                SyncSpRamBeNx64_325 |        137 |        137 |       0 |    0 |     0 |      1 |      0 |          0 |
|         i_dcache                                               |                                                                              cva6_hpdcache_wrapper |       2398 |       2372 |      26 |    0 |  1413 |      4 |      4 |          0 |
|           i_hpdcache                                           |                                                                                           hpdcache |       2398 |       2372 |      26 |    0 |  1413 |      4 |      4 |          0 |
|             gen_wbuf.hpdcache_wbuf_i                           |                                                                                      hpdcache_wbuf |        631 |        607 |      24 |    0 |   164 |      0 |      0 |          0 |
|               (gen_wbuf.hpdcache_wbuf_i)                       |                                                                                      hpdcache_wbuf |        138 |        138 |       0 |    0 |   150 |      0 |      0 |          0 |
|               data_free_rrarb_i                                |                                                                                 hpdcache_fxarb_311 |         81 |         81 |       0 |    0 |     2 |      0 |      0 |          0 |
|               send_data_ptr_fifo_i                             |                                                                                  hpdcache_fifo_reg |         62 |         60 |       2 |    0 |     3 |      0 |      0 |          0 |
|               send_meta_fifo_i                                 |                                                                  hpdcache_fifo_reg__parameterized0 |        272 |        250 |      22 |    0 |     3 |      0 |      0 |          0 |
|             hpdcache_cmo_i                                     |                                                                                       hpdcache_cmo |         82 |         82 |       0 |    0 |    59 |      0 |      0 |          0 |
|               (hpdcache_cmo_i)                                 |                                                                                       hpdcache_cmo |         66 |         66 |       0 |    0 |    56 |      0 |      0 |          0 |
|             hpdcache_ctrl_i                                    |                                                                                      hpdcache_ctrl |       1145 |       1145 |       0 |    0 |   585 |      4 |      4 |          0 |
|               (hpdcache_ctrl_i)                                |                                                                                      hpdcache_ctrl |         29 |         29 |       0 |    0 |   159 |      0 |      0 |          0 |
|               hpdcache_memctrl_i                               |                                                                                   hpdcache_memctrl |        539 |        539 |       0 |    0 |    30 |      4 |      4 |          0 |
|                 gen_dir_sram[3].dir_sram                       |                                                                                  hpdcache_sram_306 |        116 |        116 |       0 |    0 |     0 |      0 |      1 |          0 |
|                   ram_i                                        |                                                                                  hpdcache_sram_1rw |        116 |        116 |       0 |    0 |     0 |      0 |      1 |          0 |
|                 gen_dir_sram[0].dir_sram                       |                                                                                      hpdcache_sram |         92 |         92 |       0 |    0 |     0 |      0 |      1 |          0 |
|                   ram_i                                        |                                                                              hpdcache_sram_1rw_309 |         92 |         92 |       0 |    0 |     0 |      0 |      1 |          0 |
|                 gen_dir_sram[1].dir_sram                       |                                                                                  hpdcache_sram_304 |         84 |         84 |       0 |    0 |     0 |      0 |      1 |          0 |
|                   ram_i                                        |                                                                              hpdcache_sram_1rw_308 |         84 |         84 |       0 |    0 |     0 |      0 |      1 |          0 |
|                 gen_dir_sram[2].dir_sram                       |                                                                                  hpdcache_sram_305 |        223 |        223 |       0 |    0 |     0 |      0 |      1 |          0 |
|                   ram_i                                        |                                                                              hpdcache_sram_1rw_307 |        223 |        223 |       0 |    0 |     0 |      0 |      1 |          0 |
|               hpdcache_rtab_i                                  |                                                                                      hpdcache_rtab |        583 |        583 |       0 |    0 |   396 |      0 |      0 |          0 |
|                 (hpdcache_rtab_i)                              |                                                                                      hpdcache_rtab |        161 |        161 |       0 |    0 |   378 |      0 |      0 |          0 |
|                 pop_arb_i                                      |                                                                                     hpdcache_rrarb |        269 |        269 |       0 |    0 |     5 |      0 |      0 |          0 |
|                 wbuf_rd_pending_arb_i                          |                                                                                 hpdcache_rrarb_301 |        121 |        121 |       0 |    0 |     5 |      0 |      0 |          0 |
|             hpdcache_mem_req_write_arbiter_i                   |                                                                     hpdcache_mem_req_write_arbiter |         50 |         50 |       0 |    0 |    49 |      0 |      0 |          0 |
|             hpdcache_miss_handler_i                            |                                                                              hpdcache_miss_handler |        332 |        330 |       2 |    0 |   404 |      0 |      0 |          0 |
|               (hpdcache_miss_handler_i)                        |                                                                              hpdcache_miss_handler |         58 |         58 |       0 |    0 |    67 |      0 |      0 |          0 |
|               hpdcache_mshr_i                                  |                                                                                      hpdcache_mshr |        122 |        122 |       0 |    0 |    71 |      0 |      0 |          0 |
|                 gen_mshr_wbyteenable.gen_mshr_regbank.mshr_mem |                                                                   hpdcache_regbank_wbyteenable_1rw |         96 |         96 |       0 |    0 |    54 |      0 |      0 |          0 |
|               i_data_resize                                    |                                                                               hpdcache_data_resize |        136 |        136 |       0 |    0 |   261 |      0 |      0 |          0 |
|                 gen_noresize.fifo_i                            |                                                                  hpdcache_fifo_reg__parameterized3 |        136 |        136 |       0 |    0 |   261 |      0 |      0 |          0 |
|             hpdcache_uc_i                                      |                                                                                  hpdcache_uncached |        118 |        118 |       0 |    0 |   145 |      0 |      0 |          0 |
|       i_frontend                                               |                                                                                           frontend |       2873 |       2753 |     120 |    0 |   493 |      0 |      0 |          0 |
|         (i_frontend)                                           |                                                                                           frontend |         64 |         64 |       0 |    0 |   175 |      0 |      0 |          0 |
|         btb_gen.i_btb                                          |                                                                                                btb |        195 |         99 |      96 |    0 |   132 |      0 |      0 |          0 |
|           gen_fpga_btb.gen_btb_ram[0].i_btb_ram                |                                                                                          SyncDpRam |         50 |         26 |      24 |    0 |    33 |      0 |      0 |          0 |
|           gen_fpga_btb.gen_btb_ram[1].i_btb_ram                |                                                                                      SyncDpRam_294 |         52 |         28 |      24 |    0 |    33 |      0 |      0 |          0 |
|           gen_fpga_btb.gen_btb_ram[2].i_btb_ram                |                                                                                      SyncDpRam_295 |         52 |         28 |      24 |    0 |    33 |      0 |      0 |          0 |
|         i_instr_queue                                          |                                                                                        instr_queue |       1232 |       1232 |       0 |    0 |    71 |      0 |      0 |          0 |
|           (i_instr_queue)                                      |                                                                                        instr_queue |        965 |        965 |       0 |    0 |    39 |      0 |      0 |          0 |
|           gen_instr_fifo[0].i_fifo_instr_data                  |                                                                                       cva6_fifo_v3 |         57 |         57 |       0 |    0 |     7 |      0 |      0 |          0 |
|           gen_instr_fifo[1].i_fifo_instr_data                  |                                                                                   cva6_fifo_v3_291 |         53 |         53 |       0 |    0 |     7 |      0 |      0 |          0 |
|           gen_instr_fifo[2].i_fifo_instr_data                  |                                                                                   cva6_fifo_v3_292 |        104 |        104 |       0 |    0 |     7 |      0 |      0 |          0 |
|           gen_instr_fifo[3].i_fifo_instr_data                  |                                                                                   cva6_fifo_v3_293 |         55 |         55 |       0 |    0 |     7 |      0 |      0 |          0 |
|         i_instr_realign                                        |                                                                                      instr_realign |       1259 |       1259 |       0 |    0 |    49 |      0 |      0 |          0 |
|         ras_gen.i_ras                                          |                                                                                                ras |        104 |        104 |       0 |    0 |    66 |      0 |      0 |          0 |
|       id_stage_i                                               |                                                                                           id_stage |       1741 |       1741 |       0 |    0 |   343 |      0 |      0 |          0 |
|   i_ariane_peripherals                                         |                                                                                 ariane_peripherals |       2469 |       2469 |       0 |    0 |  3282 |      0 |      0 |          0 |
|     gen_timer.i_axi2apb_64_32_timer                            |                                                                                      axi2apb_64_32 |        448 |        448 |       0 |    0 |   456 |      0 |      0 |          0 |
|       (gen_timer.i_axi2apb_64_32_timer)                        |                                                                                      axi2apb_64_32 |         10 |         10 |       0 |    0 |    92 |      0 |      0 |          0 |
|       slave_ar_buffer_i                                        |                                                                                  axi_ar_buffer_261 |        214 |        214 |       0 |    0 |    26 |      0 |      0 |          0 |
|         i_axi_single_slice                                     |                                                                               axi_single_slice_282 |        214 |        214 |       0 |    0 |    26 |      0 |      0 |          0 |
|           i_fifo                                               |                                                                                           fifo_283 |        214 |        214 |       0 |    0 |    26 |      0 |      0 |          0 |
|             impl                                               |                                                                        fifo_v2__parameterized1_284 |        214 |        214 |       0 |    0 |    26 |      0 |      0 |          0 |
|               i_fifo_v3                                        |                                                                        fifo_v3__parameterized6_285 |        214 |        214 |       0 |    0 |    26 |      0 |      0 |          0 |
|       slave_aw_buffer_i                                        |                                                                                  axi_aw_buffer_262 |         53 |         53 |       0 |    0 |    40 |      0 |      0 |          0 |
|         i_axi_single_slice                                     |                                                                               axi_single_slice_278 |         53 |         53 |       0 |    0 |    40 |      0 |      0 |          0 |
|           i_fifo                                               |                                                                                           fifo_279 |         53 |         53 |       0 |    0 |    40 |      0 |      0 |          0 |
|             impl                                               |                                                                        fifo_v2__parameterized1_280 |         53 |         53 |       0 |    0 |    40 |      0 |      0 |          0 |
|               i_fifo_v3                                        |                                                                        fifo_v3__parameterized6_281 |         53 |         53 |       0 |    0 |    40 |      0 |      0 |          0 |
|       slave_r_buffer_i                                         |                                                                                   axi_r_buffer_264 |        109 |        109 |       0 |    0 |   140 |      0 |      0 |          0 |
|         i_axi_single_slice                                     |                                                               axi_single_slice__parameterized1_270 |        109 |        109 |       0 |    0 |   140 |      0 |      0 |          0 |
|           i_fifo                                               |                                                                           fifo__parameterized1_271 |        109 |        109 |       0 |    0 |   140 |      0 |      0 |          0 |
|             impl                                               |                                                                        fifo_v2__parameterized3_272 |        109 |        109 |       0 |    0 |   140 |      0 |      0 |          0 |
|               i_fifo_v3                                        |                                                                        fifo_v3__parameterized8_273 |        109 |        109 |       0 |    0 |   140 |      0 |      0 |          0 |
|       slave_w_buffer_i                                         |                                                                                   axi_w_buffer_265 |         52 |         52 |       0 |    0 |   148 |      0 |      0 |          0 |
|         i_axi_single_slice                                     |                                                               axi_single_slice__parameterized0_266 |         52 |         52 |       0 |    0 |   148 |      0 |      0 |          0 |
|           i_fifo                                               |                                                                           fifo__parameterized0_267 |         52 |         52 |       0 |    0 |   148 |      0 |      0 |          0 |
|             impl                                               |                                                                        fifo_v2__parameterized2_268 |         52 |         52 |       0 |    0 |   148 |      0 |      0 |          0 |
|               i_fifo_v3                                        |                                                                        fifo_v3__parameterized7_269 |         52 |         52 |       0 |    0 |   148 |      0 |      0 |          0 |
|     gen_timer.i_timer                                          |                                                                                          apb_timer |        184 |        184 |       0 |    0 |   256 |      0 |      0 |          0 |
|       TIMER_GEN[0].timer_i                                     |                                                                                              timer |         92 |         92 |       0 |    0 |   128 |      0 |      0 |          0 |
|       TIMER_GEN[1].timer_i                                     |                                                                                          timer_260 |         92 |         92 |       0 |    0 |   128 |      0 |      0 |          0 |
|     gen_uart.i_apb_uart                                        |                                                                                           apb_uart |        746 |        746 |       0 |    0 |  1477 |      0 |      0 |          0 |
|       (gen_uart.i_apb_uart)                                    |                                                                                           apb_uart |         16 |         16 |       0 |    0 |   102 |      0 |      0 |          0 |
|       UART_RXFF                                                |                                                                          slib_fifo__parameterized1 |        360 |        360 |       0 |    0 |   736 |      0 |      0 |          0 |
|       UART_TXFF                                                |                                                                                          slib_fifo |        263 |        263 |       0 |    0 |   540 |      0 |      0 |          0 |
|     i_axi2apb_64_32_plic                                       |                                                                                  axi2apb_64_32_217 |        700 |        700 |       0 |    0 |   608 |      0 |      0 |          0 |
|       (i_axi2apb_64_32_plic)                                   |                                                                                  axi2apb_64_32_217 |          8 |          8 |       0 |    0 |   144 |      0 |      0 |          0 |
|       slave_ar_buffer_i                                        |                                                                                  axi_ar_buffer_224 |        344 |        344 |       0 |    0 |    80 |      0 |      0 |          0 |
|         i_axi_single_slice                                     |                                                                               axi_single_slice_245 |        344 |        344 |       0 |    0 |    80 |      0 |      0 |          0 |
|           i_fifo                                               |                                                                                           fifo_246 |        344 |        344 |       0 |    0 |    80 |      0 |      0 |          0 |
|             impl                                               |                                                                        fifo_v2__parameterized1_247 |        344 |        344 |       0 |    0 |    80 |      0 |      0 |          0 |
|               i_fifo_v3                                        |                                                                        fifo_v3__parameterized6_248 |        344 |        344 |       0 |    0 |    80 |      0 |      0 |          0 |
|       slave_aw_buffer_i                                        |                                                                                  axi_aw_buffer_225 |        173 |        173 |       0 |    0 |    94 |      0 |      0 |          0 |
|         i_axi_single_slice                                     |                                                                               axi_single_slice_241 |        173 |        173 |       0 |    0 |    94 |      0 |      0 |          0 |
|           i_fifo                                               |                                                                                           fifo_242 |        173 |        173 |       0 |    0 |    94 |      0 |      0 |          0 |
|             impl                                               |                                                                        fifo_v2__parameterized1_243 |        173 |        173 |       0 |    0 |    94 |      0 |      0 |          0 |
|               i_fifo_v3                                        |                                                                        fifo_v3__parameterized6_244 |        173 |        173 |       0 |    0 |    94 |      0 |      0 |          0 |
|       slave_r_buffer_i                                         |                                                                                   axi_r_buffer_227 |        111 |        111 |       0 |    0 |   136 |      0 |      0 |          0 |
|         i_axi_single_slice                                     |                                                               axi_single_slice__parameterized1_233 |        111 |        111 |       0 |    0 |   136 |      0 |      0 |          0 |
|           i_fifo                                               |                                                                           fifo__parameterized1_234 |        111 |        111 |       0 |    0 |   136 |      0 |      0 |          0 |
|             impl                                               |                                                                        fifo_v2__parameterized3_235 |        111 |        111 |       0 |    0 |   136 |      0 |      0 |          0 |
|               i_fifo_v3                                        |                                                                        fifo_v3__parameterized8_236 |        111 |        111 |       0 |    0 |   136 |      0 |      0 |          0 |
|       slave_w_buffer_i                                         |                                                                                   axi_w_buffer_228 |         50 |         50 |       0 |    0 |   144 |      0 |      0 |          0 |
|         i_axi_single_slice                                     |                                                               axi_single_slice__parameterized0_229 |         50 |         50 |       0 |    0 |   144 |      0 |      0 |          0 |
|           i_fifo                                               |                                                                           fifo__parameterized0_230 |         50 |         50 |       0 |    0 |   144 |      0 |      0 |          0 |
|             impl                                               |                                                                        fifo_v2__parameterized2_231 |         50 |         50 |       0 |    0 |   144 |      0 |      0 |          0 |
|               i_fifo_v3                                        |                                                                        fifo_v3__parameterized7_232 |         50 |         50 |       0 |    0 |   144 |      0 |      0 |          0 |
|     i_axi2apb_64_32_uart                                       |                                                                                  axi2apb_64_32_218 |        209 |        209 |       0 |    0 |   216 |      0 |      0 |          0 |
|       slave_w_buffer_i                                         |                                                                                       axi_w_buffer |         33 |         33 |       0 |    0 |    52 |      0 |      0 |          0 |
|         i_axi_single_slice                                     |                                                                   axi_single_slice__parameterized0 |         33 |         33 |       0 |    0 |    52 |      0 |      0 |          0 |
|           i_fifo                                               |                                                                               fifo__parameterized0 |         33 |         33 |       0 |    0 |    52 |      0 |      0 |          0 |
|             impl                                               |                                                                            fifo_v2__parameterized2 |         33 |         33 |       0 |    0 |    52 |      0 |      0 |          0 |
|               i_fifo_v3                                        |                                                                            fifo_v3__parameterized7 |         33 |         33 |       0 |    0 |    52 |      0 |      0 |          0 |
|       slave_ar_buffer_i                                        |                                                                                      axi_ar_buffer |         57 |         57 |       0 |    0 |    26 |      0 |      0 |          0 |
|         i_axi_single_slice                                     |                                                                               axi_single_slice_220 |         57 |         57 |       0 |    0 |    26 |      0 |      0 |          0 |
|           i_fifo                                               |                                                                                           fifo_221 |         57 |         57 |       0 |    0 |    26 |      0 |      0 |          0 |
|             impl                                               |                                                                        fifo_v2__parameterized1_222 |         57 |         57 |       0 |    0 |    26 |      0 |      0 |          0 |
|               i_fifo_v3                                        |                                                                        fifo_v3__parameterized6_223 |         57 |         57 |       0 |    0 |    26 |      0 |      0 |          0 |
|       slave_aw_buffer_i                                        |                                                                                      axi_aw_buffer |         56 |         56 |       0 |    0 |    40 |      0 |      0 |          0 |
|         i_axi_single_slice                                     |                                                                                   axi_single_slice |         56 |         56 |       0 |    0 |    40 |      0 |      0 |          0 |
|           i_fifo                                               |                                                                                               fifo |         56 |         56 |       0 |    0 |    40 |      0 |      0 |          0 |
|             impl                                               |                                                                            fifo_v2__parameterized1 |         56 |         56 |       0 |    0 |    40 |      0 |      0 |          0 |
|               i_fifo_v3                                        |                                                                            fifo_v3__parameterized6 |         56 |         56 |       0 |    0 |    40 |      0 |      0 |          0 |
|     i_plic                                                     |                                                                                           plic_top |        182 |        182 |       0 |    0 |   269 |      0 |      0 |          0 |
|       (i_plic)                                                 |                                                                                           plic_top |         88 |         88 |       0 |    0 |   217 |      0 |      0 |          0 |
|       i_rv_plic_gateway                                        |                                                                                    rv_plic_gateway |         63 |         63 |       0 |    0 |    44 |      0 |      0 |          0 |
|   i_axi2rom                                                    |                                                                            axi2mem__parameterized0 |         73 |         73 |       0 |    0 |    43 |      0 |      0 |          0 |
|   i_axi_dwidth_converter_dm_master                             |                                                                xlnx_axi_dwidth_converter_dm_master |        353 |        314 |       0 |   39 |   396 |      0 |      0 |          0 |
|     inst                                                       |                               xlnx_axi_dwidth_converter_dm_master_axi_dwidth_converter_v2_1_37_top |        353 |        314 |       0 |   39 |   396 |      0 |      0 |          0 |
|       gen_upsizer.gen_full_upsizer.axi_upsizer_inst            |                       xlnx_axi_dwidth_converter_dm_master_axi_dwidth_converter_v2_1_37_axi_upsizer |        353 |        314 |       0 |   39 |   396 |      0 |      0 |          0 |
|         USE_READ.gen_non_fifo_r_upsizer.mi_register_slice_inst |                  xlnx_axi_dwidth_converter_dm_master_axi_register_slice_v2_1_36_axi_register_slice |         36 |         36 |       0 |    0 |   132 |      0 |      0 |          0 |
|           r.r_pipe                                             | xlnx_axi_dwidth_converter_dm_master_axi_register_slice_v2_1_36_axic_register_slice__parameterized2 |         36 |         36 |       0 |    0 |   132 |      0 |      0 |          0 |
|         USE_READ.gen_non_fifo_r_upsizer.read_data_inst         |                         xlnx_axi_dwidth_converter_dm_master_axi_dwidth_converter_v2_1_37_r_upsizer |         56 |         56 |       0 |    0 |    18 |      0 |      0 |          0 |
|         USE_READ.read_addr_inst                                |         xlnx_axi_dwidth_converter_dm_master_axi_dwidth_converter_v2_1_37_a_upsizer__parameterized0 |         50 |         35 |       0 |   15 |    32 |      0 |      0 |          0 |
|         USE_WRITE.gen_non_fifo_w_upsizer.write_data_inst       |                         xlnx_axi_dwidth_converter_dm_master_axi_dwidth_converter_v2_1_37_w_upsizer |         32 |         32 |       0 |    0 |    90 |      0 |      0 |          0 |
|         USE_WRITE.write_addr_inst                              |                         xlnx_axi_dwidth_converter_dm_master_axi_dwidth_converter_v2_1_37_a_upsizer |        140 |        116 |       0 |   24 |    41 |      0 |      0 |          0 |
|           GEN_CMD_QUEUE.cmd_queue                              |         xlnx_axi_dwidth_converter_dm_master_generic_baseblocks_v2_1_2_command_fifo__parameterized0 |        129 |        105 |       0 |   24 |    32 |      0 |      0 |          0 |
|         si_register_slice_inst                                 |  xlnx_axi_dwidth_converter_dm_master_axi_register_slice_v2_1_36_axi_register_slice__parameterized0 |         44 |         44 |       0 |    0 |    83 |      0 |      0 |          0 |
|   i_axi_dwidth_converter_dm_slave                              |                                                                 xlnx_axi_dwidth_converter_dm_slave |        465 |        425 |      40 |    0 |   499 |      0 |      0 |          0 |
|     inst                                                       |                                xlnx_axi_dwidth_converter_dm_slave_axi_dwidth_converter_v2_1_37_top |        465 |        425 |      40 |    0 |   499 |      0 |      0 |          0 |
|       gen_downsizer.gen_simple_downsizer.axi_downsizer_inst    |                      xlnx_axi_dwidth_converter_dm_slave_axi_dwidth_converter_v2_1_37_axi_downsizer |        465 |        425 |      40 |    0 |   499 |      0 |      0 |          0 |
|         USE_READ.read_addr_inst                                |        xlnx_axi_dwidth_converter_dm_slave_axi_dwidth_converter_v2_1_37_a_downsizer__parameterized0 |        154 |        136 |      18 |    0 |   167 |      0 |      0 |          0 |
|           (USE_READ.read_addr_inst)                            |        xlnx_axi_dwidth_converter_dm_slave_axi_dwidth_converter_v2_1_37_a_downsizer__parameterized0 |         64 |         64 |       0 |    0 |    79 |      0 |      0 |          0 |
|           cmd_queue                                            |               xlnx_axi_dwidth_converter_dm_slave_axi_data_fifo_v2_1_36_axic_fifo__parameterized0_8 |         97 |         79 |      18 |    0 |    88 |      0 |      0 |          0 |
|             inst                                               |                xlnx_axi_dwidth_converter_dm_slave_axi_data_fifo_v2_1_36_fifo_gen__parameterized0_9 |         97 |         79 |      18 |    0 |    88 |      0 |      0 |          0 |
|               (inst)                                           |                xlnx_axi_dwidth_converter_dm_slave_axi_data_fifo_v2_1_36_fifo_gen__parameterized0_9 |         53 |         53 |       0 |    0 |     0 |      0 |      0 |          0 |
|               fifo_gen_inst                                    |                         xlnx_axi_dwidth_converter_dm_slave_fifo_generator_v13_2_14__parameterized0 |         44 |         26 |      18 |    0 |    88 |      0 |      0 |          0 |
|                 inst_fifo_gen                                  |                xlnx_axi_dwidth_converter_dm_slave_fifo_generator_v13_2_14_synth__parameterized0_10 |         44 |         26 |      18 |    0 |    88 |      0 |      0 |          0 |
|                   gconvfifo.rf                                 |                           xlnx_axi_dwidth_converter_dm_slave_fifo_generator_top__parameterized0_11 |         44 |         26 |      18 |    0 |    88 |      0 |      0 |          0 |
|                     grf.rf                                     |                       xlnx_axi_dwidth_converter_dm_slave_fifo_generator_ramfifo__parameterized0_12 |         44 |         26 |      18 |    0 |    88 |      0 |      0 |          0 |
|                       gntv_or_sync_fifo.mem                    |                                       xlnx_axi_dwidth_converter_dm_slave_memory__parameterized0_15 |         18 |          0 |      18 |    0 |    52 |      0 |      0 |          0 |
|         USE_READ.read_data_inst                                |                        xlnx_axi_dwidth_converter_dm_slave_axi_dwidth_converter_v2_1_37_r_downsizer |         50 |         50 |       0 |    0 |    77 |      0 |      0 |          0 |
|         USE_WRITE.write_addr_inst                              |                        xlnx_axi_dwidth_converter_dm_slave_axi_dwidth_converter_v2_1_37_a_downsizer |        213 |        191 |      22 |    0 |   232 |      0 |      0 |          0 |
|           (USE_WRITE.write_addr_inst)                          |                        xlnx_axi_dwidth_converter_dm_slave_axi_dwidth_converter_v2_1_37_a_downsizer |         86 |         86 |       0 |    0 |   100 |      0 |      0 |          0 |
|           cmd_queue                                            |                 xlnx_axi_dwidth_converter_dm_slave_axi_data_fifo_v2_1_36_axic_fifo__parameterized0 |         90 |         72 |      18 |    0 |    86 |      0 |      0 |          0 |
|             inst                                               |                  xlnx_axi_dwidth_converter_dm_slave_axi_data_fifo_v2_1_36_fifo_gen__parameterized0 |         90 |         72 |      18 |    0 |    86 |      0 |      0 |          0 |
|               fifo_gen_inst                                    |                      xlnx_axi_dwidth_converter_dm_slave_fifo_generator_v13_2_14__parameterized0__1 |         44 |         26 |      18 |    0 |    86 |      0 |      0 |          0 |
|                 inst_fifo_gen                                  |                   xlnx_axi_dwidth_converter_dm_slave_fifo_generator_v13_2_14_synth__parameterized0 |         44 |         26 |      18 |    0 |    86 |      0 |      0 |          0 |
|                   gconvfifo.rf                                 |                              xlnx_axi_dwidth_converter_dm_slave_fifo_generator_top__parameterized0 |         44 |         26 |      18 |    0 |    86 |      0 |      0 |          0 |
|                     grf.rf                                     |                          xlnx_axi_dwidth_converter_dm_slave_fifo_generator_ramfifo__parameterized0 |         44 |         26 |      18 |    0 |    86 |      0 |      0 |          0 |
|                       gntv_or_sync_fifo.mem                    |                                          xlnx_axi_dwidth_converter_dm_slave_memory__parameterized0 |         18 |          0 |      18 |    0 |    50 |      0 |      0 |          0 |
|   i_axi_riscv_atomics                                          |                                                                             axi_riscv_atomics_wrap |        926 |        926 |       0 |    0 |   463 |      0 |      0 |          0 |
|     i_atomics                                                  |                                                                                  axi_riscv_atomics |        926 |        926 |       0 |    0 |   463 |      0 |      0 |          0 |
|       i_amos                                                   |                                                                                     axi_riscv_amos |        695 |        695 |       0 |    0 |   166 |      0 |      0 |          0 |
|       i_lrsc                                                   |                                                                                     axi_riscv_lrsc |        232 |        232 |       0 |    0 |   297 |      0 |      0 |          0 |
|         i_art                                                  |                                                                                        axi_res_tbl |        210 |        210 |       0 |    0 |   256 |      0 |      0 |          0 |
|   i_axi_xbar                                                   |                                                                                      axi_xbar_intf |       4068 |       4068 |       0 |    0 |  3803 |      0 |      0 |          0 |
|     i_xbar                                                     |                                                                                           axi_xbar |       4068 |       4068 |       0 |    0 |  3803 |      0 |      0 |          0 |
|       gen_slv_port_demux[1].i_axi_err_slv                      |                                                                                     axi_err_slv_13 |         63 |         63 |       0 |    0 |    36 |      0 |      0 |          0 |
|       gen_mst_port_mux[0].i_axi_mux                            |                                                                                            axi_mux |        285 |        285 |       0 |    0 |   494 |      0 |      0 |          0 |
|         gen_mux.i_w_spill_reg                                  |                                                                 spill_register__parameterized0_211 |         40 |         40 |       0 |    0 |   148 |      0 |      0 |          0 |
|           spill_register_flushable_i                           |                                                       spill_register_flushable__parameterized0_212 |         40 |         40 |       0 |    0 |   148 |      0 |      0 |          0 |
|         gen_mux.i_ar_spill_reg                                 |                                                                 spill_register__parameterized6_205 |         29 |         29 |       0 |    0 |    82 |      0 |      0 |          0 |
|           spill_register_flushable_i                           |                                                       spill_register_flushable__parameterized6_216 |         29 |         29 |       0 |    0 |    82 |      0 |      0 |          0 |
|         gen_mux.i_aw_spill_reg                                 |                                                                 spill_register__parameterized4_207 |         96 |         96 |       0 |    0 |    96 |      0 |      0 |          0 |
|           spill_register_flushable_i                           |                                                       spill_register_flushable__parameterized4_215 |         96 |         96 |       0 |    0 |    96 |      0 |      0 |          0 |
|         gen_mux.i_r_spill_reg                                  |                                                                 spill_register__parameterized7_209 |         93 |         93 |       0 |    0 |   140 |      0 |      0 |          0 |
|           spill_register_flushable_i                           |                                                       spill_register_flushable__parameterized7_213 |         93 |         93 |       0 |    0 |   140 |      0 |      0 |          0 |
|       gen_mst_port_mux[1].i_axi_mux                            |                                                                                          axi_mux_0 |         50 |         50 |       0 |    0 |    22 |      0 |      0 |          0 |
|       gen_mst_port_mux[4].i_axi_mux                            |                                                                                          axi_mux_3 |        255 |        255 |       0 |    0 |   366 |      0 |      0 |          0 |
|         gen_mux.i_w_spill_reg                                  |                                                                 spill_register__parameterized0_163 |         37 |         37 |       0 |    0 |   146 |      0 |      0 |          0 |
|           spill_register_flushable_i                           |                                                       spill_register_flushable__parameterized0_164 |         37 |         37 |       0 |    0 |   146 |      0 |      0 |          0 |
|         gen_mux.i_r_spill_reg                                  |                                                                 spill_register__parameterized7_161 |        168 |        168 |       0 |    0 |   138 |      0 |      0 |          0 |
|           spill_register_flushable_i                           |                                                       spill_register_flushable__parameterized7_165 |        168 |        168 |       0 |    0 |   138 |      0 |      0 |          0 |
|       gen_mst_port_mux[5].i_axi_mux                            |                                                                                          axi_mux_4 |         67 |         67 |       0 |    0 |   174 |      0 |      0 |          0 |
|         gen_mux.i_w_spill_reg                                  |                                                                 spill_register__parameterized0_150 |         13 |         13 |       0 |    0 |    50 |      0 |      0 |          0 |
|           spill_register_flushable_i                           |                                                       spill_register_flushable__parameterized0_151 |         13 |         13 |       0 |    0 |    50 |      0 |      0 |          0 |
|       gen_mst_port_mux[6].i_axi_mux                            |                                                                                          axi_mux_5 |        180 |        180 |       0 |    0 |   466 |      0 |      0 |          0 |
|         gen_mux.i_w_spill_reg                                  |                                                                 spill_register__parameterized0_137 |         36 |         36 |       0 |    0 |   142 |      0 |      0 |          0 |
|           spill_register_flushable_i                           |                                                       spill_register_flushable__parameterized0_138 |         36 |         36 |       0 |    0 |   142 |      0 |      0 |          0 |
|         gen_mux.i_ar_spill_reg                                 |                                                                 spill_register__parameterized6_131 |         22 |         22 |       0 |    0 |    78 |      0 |      0 |          0 |
|           spill_register_flushable_i                           |                                                       spill_register_flushable__parameterized6_142 |         22 |         22 |       0 |    0 |    78 |      0 |      0 |          0 |
|         gen_mux.i_aw_spill_reg                                 |                                                                 spill_register__parameterized4_133 |         25 |         25 |       0 |    0 |    92 |      0 |      0 |          0 |
|           spill_register_flushable_i                           |                                                       spill_register_flushable__parameterized4_141 |         25 |         25 |       0 |    0 |    92 |      0 |      0 |          0 |
|         gen_mux.i_r_spill_reg                                  |                                                                 spill_register__parameterized7_135 |         70 |         70 |       0 |    0 |   134 |      0 |      0 |          0 |
|           spill_register_flushable_i                           |                                                       spill_register_flushable__parameterized7_139 |         70 |         70 |       0 |    0 |   134 |      0 |      0 |          0 |
|       gen_mst_port_mux[7].i_axi_mux                            |                                                                                          axi_mux_6 |        138 |        138 |       0 |    0 |   376 |      0 |      0 |          0 |
|         gen_mux.i_w_spill_reg                                  |                                                                 spill_register__parameterized0_124 |         38 |         38 |       0 |    0 |   138 |      0 |      0 |          0 |
|           spill_register_flushable_i                           |                                                       spill_register_flushable__parameterized0_125 |         38 |         38 |       0 |    0 |   138 |      0 |      0 |          0 |
|         gen_mux.i_r_spill_reg                                  |                                                                 spill_register__parameterized7_122 |         38 |         38 |       0 |    0 |   138 |      0 |      0 |          0 |
|           spill_register_flushable_i                           |                                                       spill_register_flushable__parameterized7_126 |         38 |         38 |       0 |    0 |   138 |      0 |      0 |          0 |
|       gen_mst_port_mux[8].i_axi_mux                            |                                                                                          axi_mux_7 |        260 |        260 |       0 |    0 |   240 |      0 |      0 |          0 |
|         gen_mux.i_r_spill_reg                                  |                                                                 spill_register__parameterized7_109 |        162 |        162 |       0 |    0 |   138 |      0 |      0 |          0 |
|           spill_register_flushable_i                           |                                                       spill_register_flushable__parameterized7_113 |        162 |        162 |       0 |    0 |   138 |      0 |      0 |          0 |
|       gen_mst_port_mux[9].i_axi_mux                            |                                                                                          axi_mux_8 |        138 |        138 |       0 |    0 |   408 |      0 |      0 |          0 |
|         gen_mux.i_w_spill_reg                                  |                                                                 spill_register__parameterized0_102 |         40 |         40 |       0 |    0 |   146 |      0 |      0 |          0 |
|           spill_register_flushable_i                           |                                                       spill_register_flushable__parameterized0_103 |         40 |         40 |       0 |    0 |   146 |      0 |      0 |          0 |
|         gen_mux.i_aw_spill_reg                                 |                                                                     spill_register__parameterized4 |         19 |         19 |       0 |    0 |    56 |      0 |      0 |          0 |
|           spill_register_flushable_i                           |                                                           spill_register_flushable__parameterized4 |         19 |         19 |       0 |    0 |    56 |      0 |      0 |          0 |
|         gen_mux.i_r_spill_reg                                  |                                                                     spill_register__parameterized7 |         41 |         41 |       0 |    0 |   140 |      0 |      0 |          0 |
|           spill_register_flushable_i                           |                                                           spill_register_flushable__parameterized7 |         41 |         41 |       0 |    0 |   140 |      0 |      0 |          0 |
|       gen_slv_port_demux[0].i_axi_ar_decode                    |                                                                                        addr_decode |        247 |        247 |       0 |    0 |     0 |      0 |      0 |          0 |
|       gen_slv_port_demux[0].i_axi_aw_decode                    |                                                                                      addr_decode_9 |        247 |        247 |       0 |    0 |     0 |      0 |      0 |          0 |
|       gen_slv_port_demux[0].i_axi_demux                        |                                                                                          axi_demux |        581 |        581 |       0 |    0 |   527 |      0 |      0 |          0 |
|         gen_demux.i_w_spill_reg                                |                                                                  spill_register__parameterized0_64 |         25 |         25 |       0 |    0 |    84 |      0 |      0 |          0 |
|           spill_register_flushable_i                           |                                                        spill_register_flushable__parameterized0_65 |         25 |         25 |       0 |    0 |    84 |      0 |      0 |          0 |
|         gen_demux.i_ar_spill_reg                               |                                                                  spill_register__parameterized2_57 |         75 |         75 |       0 |    0 |    88 |      0 |      0 |          0 |
|           spill_register_flushable_i                           |                                                        spill_register_flushable__parameterized2_69 |         75 |         75 |       0 |    0 |    88 |      0 |      0 |          0 |
|         gen_demux.i_aw_spill_reg                               |                                                                                  spill_register_58 |        195 |        195 |       0 |    0 |    88 |      0 |      0 |          0 |
|           spill_register_flushable_i                           |                                                                        spill_register_flushable_68 |        195 |        195 |       0 |    0 |    88 |      0 |      0 |          0 |
|         gen_demux.i_r_mux                                      |                                                                     rr_arb_tree__parameterized0_61 |        103 |        103 |       0 |    0 |    16 |      0 |      0 |          0 |
|         gen_demux.i_r_spill_reg                                |                                                                  spill_register__parameterized3_62 |         95 |         95 |       0 |    0 |   138 |      0 |      0 |          0 |
|           spill_register_flushable_i                           |                                                        spill_register_flushable__parameterized3_66 |         95 |         95 |       0 |    0 |   138 |      0 |      0 |          0 |
|       gen_slv_port_demux[0].i_axi_err_slv                      |                                                                                        axi_err_slv |         99 |         99 |       0 |    0 |    72 |      0 |      0 |          0 |
|       gen_slv_port_demux[1].i_axi_ar_decode                    |                                                                                     addr_decode_10 |        252 |        252 |       0 |    0 |     0 |      0 |      0 |          0 |
|       gen_slv_port_demux[1].i_axi_aw_decode                    |                                                                                     addr_decode_11 |        252 |        252 |       0 |    0 |     0 |      0 |      0 |          0 |
|       gen_slv_port_demux[1].i_axi_demux                        |                                                                                       axi_demux_12 |        962 |        962 |       0 |    0 |   570 |      0 |      0 |          0 |
|         gen_demux.i_w_spill_reg                                |                                                                     spill_register__parameterized0 |        399 |        399 |       0 |    0 |   152 |      0 |      0 |          0 |
|           spill_register_flushable_i                           |                                                           spill_register_flushable__parameterized0 |        399 |        399 |       0 |    0 |   152 |      0 |      0 |          0 |
|         gen_demux.i_ar_spill_reg                               |                                                                     spill_register__parameterized2 |        218 |        218 |       0 |    0 |    80 |      0 |      0 |          0 |
|           spill_register_flushable_i                           |                                                           spill_register_flushable__parameterized2 |        218 |        218 |       0 |    0 |    80 |      0 |      0 |          0 |
|         gen_demux.i_aw_spill_reg                               |                                                                                     spill_register |        119 |        119 |       0 |    0 |    96 |      0 |      0 |          0 |
|           spill_register_flushable_i                           |                                                                           spill_register_flushable |        119 |        119 |       0 |    0 |    96 |      0 |      0 |          0 |
|         gen_demux.i_r_mux                                      |                                                                        rr_arb_tree__parameterized0 |        108 |        108 |       0 |    0 |    16 |      0 |      0 |          0 |
|         gen_demux.i_r_spill_reg                                |                                                                     spill_register__parameterized3 |         38 |         38 |       0 |    0 |   132 |      0 |      0 |          0 |
|           spill_register_flushable_i                           |                                                           spill_register_flushable__parameterized3 |         38 |         38 |       0 |    0 |   132 |      0 |      0 |          0 |
|   i_bootrom                                                    |                                                                                         bootrom_32 |         65 |         65 |       0 |    0 |    10 |      2 |      0 |          0 |
|   i_clint                                                      |                                                                                              clint |        181 |        181 |       0 |    0 |   153 |      0 |      0 |          0 |
|     (i_clint)                                                  |                                                                                              clint |         32 |         32 |       0 |    0 |   129 |      0 |      0 |          0 |
|     axi_lite_interface_i                                       |                                                                                 axi_lite_interface |        149 |        149 |       0 |    0 |    21 |      0 |      0 |          0 |
|   i_dm_axi2mem                                                 |                                                                                            axi2mem |        259 |        259 |       0 |    0 |    44 |      0 |      0 |          0 |
|   i_dm_axi_master                                              |                                                                                        axi_adapter |         65 |         65 |       0 |    0 |    40 |      0 |      0 |          0 |
|   i_dm_top                                                     |                                                                                             dm_top |        502 |        502 |       0 |    0 |   677 |      0 |      0 |          0 |
|     i_dm_csrs                                                  |                                                                                            dm_csrs |        367 |        367 |       0 |    0 |   599 |      0 |      0 |          0 |
|       (i_dm_csrs)                                              |                                                                                            dm_csrs |        238 |        238 |       0 |    0 |   531 |      0 |      0 |          0 |
|       i_fifo                                                   |                                                                            fifo_v2__parameterized0 |        129 |        129 |       0 |    0 |    68 |      0 |      0 |          0 |
|         i_fifo_v3                                              |                                                                            fifo_v3__parameterized5 |        129 |        129 |       0 |    0 |    68 |      0 |      0 |          0 |
|     i_dm_mem                                                   |                                                                                             dm_mem |         94 |         94 |       0 |    0 |    75 |      0 |      0 |          0 |
|       (i_dm_mem)                                               |                                                                                             dm_mem |          8 |          8 |       0 |    0 |    70 |      0 |      0 |          0 |
|       gen_rom_snd_scratch.i_debug_rom                          |                                                                                          debug_rom |         86 |         86 |       0 |    0 |     5 |      0 |      0 |          0 |
|   i_dmi_jtag                                                   |                                                                                           dmi_jtag |        457 |        457 |       0 |    0 |   340 |      0 |      0 |          0 |
|     (i_dmi_jtag)                                               |                                                                                           dmi_jtag |          1 |          1 |       0 |    0 |    84 |      0 |      0 |          0 |
|     i_dmi_cdc                                                  |                                                                                            dmi_cdc |        336 |        336 |       0 |    0 |   164 |      0 |      0 |          0 |
|       i_cdc_req                                                |                                                                                         cdc_2phase |        294 |        294 |       0 |    0 |    89 |      0 |      0 |          0 |
|         i_dst                                                  |                                                                                     cdc_2phase_dst |        291 |        291 |       0 |    0 |    45 |      0 |      0 |          0 |
|       i_cdc_resp                                               |                                                                         cdc_2phase__parameterized0 |         42 |         42 |       0 |    0 |    75 |      0 |      0 |          0 |
|     i_dmi_jtag_tap                                             |                                                                                       dmi_jtag_tap |        121 |        121 |       0 |    0 |    92 |      0 |      0 |          0 |
|   i_xlnx_blk_mem_gen                                           |                                                                                   xlnx_blk_mem_gen |        335 |        330 |       4 |    1 |   107 |     48 |      0 |          0 |
|     U0                                                         |                                                               xlnx_blk_mem_gen_blk_mem_gen_v8_4_12 |        335 |        330 |       4 |    1 |   107 |     48 |      0 |          0 |
|       inst_blk_mem_gen                                         |                                                         xlnx_blk_mem_gen_blk_mem_gen_v8_4_12_synth |        335 |        330 |       4 |    1 |   107 |     48 |      0 |          0 |
|         gnbram.gaxibmg.axi_blk_mem_gen                         |                                                                   xlnx_blk_mem_gen_blk_mem_gen_top |        177 |        176 |       0 |    1 |    11 |     48 |      0 |          0 |
|           valid.cstr                                           |                                                          xlnx_blk_mem_gen_blk_mem_gen_generic_cstr |        177 |        176 |       0 |    1 |    11 |     48 |      0 |          0 |
|             has_mux_b.B                                        |                                                   xlnx_blk_mem_gen_blk_mem_gen_mux__parameterized0 |        128 |        128 |       0 |    0 |     3 |      0 |      0 |          0 |
|         gnbram.gaxibmg.axi_rd_sm                               |                                                          xlnx_blk_mem_gen_blk_mem_axi_read_wrapper |         85 |         85 |       0 |    0 |    45 |      0 |      0 |          0 |
|           axi_read_fsm                                         |                                                              xlnx_blk_mem_gen_blk_mem_axi_read_fsm |         79 |         79 |       0 |    0 |     6 |      0 |      0 |          0 |
|         gnbram.gaxibmg.axi_wr_fsm                              |                                                         xlnx_blk_mem_gen_blk_mem_axi_write_wrapper |         74 |         70 |       4 |    0 |    51 |      0 |      0 |          0 |
|           axi_wr_fsm                                           |                                                             xlnx_blk_mem_gen_blk_mem_axi_write_fsm |         55 |         55 |       0 |    0 |     4 |      0 |      0 |          0 |
+----------------------------------------------------------------+----------------------------------------------------------------------------------------------------+------------+------------+---------+------+-------+--------+--------+------------+
* Note: The sum of lower-level cells may be larger than their parent cells total, due to cross-hierarchy LUT combining


