Copyright 1986-2022 Xilinx, Inc. All Rights Reserved. Copyright 2022-2024 Advanced Micro Devices, Inc. All Rights Reserved.
---------------------------------------------------------------------------------------------------------------------------------------------
| Tool Version : Vivado v.2024.1 (lin64) Build 5076996 Wed May 22 18:36:09 MDT 2024
| Date         : Sun Oct  4 14:39:21 2026
| Host         : telmo-HYM-WXX running 64-bit Ubuntu 24.04.5 LTS
| Command      : report_timing -nworst 1 -delay_type max -sort_by group -file reports_cva6_fpga_impl/cva6_fpga.timing.rpt
| Design       : cva6_zybo_z7_20
| Device       : 7z020-clg400
| Speed File   : -1  PRODUCTION 1.12 2019-11-22
| Design State : Routed
---------------------------------------------------------------------------------------------------------------------------------------------

Timing Report

Slack (VIOLATED) :        -0.966ns  (required time - arrival time)
  Source:                 i_ariane/i_cva6/issue_stage_i/i_issue_register_allocation_table/rat_q_reg[rat][7][2]/C
                            (rising edge-triggered cell FDPE clocked by clk_out1_xlnx_clk_gen  {rise@0.000ns fall@12.500ns period=25.000ns})
  Destination:            i_ariane/i_cva6/issue_stage_i/i_issue_read_operands/fu_data_q_reg[1][operand_b][22]/D
                            (rising edge-triggered cell FDCE clocked by clk_out1_xlnx_clk_gen  {rise@0.000ns fall@12.500ns period=25.000ns})
  Path Group:             clk_out1_xlnx_clk_gen
  Path Type:              Setup (Max at Slow Process Corner)
  Requirement:            25.000ns  (clk_out1_xlnx_clk_gen rise@25.000ns - clk_out1_xlnx_clk_gen rise@0.000ns)
  Data Path Delay:        23.843ns  (logic 5.051ns (21.184%)  route 18.792ns (78.816%))
  Logic Levels:           27  (CARRY4=2 LUT3=2 LUT4=2 LUT5=1 LUT6=17 MUXF7=2 MUXF8=1)
  Clock Path Skew:        -0.070ns (DCD - SCD + CPR)
    Destination Clock Delay (DCD):    -1.438ns = ( 23.562 - 25.000 ) 
    Source Clock Delay      (SCD):    -0.783ns
    Clock Pessimism Removal (CPR):    0.585ns
  Clock Uncertainty:      2.082ns  ((TSJ^2 + DJ^2)^1/2) / 2 + PE + UU
    Total System Jitter     (TSJ):    0.071ns
    Discrete Jitter          (DJ):    0.149ns
    Phase Error              (PE):    0.000ns
    User Uncertainty         (UU):    2.000ns

    Location             Delay type                Incr(ns)  Path(ns)    Netlist Resource(s)
  -------------------------------------------------------------------    -------------------
                         (clock clk_out1_xlnx_clk_gen rise edge)
                                                      0.000     0.000 r  
    K17                                               0.000     0.000 r  clk_sys (IN)
                         net (fo=0)                   0.000     0.000    i_xlnx_clk_gen/inst/clk_in1
    K17                  IBUF (Prop_ibuf_I_O)         1.475     1.475 r  i_xlnx_clk_gen/inst/clkin1_ibufg/O
                         net (fo=1, routed)           1.285     2.760    i_xlnx_clk_gen/inst/clk_in1_xlnx_clk_gen
    MMCME2_ADV_X1Y2      MMCME2_ADV (Prop_mmcme2_adv_CLKIN1_CLKOUT0)
                                                     -7.759    -4.999 r  i_xlnx_clk_gen/inst/mmcm_adv_inst/CLKOUT0
                         net (fo=1, routed)           2.206    -2.793    i_xlnx_clk_gen/inst/clk_out1_xlnx_clk_gen
    BUFGCTRL_X0Y16       BUFG (Prop_bufg_I_O)         0.101    -2.692 r  i_xlnx_clk_gen/inst/clkout1_buf/O
                         net (fo=21098, routed)       1.909    -0.783    i_ariane/i_cva6/issue_stage_i/i_issue_register_allocation_table/clk_out1
    SLICE_X87Y136        FDPE                                         r  i_ariane/i_cva6/issue_stage_i/i_issue_register_allocation_table/rat_q_reg[rat][7][2]/C
  -------------------------------------------------------------------    -------------------
    SLICE_X87Y136        FDPE (Prop_fdpe_C_Q)         0.456    -0.327 f  i_ariane/i_cva6/issue_stage_i/i_issue_register_allocation_table/rat_q_reg[rat][7][2]/Q
                         net (fo=7, routed)           1.358     1.031    i_ariane/i_cva6/issue_stage_i/i_issue_register_allocation_table/rat_q_reg[rat][7]_64[2]
    SLICE_X93Y137        LUT6 (Prop_lut6_I0_O)        0.124     1.155 f  i_ariane/i_cva6/issue_stage_i/i_issue_register_allocation_table/instr_queue_q[instr][0][rs1][2]_i_23/O
                         net (fo=1, routed)           0.000     1.155    i_ariane/i_cva6/issue_stage_i/i_issue_register_allocation_table/instr_queue_q[instr][0][rs1][2]_i_23_n_0
    SLICE_X93Y137        MUXF7 (Prop_muxf7_I1_O)      0.245     1.400 f  i_ariane/i_cva6/issue_stage_i/i_issue_register_allocation_table/instr_queue_q_reg[instr][0][rs1][2]_i_9/O
                         net (fo=1, routed)           1.088     2.488    i_ariane/i_cva6/issue_stage_i/i_issue_register_allocation_table/instr_queue_q_reg[instr][0][rs1][2]_i_9_n_0
    SLICE_X94Y134        LUT6 (Prop_lut6_I5_O)        0.298     2.786 r  i_ariane/i_cva6/issue_stage_i/i_issue_register_allocation_table/instr_queue_q[instr][0][rs1][2]_i_3/O
                         net (fo=43, routed)          1.262     4.048    i_ariane/i_cva6/issue_stage_i/i_issue_register_allocation_table/issue_q_reg[0][sbe][rs1][4]_3
    SLICE_X100Y130       LUT6 (Prop_lut6_I2_O)        0.124     4.172 r  i_ariane/i_cva6/issue_stage_i/i_issue_register_allocation_table/rs_q_reg[valids][0][0]_i_50/O
                         net (fo=1, routed)           0.000     4.172    i_ariane/i_cva6/issue_stage_i/i_issue_register_allocation_table/rs_q_reg[valids][0][0]_i_50_n_0
    SLICE_X100Y130       MUXF7 (Prop_muxf7_I0_O)      0.241     4.413 r  i_ariane/i_cva6/issue_stage_i/i_issue_register_allocation_table/rs_q_reg[valid_regs][0][0]_i_36/O
                         net (fo=2, routed)           0.000     4.413    i_ariane/i_cva6/issue_stage_i/i_issue_register_allocation_table/rs_q_reg[valid_regs][0][0]_i_36_n_0
    SLICE_X100Y130       MUXF8 (Prop_muxf8_I0_O)      0.098     4.511 r  i_ariane/i_cva6/issue_stage_i/i_issue_register_allocation_table/regfile_ram_block[3].mem_reg[3][47]_r1_0_63_0_2_i_581/O
                         net (fo=8, routed)           0.863     5.374    i_ariane/i_cva6/issue_stage_i/i_issue_register_allocation_table/regfile_ram_block[3].mem_reg[3][47]_r1_0_63_0_2_i_581_n_0
    SLICE_X103Y129       LUT6 (Prop_lut6_I0_O)        0.319     5.693 f  i_ariane/i_cva6/issue_stage_i/i_issue_register_allocation_table/regfile_ram_block[3].mem_reg[3][47]_r1_0_63_0_2_i_496/O
                         net (fo=3, routed)           0.793     6.486    i_ariane/i_cva6/issue_stage_i/i_issue_register_allocation_table/regfile_ram_block[3].mem_reg[3][47]_r1_0_63_0_2_i_496_n_0
    SLICE_X104Y126       LUT6 (Prop_lut6_I0_O)        0.124     6.610 r  i_ariane/i_cva6/issue_stage_i/i_issue_register_allocation_table/regfile_ram_block[3].mem_reg[3][47]_r1_0_63_0_2_i_389/O
                         net (fo=1, routed)           0.670     7.280    i_ariane/i_cva6/issue_stage_i/i_issue_register_allocation_table/regfile_ram_block[3].mem_reg[3][47]_r1_0_63_0_2_i_389_n_0
    SLICE_X104Y126       LUT6 (Prop_lut6_I3_O)        0.124     7.404 r  i_ariane/i_cva6/issue_stage_i/i_issue_register_allocation_table/regfile_ram_block[3].mem_reg[3][47]_r1_0_63_0_2_i_277/O
                         net (fo=7, routed)           0.630     8.035    i_ariane/i_cva6/issue_stage_i/i_issue_register_allocation_table/regfile_ram_block[3].mem_reg[3][47]_r1_0_63_0_2_i_277_n_0
    SLICE_X105Y124       LUT6 (Prop_lut6_I3_O)        0.124     8.159 r  i_ariane/i_cva6/issue_stage_i/i_issue_register_allocation_table/regfile_ram_block[3].mem_reg[3][47]_r1_0_63_0_2_i_123/O
                         net (fo=41, routed)          1.283     9.442    i_ariane/i_cva6/issue_stage_i/gen_rs_blocks[1].rs_instance.i_reservation_station/i_tournament_tree_oldest_valid/fu_data_q_reg[1][global_id][0]
    SLICE_X91Y122        LUT6 (Prop_lut6_I3_O)        0.124     9.566 r  i_ariane/i_cva6/issue_stage_i/gen_rs_blocks[1].rs_instance.i_reservation_station/i_tournament_tree_oldest_valid/fu_data_q[1][global_id][2]_i_2/O
                         net (fo=14, routed)          1.092    10.658    i_ariane/i_cva6/issue_stage_i/gen_rs_blocks[1].rs_instance.i_reservation_station/i_tournament_tree_oldest_valid/DI[2]
    SLICE_X89Y120        LUT6 (Prop_lut6_I3_O)        0.124    10.782 r  i_ariane/i_cva6/issue_stage_i/gen_rs_blocks[1].rs_instance.i_reservation_station/i_tournament_tree_oldest_valid/regfile_ram_block[3].mem_reg[3][47]_r1_0_63_0_2_i_393/O
                         net (fo=6, routed)           0.949    11.730    i_ariane/i_cva6/issue_stage_i/gen_rs_blocks[1].rs_instance.i_reservation_station/i_tournament_tree_oldest_valid/regfile_ram_block[3].mem_reg[3][47]_r1_0_63_0_2_i_393_n_0
    SLICE_X93Y117        LUT3 (Prop_lut3_I1_O)        0.124    11.854 r  i_ariane/i_cva6/issue_stage_i/gen_rs_blocks[1].rs_instance.i_reservation_station/i_tournament_tree_oldest_valid/regfile_ram_block[3].mem_reg[3][47]_r1_0_63_0_2_i_280/O
                         net (fo=36, routed)          0.969    12.824    i_ariane/i_cva6/issue_stage_i/gen_rs_blocks[1].rs_instance.i_reservation_station/i_tournament_tree_oldest_valid/i_global_tournament_tree/is_older_return9_out
    SLICE_X85Y116        LUT6 (Prop_lut6_I5_O)        0.124    12.948 r  i_ariane/i_cva6/issue_stage_i/gen_rs_blocks[1].rs_instance.i_reservation_station/i_tournament_tree_oldest_valid/regfile_ram_block[3].mem_reg[3][47]_r1_0_63_0_2_i_401/O
                         net (fo=1, routed)           0.000    12.948    i_ariane/i_cva6/issue_stage_i/i_global_tournament_tree/regfile_ram_block[3].mem_reg[3][47]_r1_0_63_0_2_i_127_0[3]
    SLICE_X85Y116        CARRY4 (Prop_carry4_S[3]_CO[3])
                                                      0.401    13.349 r  i_ariane/i_cva6/issue_stage_i/i_global_tournament_tree/regfile_ram_block[3].mem_reg[3][47]_r1_0_63_0_2_i_283/CO[3]
                         net (fo=1, routed)           0.000    13.349    i_ariane/i_cva6/issue_stage_i/i_global_tournament_tree/regfile_ram_block[3].mem_reg[3][47]_r1_0_63_0_2_i_283_n_0
    SLICE_X85Y117        CARRY4 (Prop_carry4_CI_O[1])
                                                      0.334    13.683 f  i_ariane/i_cva6/issue_stage_i/i_global_tournament_tree/regfile_ram_block[3].mem_reg[3][47]_r1_0_63_0_2_i_127/O[1]
                         net (fo=8, routed)           0.365    14.047    i_ariane/i_cva6/issue_stage_i/gen_rs_blocks[1].rs_instance.i_reservation_station/i_tournament_tree_oldest_valid/O[0]
    SLICE_X87Y117        LUT6 (Prop_lut6_I5_O)        0.303    14.350 r  i_ariane/i_cva6/issue_stage_i/gen_rs_blocks[1].rs_instance.i_reservation_station/i_tournament_tree_oldest_valid/fu_data_q[1][fu][2]_i_14/O
                         net (fo=3, routed)           0.658    15.008    i_ariane/i_cva6/issue_stage_i/gen_rs_blocks[1].rs_instance.i_reservation_station/i_tournament_tree_oldest_valid/is_older_return6_out
    SLICE_X87Y118        LUT6 (Prop_lut6_I4_O)        0.124    15.132 r  i_ariane/i_cva6/issue_stage_i/gen_rs_blocks[1].rs_instance.i_reservation_station/i_tournament_tree_oldest_valid/regfile_ram_block[3].mem_reg[3][47]_r3_0_63_0_2_i_20/O
                         net (fo=5, routed)           0.464    15.596    i_ariane/i_cva6/issue_stage_i/i_lsq_bypass/fu_data_q_reg[1][global_id][3]_3
    SLICE_X85Y119        LUT6 (Prop_lut6_I4_O)        0.124    15.720 r  i_ariane/i_cva6/issue_stage_i/i_lsq_bypass/regfile_ram_block[3].mem_reg[3][47]_r3_0_63_0_2_i_22/O
                         net (fo=33, routed)          1.165    16.885    i_ariane/i_cva6/issue_stage_i/i_issue_register_allocation_table/is_result_available_gpr_q[47]_i_19_1
    SLICE_X81Y126        LUT6 (Prop_lut6_I5_O)        0.124    17.009 f  i_ariane/i_cva6/issue_stage_i/i_issue_register_allocation_table/regfile_ram_block[3].mem_reg[3][47]_r4_0_63_0_2_i_15/O
                         net (fo=1, routed)           0.291    17.300    i_ariane/i_cva6/issue_stage_i/gen_rs_blocks[1].rs_instance.i_reservation_station/i_tournament_tree_oldest_valid/regfile_ram_block[3].mem_reg[3][47]_r4_0_63_30_31
    SLICE_X81Y127        LUT3 (Prop_lut3_I2_O)        0.124    17.424 f  i_ariane/i_cva6/issue_stage_i/gen_rs_blocks[1].rs_instance.i_reservation_station/i_tournament_tree_oldest_valid/regfile_ram_block[3].mem_reg[3][47]_r4_0_63_0_2_i_6/O
                         net (fo=164, routed)         1.079    18.504    i_ariane/i_cva6/issue_stage_i/gen_rs_blocks[1].rs_instance.i_reservation_station/i_tournament_tree_oldest_valid/regfile_ram_block[3].mem_reg[3][47]_r4_0_63_0_2_i_15
    SLICE_X80Y132        LUT4 (Prop_lut4_I1_O)        0.124    18.628 r  i_ariane/i_cva6/issue_stage_i/gen_rs_blocks[1].rs_instance.i_reservation_station/i_tournament_tree_oldest_valid/fu_data_q[1][operand_b][31]_i_74/O
                         net (fo=1, routed)           0.633    19.261    i_ariane/i_cva6/issue_stage_i/gen_rs_blocks[1].rs_instance.i_reservation_station/i_tournament_tree_oldest_valid/fu_data_q[1][operand_b][31]_i_74_n_0
    SLICE_X80Y132        LUT6 (Prop_lut6_I1_O)        0.124    19.385 r  i_ariane/i_cva6/issue_stage_i/gen_rs_blocks[1].rs_instance.i_reservation_station/i_tournament_tree_oldest_valid/fu_data_q[1][operand_b][31]_i_40/O
                         net (fo=1, routed)           0.642    20.027    i_ariane/i_cva6/issue_stage_i/gen_rs_blocks[1].rs_instance.i_reservation_station/i_tournament_tree_oldest_valid/fu_data_q[1][operand_b][31]_i_40_n_0
    SLICE_X80Y132        LUT4 (Prop_lut4_I1_O)        0.124    20.151 r  i_ariane/i_cva6/issue_stage_i/gen_rs_blocks[1].rs_instance.i_reservation_station/i_tournament_tree_oldest_valid/fu_data_q[1][operand_b][31]_i_20/O
                         net (fo=1, routed)           0.754    20.905    i_ariane/i_cva6/issue_stage_i/gen_rs_blocks[1].rs_instance.i_reservation_station/i_tournament_tree_oldest_valid/fu_data_q[1][operand_b][31]_i_20_n_0
    SLICE_X67Y130        LUT5 (Prop_lut5_I0_O)        0.124    21.029 r  i_ariane/i_cva6/issue_stage_i/gen_rs_blocks[1].rs_instance.i_reservation_station/i_tournament_tree_oldest_valid/fu_data_q[1][operand_b][31]_i_11/O
                         net (fo=32, routed)          1.108    22.138    i_ariane/i_cva6/issue_stage_i/i_issue_read_operands/gen_fpga_regfile.i_ariane_regfile_fpga/block_addr[3]_193[0]
    SLICE_X64Y132        LUT6 (Prop_lut6_I4_O)        0.124    22.262 r  i_ariane/i_cva6/issue_stage_i/i_issue_read_operands/gen_fpga_regfile.i_ariane_regfile_fpga/fu_data_q[1][operand_b][22]_i_4/O
                         net (fo=1, routed)           0.674    22.936    i_ariane/i_cva6/issue_stage_i/i_scoreboard/mem_read[22]
    SLICE_X64Y132        LUT6 (Prop_lut6_I4_O)        0.124    23.060 r  i_ariane/i_cva6/issue_stage_i/i_scoreboard/fu_data_q[1][operand_b][22]_i_1/O
                         net (fo=1, routed)           0.000    23.060    i_ariane/i_cva6/issue_stage_i/i_issue_read_operands/fu_data_q_reg[1][operand_b][31]_1[22]
    SLICE_X64Y132        FDCE                                         r  i_ariane/i_cva6/issue_stage_i/i_issue_read_operands/fu_data_q_reg[1][operand_b][22]/D
  -------------------------------------------------------------------    -------------------

                         (clock clk_out1_xlnx_clk_gen rise edge)
                                                     25.000    25.000 r  
    K17                                               0.000    25.000 r  clk_sys (IN)
                         net (fo=0)                   0.000    25.000    i_xlnx_clk_gen/inst/clk_in1
    K17                  IBUF (Prop_ibuf_I_O)         1.404    26.404 r  i_xlnx_clk_gen/inst/clkin1_ibufg/O
                         net (fo=1, routed)           1.162    27.566    i_xlnx_clk_gen/inst/clk_in1_xlnx_clk_gen
    MMCME2_ADV_X1Y2      MMCME2_ADV (Prop_mmcme2_adv_CLKIN1_CLKOUT0)
                                                     -7.814    19.752 r  i_xlnx_clk_gen/inst/mmcm_adv_inst/CLKOUT0
                         net (fo=1, routed)           2.012    21.764    i_xlnx_clk_gen/inst/clk_out1_xlnx_clk_gen
    BUFGCTRL_X0Y16       BUFG (Prop_bufg_I_O)         0.091    21.855 r  i_xlnx_clk_gen/inst/clkout1_buf/O
                         net (fo=21098, routed)       1.707    23.562    i_ariane/i_cva6/issue_stage_i/i_issue_read_operands/clk_out1
    SLICE_X64Y132        FDCE                                         r  i_ariane/i_cva6/issue_stage_i/i_issue_read_operands/fu_data_q_reg[1][operand_b][22]/C
                         clock pessimism              0.585    24.147    
                         clock uncertainty           -2.082    22.065    
    SLICE_X64Y132        FDCE (Setup_fdce_C_D)        0.029    22.094    i_ariane/i_cva6/issue_stage_i/i_issue_read_operands/fu_data_q_reg[1][operand_b][22]
  -------------------------------------------------------------------
                         required time                         22.094    
                         arrival time                         -23.060    
  -------------------------------------------------------------------
                         slack                                 -0.966    

Slack (MET) :             1.497ns  (required time - arrival time)
  Source:                 i_dmi_jtag/i_dmi_jtag_tap/td_o_reg/C
                            (falling edge-triggered cell FDCE clocked by tck  {rise@0.000ns fall@50.000ns period=100.000ns})
  Destination:            tdo
                            (output port clocked by tck  {rise@0.000ns fall@50.000ns period=100.000ns})
  Path Group:             tck
  Path Type:              Max at Slow Process Corner
  Requirement:            20.000ns  (MaxDelay Path 20.000ns)
  Data Path Delay:        5.681ns  (logic 4.015ns (70.685%)  route 1.665ns (29.315%))
  Logic Levels:           1  (OBUF=1)
  Output Delay:           5.000ns
  Clock Path Skew:        -7.321ns (DCD - SCD + CPR)
    Destination Clock Delay (DCD):    0.000ns
    Source Clock Delay      (SCD):    7.321ns
    Clock Pessimism Removal (CPR):    0.000ns
  Clock Uncertainty:      0.501ns  ((TSJ^2 + TIJ^2)^1/2 + DJ) / 2 + PE
    Total System Jitter     (TSJ):    0.071ns
    Total Input Jitter      (TIJ):    1.000ns
    Discrete Jitter          (DJ):    0.000ns
    Phase Error              (PE):    0.000ns
  Timing Exception:       MaxDelay Path 20.000ns

    Location             Delay type                Incr(ns)  Path(ns)    Netlist Resource(s)
  -------------------------------------------------------------------    -------------------
                         (clock tck fall edge)        0.000     0.000 f  
    H15                                               0.000     0.000 f  tck (IN)
                         net (fo=0)                   0.000     0.000    tck
    H15                  IBUF (Prop_ibuf_I_O)         1.500     1.500 f  tck_IBUF_inst/O
                         net (fo=1, routed)           3.659     5.159    tck_IBUF
    BUFGCTRL_X0Y0        BUFG (Prop_bufg_I_O)         0.101     5.260 f  tck_IBUF_BUFG_inst/O
                         net (fo=258, routed)         2.061     7.321    i_dmi_jtag/i_dmi_jtag_tap/tck_ni
    SLICE_X113Y100       FDCE                                         r  i_dmi_jtag/i_dmi_jtag_tap/td_o_reg/C  (IS_INVERTED)
  -------------------------------------------------------------------    -------------------
    SLICE_X113Y100       FDCE (Prop_fdce_C_Q)         0.459     7.780 r  i_dmi_jtag/i_dmi_jtag_tap/td_o_reg/Q
                         net (fo=1, routed)           1.665     9.446    tdo_OBUF
    J15                  OBUF (Prop_obuf_I_O)         3.556    13.002 r  tdo_OBUF_inst/O
                         net (fo=0)                   0.000    13.002    tdo
    J15                                                               r  tdo (OUT)
  -------------------------------------------------------------------    -------------------

                         max delay                   20.000    20.000    
                         clock pessimism              0.000    20.000    
                         clock uncertainty           -0.501    19.499    
                         output delay                -5.000    14.499    
  -------------------------------------------------------------------
                         required time                         14.499    
                         arrival time                         -13.002    
  -------------------------------------------------------------------
                         slack                                  1.497    

Slack (MET) :             18.834ns  (required time - arrival time)
  Source:                 i_dm_top/i_dm_csrs/dmcontrol_q_reg[ndmreset]/C
                            (rising edge-triggered cell FDCE clocked by clk_out1_xlnx_clk_gen  {rise@0.000ns fall@12.500ns period=25.000ns})
  Destination:            i_rstgen_main/i_rstgen_bypass/synch_regs_q_reg[2]/CLR
                            (recovery check against rising-edge clock clk_out1_xlnx_clk_gen  {rise@0.000ns fall@12.500ns period=25.000ns})
  Path Group:             **async_default**
  Path Type:              Recovery (Max at Slow Process Corner)
  Requirement:            25.000ns  (clk_out1_xlnx_clk_gen rise@25.000ns - clk_out1_xlnx_clk_gen rise@0.000ns)
  Data Path Delay:        3.639ns  (logic 0.580ns (15.936%)  route 3.059ns (84.064%))
  Logic Levels:           1  (LUT2=1)
  Clock Path Skew:        -0.125ns (DCD - SCD + CPR)
    Destination Clock Delay (DCD):    -1.539ns = ( 23.461 - 25.000 ) 
    Source Clock Delay      (SCD):    -0.847ns
    Clock Pessimism Removal (CPR):    0.567ns
  Clock Uncertainty:      2.082ns  ((TSJ^2 + DJ^2)^1/2) / 2 + PE + UU
    Total System Jitter     (TSJ):    0.071ns
    Discrete Jitter          (DJ):    0.149ns
    Phase Error              (PE):    0.000ns
    User Uncertainty         (UU):    2.000ns

    Location             Delay type                Incr(ns)  Path(ns)    Netlist Resource(s)
  -------------------------------------------------------------------    -------------------
                         (clock clk_out1_xlnx_clk_gen rise edge)
                                                      0.000     0.000 r  
    K17                                               0.000     0.000 r  clk_sys (IN)
                         net (fo=0)                   0.000     0.000    i_xlnx_clk_gen/inst/clk_in1
    K17                  IBUF (Prop_ibuf_I_O)         1.475     1.475 r  i_xlnx_clk_gen/inst/clkin1_ibufg/O
                         net (fo=1, routed)           1.285     2.760    i_xlnx_clk_gen/inst/clk_in1_xlnx_clk_gen
    MMCME2_ADV_X1Y2      MMCME2_ADV (Prop_mmcme2_adv_CLKIN1_CLKOUT0)
                                                     -7.759    -4.999 r  i_xlnx_clk_gen/inst/mmcm_adv_inst/CLKOUT0
                         net (fo=1, routed)           2.206    -2.793    i_xlnx_clk_gen/inst/clk_out1_xlnx_clk_gen
    BUFGCTRL_X0Y16       BUFG (Prop_bufg_I_O)         0.101    -2.692 r  i_xlnx_clk_gen/inst/clkout1_buf/O
                         net (fo=21098, routed)       1.845    -0.847    i_dm_top/i_dm_csrs/clk_out1
    SLICE_X113Y74        FDCE                                         r  i_dm_top/i_dm_csrs/dmcontrol_q_reg[ndmreset]/C
  -------------------------------------------------------------------    -------------------
    SLICE_X113Y74        FDCE (Prop_fdce_C_Q)         0.456    -0.391 f  i_dm_top/i_dm_csrs/dmcontrol_q_reg[ndmreset]/Q
                         net (fo=3, routed)           1.723     1.331    i_dm_top/i_dm_csrs/ndmreset
    SLICE_X112Y95        LUT2 (Prop_lut2_I0_O)        0.124     1.455 f  i_dm_top/i_dm_csrs/synch_regs_q[3]_i_1/O
                         net (fo=4, routed)           1.337     2.792    i_rstgen_main/i_rstgen_bypass/synch_regs_q_reg[3]_2
    SLICE_X98Y89         FDCE                                         f  i_rstgen_main/i_rstgen_bypass/synch_regs_q_reg[2]/CLR
  -------------------------------------------------------------------    -------------------

                         (clock clk_out1_xlnx_clk_gen rise edge)
                                                     25.000    25.000 r  
    K17                                               0.000    25.000 r  clk_sys (IN)
                         net (fo=0)                   0.000    25.000    i_xlnx_clk_gen/inst/clk_in1
    K17                  IBUF (Prop_ibuf_I_O)         1.404    26.404 r  i_xlnx_clk_gen/inst/clkin1_ibufg/O
                         net (fo=1, routed)           1.162    27.566    i_xlnx_clk_gen/inst/clk_in1_xlnx_clk_gen
    MMCME2_ADV_X1Y2      MMCME2_ADV (Prop_mmcme2_adv_CLKIN1_CLKOUT0)
                                                     -7.814    19.752 r  i_xlnx_clk_gen/inst/mmcm_adv_inst/CLKOUT0
                         net (fo=1, routed)           2.012    21.764    i_xlnx_clk_gen/inst/clk_out1_xlnx_clk_gen
    BUFGCTRL_X0Y16       BUFG (Prop_bufg_I_O)         0.091    21.855 r  i_xlnx_clk_gen/inst/clkout1_buf/O
                         net (fo=21098, routed)       1.606    23.461    i_rstgen_main/i_rstgen_bypass/clk_out1
    SLICE_X98Y89         FDCE                                         r  i_rstgen_main/i_rstgen_bypass/synch_regs_q_reg[2]/C
                         clock pessimism              0.567    24.028    
                         clock uncertainty           -2.082    21.946    
    SLICE_X98Y89         FDCE (Recov_fdce_C_CLR)     -0.319    21.627    i_rstgen_main/i_rstgen_bypass/synch_regs_q_reg[2]
  -------------------------------------------------------------------
                         required time                         21.627    
                         arrival time                          -2.792    
  -------------------------------------------------------------------
                         slack                                 18.834    




