Copyright 1986-2022 Xilinx, Inc. All Rights Reserved. Copyright 2022-2025 Advanced Micro Devices, Inc. All Rights Reserved.
---------------------------------------------------------------------------------------------------------------------------------------------
| Tool Version : Vivado v.2025.2 (lin64) Build 6299465 Fri Nov 14 12:34:56 MST 2025
| Date         : Thu Jul  2 13:45:44 2026
| Host         : rayan-HP-ProBook-445-G8-Notebook-PC running 64-bit Ubuntu 24.04.1 LTS
| Command      : report_utilization -hierarchical -file reports_cva6_ooc_synth/cva6_ooc.utilization.rpt
| Design       : cva6
| Device       : xc7z020clg400-1
| Speed File   : -1
| Design State : Synthesized
---------------------------------------------------------------------------------------------------------------------------------------------

Utilization Design Information

Table of Contents
-----------------
1. Utilization by Hierarchy

1. Utilization by Hierarchy
---------------------------

+---------------------------------------------------------------------------+-------------------------------------------+------------+------------+---------+------+------+--------+--------+------------+
|                                  Instance                                 |                   Module                  | Total LUTs | Logic LUTs | LUTRAMs | SRLs |  FFs | RAMB36 | RAMB18 | DSP Blocks |
+---------------------------------------------------------------------------+-------------------------------------------+------------+------------+---------+------+------+--------+--------+------------+
| cva6                                                                      |                                     (top) |      17301 |      16921 |     380 |    0 | 6333 |     10 |      5 |          6 |
|   (cva6)                                                                  |                                     (top) |         66 |          2 |      64 |    0 |    2 |      0 |      0 |          0 |
|   csr_regfile_i                                                           |                               csr_regfile |        969 |        969 |       0 |    0 |  748 |      0 |      0 |          0 |
|   ex_stage_i                                                              |                                  ex_stage |       4582 |       4582 |       0 |    0 | 1780 |      0 |      0 |          6 |
|     lsu_i                                                                 |                           load_store_unit |       1297 |       1297 |       0 |    0 |  949 |      0 |      0 |          0 |
|       (lsu_i)                                                             |                           load_store_unit |         27 |         27 |       0 |    0 |   68 |      0 |      0 |          0 |
|       i_pipe_reg_load                                                     |                                 shift_reg |        334 |        334 |       0 |    0 |   71 |      0 |      0 |          0 |
|       i_pmp_data_if                                                       |                               pmp_data_if |        197 |        197 |       0 |    0 |    0 |      0 |      0 |          0 |
|         i_pmp_data                                                        |                                       pmp |        197 |        197 |       0 |    0 |    0 |      0 |      0 |          0 |
|           (i_pmp_data)                                                    |                                       pmp |        174 |        174 |       0 |    0 |    0 |      0 |      0 |          0 |
|       i_store_unit                                                        |                                store_unit |        339 |        339 |       0 |    0 |  624 |      0 |      0 |          0 |
|         (i_store_unit)                                                    |                                store_unit |         75 |         75 |       0 |    0 |   42 |      0 |      0 |          0 |
|         store_buffer_i                                                    |                              store_buffer |        264 |        264 |       0 |    0 |  582 |      0 |      0 |          0 |
|       lsu_bypass_i                                                        |                                lsu_bypass |        356 |        356 |       0 |    0 |  168 |      0 |      0 |          0 |
|     csr_buffer_i                                                          |                                csr_buffer |        685 |        685 |       0 |    0 |   14 |      0 |      0 |          0 |
|     fpu_gen.fpu_i                                                         |                                  fpu_wrap |       2324 |       2324 |       0 |    0 |  661 |      0 |      0 |          2 |
|       (fpu_gen.fpu_i)                                                     |                                  fpu_wrap |          0 |          0 |       0 |    0 |  115 |      0 |      0 |          0 |
|       fpu_gen.i_fpnew_bulk                                                |                                 fpnew_top |       2324 |       2324 |       0 |    0 |  546 |      0 |      0 |          2 |
|         gen_operation_groups[0].i_opgroup_block                           |                       fpnew_opgroup_block |       1184 |       1184 |       0 |    0 |  336 |      0 |      0 |          2 |
|           gen_parallel_slices[0].active_format.i_fmt_slice                |                   fpnew_opgroup_fmt_slice |       1184 |       1184 |       0 |    0 |  336 |      0 |      0 |          2 |
|             gen_num_lanes[0].active_lane.lane_instance.i_fma              |                                 fpnew_fma |       1184 |       1184 |       0 |    0 |  336 |      0 |      0 |          2 |
|         gen_operation_groups[2].i_opgroup_block                           |       fpnew_opgroup_block__parameterized1 |        162 |        162 |       0 |    0 |   76 |      0 |      0 |          0 |
|           gen_parallel_slices[0].active_format.i_fmt_slice                |   fpnew_opgroup_fmt_slice__parameterized0 |        162 |        162 |       0 |    0 |   76 |      0 |      0 |          0 |
|             gen_num_lanes[0].active_lane.lane_instance.i_noncomp          |                             fpnew_noncomp |        162 |        162 |       0 |    0 |   76 |      0 |      0 |          0 |
|         gen_operation_groups[3].i_opgroup_block                           |       fpnew_opgroup_block__parameterized2 |        936 |        936 |       0 |    0 |  132 |      0 |      0 |          0 |
|           gen_merged_slice.i_multifmt_slice                               |              fpnew_opgroup_multifmt_slice |        936 |        936 |       0 |    0 |  132 |      0 |      0 |          0 |
|             gen_num_lanes[0].active_lane.lane_instance.i_fpnew_cast_multi |                          fpnew_cast_multi |        936 |        936 |       0 |    0 |  132 |      0 |      0 |          0 |
|     i_mult                                                                |                                      mult |        276 |        276 |       0 |    0 |  156 |      0 |      0 |          4 |
|       i_div                                                               |                                    serdiv |        192 |        192 |       0 |    0 |  111 |      0 |      0 |          0 |
|       i_multiplier                                                        |                                multiplier |         84 |         84 |       0 |    0 |   45 |      0 |      0 |          4 |
|   gen_cache_hpd.i_cache_subsystem                                         |                   cva6_hpdcache_subsystem |       2808 |       2780 |      28 |    0 | 1658 |     10 |      4 |          0 |
|     i_axi_arbiter                                                         |       cva6_hpdcache_subsystem_axi_arbiter |         85 |         85 |       0 |    0 |  166 |      0 |      0 |          0 |
|       i_icache_hpdcache_data_upsize                                       |                      hpdcache_data_upsize |         36 |         36 |       0 |    0 |  130 |      0 |      0 |          0 |
|     i_cva6_icache                                                         |                               cva6_icache |        413 |        413 |       0 |    0 |   78 |      6 |      0 |          0 |
|       (i_cva6_icache)                                                     |                               cva6_icache |        234 |        234 |       0 |    0 |   70 |      0 |      0 |          0 |
|       gen_sram[0].data_sram                                               |                sram_cache__parameterized0 |         50 |         50 |       0 |    0 |    0 |      2 |      0 |          0 |
|         data_sram                                                         |                   sram__parameterized0_22 |         50 |         50 |       0 |    0 |    0 |      2 |      0 |          0 |
|       gen_sram[0].tag_sram                                                |                                sram_cache |         78 |         78 |       0 |    0 |    0 |      1 |      0 |          0 |
|         data_sram                                                         |                                   sram_19 |         78 |         78 |       0 |    0 |    0 |      1 |      0 |          0 |
|           gen_cut[0].i_tc_sram_wrapper                                    |                   tc_sram_fpga_wrapper_20 |         78 |         78 |       0 |    0 |    0 |      1 |      0 |          0 |
|             i_ram                                                         |                        SyncSpRamBeNx64_21 |         78 |         78 |       0 |    0 |    0 |      1 |      0 |          0 |
|     i_dcache                                                              |                     cva6_hpdcache_wrapper |       2310 |       2282 |      28 |    0 | 1414 |      4 |      4 |          0 |
|       i_hpdcache                                                          |                                  hpdcache |       2310 |       2282 |      28 |    0 | 1414 |      4 |      4 |          0 |
|         gen_wbuf.hpdcache_wbuf_i                                          |                             hpdcache_wbuf |        458 |        432 |      26 |    0 |  164 |      0 |      0 |          0 |
|           (gen_wbuf.hpdcache_wbuf_i)                                      |                             hpdcache_wbuf |        139 |        139 |       0 |    0 |  150 |      0 |      0 |          0 |
|           data_free_rrarb_i                                               |                         hpdcache_fxarb_11 |         81 |         81 |       0 |    0 |    2 |      0 |      0 |          0 |
|           send_data_ptr_fifo_i                                            |                         hpdcache_fifo_reg |         64 |         60 |       4 |    0 |    3 |      0 |      0 |          0 |
|           send_meta_fifo_i                                                |         hpdcache_fifo_reg__parameterized0 |         93 |         71 |      22 |    0 |    3 |      0 |      0 |          0 |
|         hpdcache_cmo_i                                                    |                              hpdcache_cmo |         85 |         85 |       0 |    0 |   59 |      0 |      0 |          0 |
|           (hpdcache_cmo_i)                                                |                              hpdcache_cmo |         67 |         67 |       0 |    0 |   56 |      0 |      0 |          0 |
|         hpdcache_ctrl_i                                                   |                             hpdcache_ctrl |       1156 |       1156 |       0 |    0 |  585 |      4 |      4 |          0 |
|           (hpdcache_ctrl_i)                                               |                             hpdcache_ctrl |         29 |         29 |       0 |    0 |  159 |      0 |      0 |          0 |
|           hpdcache_memctrl_i                                              |                          hpdcache_memctrl |        540 |        540 |       0 |    0 |   30 |      4 |      4 |          0 |
|             gen_dir_sram[3].dir_sram                                      |                           hpdcache_sram_6 |        117 |        117 |       0 |    0 |    0 |      0 |      1 |          0 |
|               ram_i                                                       |                         hpdcache_sram_1rw |        117 |        117 |       0 |    0 |    0 |      0 |      1 |          0 |
|             gen_dir_sram[0].dir_sram                                      |                             hpdcache_sram |         92 |         92 |       0 |    0 |    0 |      0 |      1 |          0 |
|               ram_i                                                       |                       hpdcache_sram_1rw_9 |         92 |         92 |       0 |    0 |    0 |      0 |      1 |          0 |
|             gen_dir_sram[1].dir_sram                                      |                           hpdcache_sram_4 |         84 |         84 |       0 |    0 |    0 |      0 |      1 |          0 |
|               ram_i                                                       |                       hpdcache_sram_1rw_8 |         84 |         84 |       0 |    0 |    0 |      0 |      1 |          0 |
|             gen_dir_sram[2].dir_sram                                      |                           hpdcache_sram_5 |        223 |        223 |       0 |    0 |    0 |      0 |      1 |          0 |
|               ram_i                                                       |                       hpdcache_sram_1rw_7 |        223 |        223 |       0 |    0 |    0 |      0 |      1 |          0 |
|           hpdcache_rtab_i                                                 |                             hpdcache_rtab |        587 |        587 |       0 |    0 |  396 |      0 |      0 |          0 |
|             (hpdcache_rtab_i)                                             |                             hpdcache_rtab |        159 |        159 |       0 |    0 |  378 |      0 |      0 |          0 |
|             pop_arb_i                                                     |                            hpdcache_rrarb |        269 |        269 |       0 |    0 |    5 |      0 |      0 |          0 |
|             wbuf_rd_pending_arb_i                                         |                          hpdcache_rrarb_1 |        121 |        121 |       0 |    0 |    5 |      0 |      0 |          0 |
|         hpdcache_mem_req_write_arbiter_i                                  |            hpdcache_mem_req_write_arbiter |         40 |         40 |       0 |    0 |   50 |      0 |      0 |          0 |
|         hpdcache_miss_handler_i                                           |                     hpdcache_miss_handler |        368 |        366 |       2 |    0 |  404 |      0 |      0 |          0 |
|           (hpdcache_miss_handler_i)                                       |                     hpdcache_miss_handler |         58 |         58 |       0 |    0 |   67 |      0 |      0 |          0 |
|           hpdcache_mshr_i                                                 |                             hpdcache_mshr |        122 |        122 |       0 |    0 |   71 |      0 |      0 |          0 |
|             gen_mshr_wbyteenable.gen_mshr_regbank.mshr_mem                |          hpdcache_regbank_wbyteenable_1rw |         96 |         96 |       0 |    0 |   54 |      0 |      0 |          0 |
|           i_data_resize                                                   |                      hpdcache_data_resize |        172 |        172 |       0 |    0 |  261 |      0 |      0 |          0 |
|             gen_noresize.fifo_i                                           |         hpdcache_fifo_reg__parameterized3 |        172 |        172 |       0 |    0 |  261 |      0 |      0 |          0 |
|         hpdcache_uc_i                                                     |                         hpdcache_uncached |        156 |        156 |       0 |    0 |  145 |      0 |      0 |          0 |
|   i_frontend                                                              |                                  frontend |        561 |        537 |      24 |    0 |  294 |      0 |      1 |          0 |
|     (i_frontend)                                                          |                                  frontend |          0 |          0 |       0 |    0 |  135 |      0 |      0 |          0 |
|     i_instr_queue                                                         |                               instr_queue |        153 |        129 |      24 |    0 |   44 |      0 |      0 |          0 |
|       i_fifo_address                                                      |              cva6_fifo_v3__parameterized0 |         96 |         72 |      24 |    0 |    4 |      0 |      0 |          0 |
|         gen_fpga_queue.fifo_ram                                           |                AsyncDpRam__parameterized0 |         92 |         68 |      24 |    0 |    0 |      0 |      0 |          0 |
|       gen_instr_fifo[0].i_fifo_instr_data                                 |                              cva6_fifo_v3 |         54 |         54 |       0 |    0 |    7 |      0 |      0 |          0 |
|     i_instr_realign                                                       |                             instr_realign |        382 |        382 |       0 |    0 |   49 |      0 |      0 |          0 |
|     ras_gen.i_ras                                                         |                                       ras |         17 |         17 |       0 |    0 |   66 |      0 |      0 |          0 |
|   id_stage_i                                                              |                                  id_stage |        505 |        505 |       0 |    0 |  175 |      0 |      0 |          0 |
|   issue_stage_i                                                           |                               issue_stage |       8052 |       7788 |     264 |    0 | 1676 |      0 |      0 |          0 |
|     i_commit_fp_register_allocation_table                                 | register_allocation_table__parameterized0 |         32 |         32 |       0 |    0 |  126 |      0 |      0 |          0 |
|     i_commit_register_allocation_table                                    | register_allocation_table__parameterized2 |         32 |         32 |       0 |    0 |  126 |      0 |      0 |          0 |
|     i_issue_fp_register_allocation_table                                  |                 register_allocation_table |        719 |        719 |       0 |    0 |  255 |      0 |      0 |          0 |
|     i_issue_read_operands                                                 |                       issue_read_operands |       1548 |       1284 |     264 |    0 |  188 |      0 |      0 |          0 |
|       (i_issue_read_operands)                                             |                       issue_read_operands |       1252 |       1252 |       0 |    0 |  188 |      0 |      0 |          0 |
|       float_regfile_gen.gen_fpga_fp_regfile.i_ariane_fp_regfile_fpga      |       ariane_regfile_fpga__parameterized0 |        132 |          0 |     132 |    0 |    0 |      0 |      0 |          0 |
|       gen_fpga_regfile.i_ariane_regfile_fpga                              |                       ariane_regfile_fpga |        164 |         32 |     132 |    0 |    0 |      0 |      0 |          0 |
|     i_issue_register_allocation_table                                     | register_allocation_table__parameterized1 |        699 |        699 |       0 |    0 |  255 |      0 |      0 |          0 |
|     i_scoreboard                                                          |                                scoreboard |       5022 |       5022 |       0 |    0 |  726 |      0 |      0 |          0 |
+---------------------------------------------------------------------------+-------------------------------------------+------------+------------+---------+------+------+--------+--------+------------+


