Copyright 1986-2022 Xilinx, Inc. All Rights Reserved. Copyright 2022-2025 Advanced Micro Devices, Inc. All Rights Reserved.
---------------------------------------------------------------------------------------------------------------------------------------------
| Tool Version : Vivado v.2025.2 (lin64) Build 6299465 Fri Nov 14 12:34:56 MST 2025
| Date         : Thu Jul  2 13:45:43 2026
| Host         : rayan-HP-ProBook-445-G8-Notebook-PC running 64-bit Ubuntu 24.04.1 LTS
| Command      : report_timing -nworst 1 -delay_type max -sort_by group -file reports_cva6_ooc_synth/cva6_ooc.timing.rpt
| Design       : cva6
| Device       : 7z020-clg400
| Speed File   : -1  PRODUCTION 1.12 2019-11-22
| Design State : Synthesized
---------------------------------------------------------------------------------------------------------------------------------------------

Timing Report

Slack:                    inf
  Source:                 ex_stage_i/fpu_gen.fpu_i/fpu_gen.i_fpnew_bulk/gen_operation_groups[3].i_opgroup_block/gen_merged_slice.i_multifmt_slice/gen_num_lanes[0].active_lane.lane_instance.i_fpnew_cast_multi/gen_inside_pipeline[0].mid_pipe_dst_fmt_q_reg[1][2]/C
                            (rising edge-triggered cell FDCE)
  Destination:            rvfi_probes_o[instr][rs1][0][23]
                            (output port)
  Path Group:             (none)
  Path Type:              Max at Slow Process Corner
  Data Path Delay:        27.293ns  (logic 8.586ns (31.459%)  route 18.707ns (68.541%))
  Logic Levels:           38  (CARRY4=9 FDCE=1 LUT1=1 LUT2=1 LUT3=4 LUT4=2 LUT5=3 LUT6=16 MUXF7=1)

    Location             Delay type                Incr(ns)  Path(ns)    Netlist Resource(s)
  -------------------------------------------------------------------    -------------------
                         FDCE                         0.000     0.000 r  ex_stage_i/fpu_gen.fpu_i/fpu_gen.i_fpnew_bulk/gen_operation_groups[3].i_opgroup_block/gen_merged_slice.i_multifmt_slice/gen_num_lanes[0].active_lane.lane_instance.i_fpnew_cast_multi/gen_inside_pipeline[0].mid_pipe_dst_fmt_q_reg[1][2]/C
                         FDCE (Prop_fdce_C_Q)         0.518     0.518 r  ex_stage_i/fpu_gen.fpu_i/fpu_gen.i_fpnew_bulk/gen_operation_groups[3].i_opgroup_block/gen_merged_slice.i_multifmt_slice/gen_num_lanes[0].active_lane.lane_instance.i_fpnew_cast_multi/gen_inside_pipeline[0].mid_pipe_dst_fmt_q_reg[1][2]/Q
                         net (fo=147, unplaced)       0.850     1.368    ex_stage_i/fpu_gen.fpu_i/fpu_gen.i_fpnew_bulk/gen_operation_groups[3].i_opgroup_block/gen_merged_slice.i_multifmt_slice/gen_num_lanes[0].active_lane.lane_instance.i_fpnew_cast_multi/gen_inside_pipeline[0].mid_pipe_dst_fmt_q_reg_n_0_[1][2]
                         LUT3 (Prop_lut3_I0_O)        0.295     1.663 r  ex_stage_i/fpu_gen.fpu_i/fpu_gen.i_fpnew_bulk/gen_operation_groups[3].i_opgroup_block/gen_merged_slice.i_multifmt_slice/gen_num_lanes[0].active_lane.lane_instance.i_fpnew_cast_multi/of_before_round1__7_carry_i_1/O
                         net (fo=8, unplaced)         0.371     2.034    ex_stage_i/fpu_gen.fpu_i/fpu_gen.i_fpnew_bulk/gen_operation_groups[3].i_opgroup_block/gen_merged_slice.i_multifmt_slice/gen_num_lanes[0].active_lane.lane_instance.i_fpnew_cast_multi/of_before_round1__7_carry_i_1_n_0
                         CARRY4 (Prop_carry4_CYINIT_CO[3])
                                                      0.595     2.629 r  ex_stage_i/fpu_gen.fpu_i/fpu_gen.i_fpnew_bulk/gen_operation_groups[3].i_opgroup_block/gen_merged_slice.i_multifmt_slice/gen_num_lanes[0].active_lane.lane_instance.i_fpnew_cast_multi/of_before_round1__7_carry/CO[3]
                         net (fo=5, unplaced)         0.848     3.477    ex_stage_i/fpu_gen.fpu_i/fpu_gen.i_fpnew_bulk/gen_operation_groups[3].i_opgroup_block/gen_merged_slice.i_multifmt_slice/gen_num_lanes[0].active_lane.lane_instance.i_fpnew_cast_multi/of_before_round1__7_carry_n_0
                         CARRY4 (Prop_carry4_CYINIT_CO[2])
                                                      0.632     4.109 r  ex_stage_i/fpu_gen.fpu_i/fpu_gen.i_fpnew_bulk/gen_operation_groups[3].i_opgroup_block/gen_merged_slice.i_multifmt_slice/gen_num_lanes[0].active_lane.lane_instance.i_fpnew_cast_multi/of_before_round0_carry__0_i_9/CO[2]
                         net (fo=20, unplaced)        0.512     4.621    ex_stage_i/fpu_gen.fpu_i/fpu_gen.i_fpnew_bulk/gen_operation_groups[3].i_opgroup_block/gen_merged_slice.i_multifmt_slice/gen_num_lanes[0].active_lane.lane_instance.i_fpnew_cast_multi/of_before_round0_carry__0_i_9_n_1
                         LUT2 (Prop_lut2_I1_O)        0.302     4.923 r  ex_stage_i/fpu_gen.fpu_i/fpu_gen.i_fpnew_bulk/gen_operation_groups[3].i_opgroup_block/gen_merged_slice.i_multifmt_slice/gen_num_lanes[0].active_lane.lane_instance.i_fpnew_cast_multi/of_before_round0_carry__1_i_4/O
                         net (fo=1, unplaced)         0.000     4.923    ex_stage_i/fpu_gen.fpu_i/fpu_gen.i_fpnew_bulk/gen_operation_groups[3].i_opgroup_block/gen_merged_slice.i_multifmt_slice/gen_num_lanes[0].active_lane.lane_instance.i_fpnew_cast_multi/of_before_round0_carry__1_i_4_n_0
                         CARRY4 (Prop_carry4_DI[0]_CO[3])
                                                      0.576     5.499 r  ex_stage_i/fpu_gen.fpu_i/fpu_gen.i_fpnew_bulk/gen_operation_groups[3].i_opgroup_block/gen_merged_slice.i_multifmt_slice/gen_num_lanes[0].active_lane.lane_instance.i_fpnew_cast_multi/of_before_round0_carry__1/CO[3]
                         net (fo=1, unplaced)         0.000     5.499    ex_stage_i/fpu_gen.fpu_i/fpu_gen.i_fpnew_bulk/gen_operation_groups[3].i_opgroup_block/gen_merged_slice.i_multifmt_slice/gen_num_lanes[0].active_lane.lane_instance.i_fpnew_cast_multi/of_before_round0_carry__1_n_0
                         CARRY4 (Prop_carry4_CI_CO[3])
                                                      0.117     5.616 f  ex_stage_i/fpu_gen.fpu_i/fpu_gen.i_fpnew_bulk/gen_operation_groups[3].i_opgroup_block/gen_merged_slice.i_multifmt_slice/gen_num_lanes[0].active_lane.lane_instance.i_fpnew_cast_multi/of_before_round0_carry__2/CO[3]
                         net (fo=34, unplaced)        0.991     6.607    ex_stage_i/fpu_gen.fpu_i/fpu_gen.i_fpnew_bulk/gen_operation_groups[3].i_opgroup_block/gen_merged_slice.i_multifmt_slice/gen_num_lanes[0].active_lane.lane_instance.i_fpnew_cast_multi/of_before_round0__16
                         LUT3 (Prop_lut3_I0_O)        0.124     6.731 r  ex_stage_i/fpu_gen.fpu_i/fpu_gen.i_fpnew_bulk/gen_operation_groups[3].i_opgroup_block/gen_merged_slice.i_multifmt_slice/gen_num_lanes[0].active_lane.lane_instance.i_fpnew_cast_multi/rvfi_probes_o[instr][wbdata][3][30]_INST_0_i_146/O
                         net (fo=7, unplaced)         0.484     7.215    ex_stage_i/fpu_gen.fpu_i/fpu_gen.i_fpnew_bulk/gen_operation_groups[3].i_opgroup_block/gen_merged_slice.i_multifmt_slice/gen_num_lanes[0].active_lane.lane_instance.i_fpnew_cast_multi/rvfi_probes_o[instr][wbdata][3][30]_INST_0_i_146_n_0
                         LUT6 (Prop_lut6_I3_O)        0.124     7.339 r  ex_stage_i/fpu_gen.fpu_i/fpu_gen.i_fpnew_bulk/gen_operation_groups[3].i_opgroup_block/gen_merged_slice.i_multifmt_slice/gen_num_lanes[0].active_lane.lane_instance.i_fpnew_cast_multi/rvfi_probes_o[instr][wbdata][3][30]_INST_0_i_140/O
                         net (fo=87, unplaced)        0.545     7.884    ex_stage_i/fpu_gen.fpu_i/fpu_gen.i_fpnew_bulk/gen_operation_groups[3].i_opgroup_block/gen_merged_slice.i_multifmt_slice/gen_num_lanes[0].active_lane.lane_instance.i_fpnew_cast_multi/rvfi_probes_o[instr][wbdata][3][30]_INST_0_i_140_n_0
                         LUT6 (Prop_lut6_I5_O)        0.124     8.008 r  ex_stage_i/fpu_gen.fpu_i/fpu_gen.i_fpnew_bulk/gen_operation_groups[3].i_opgroup_block/gen_merged_slice.i_multifmt_slice/gen_num_lanes[0].active_lane.lane_instance.i_fpnew_cast_multi/mem_q[0][sbe][ex][cause][1]_i_99/O
                         net (fo=3, unplaced)         0.467     8.475    ex_stage_i/fpu_gen.fpu_i/fpu_gen.i_fpnew_bulk/gen_operation_groups[3].i_opgroup_block/gen_merged_slice.i_multifmt_slice/gen_num_lanes[0].active_lane.lane_instance.i_fpnew_cast_multi/mem_q[0][sbe][ex][cause][1]_i_99_n_0
                         LUT3 (Prop_lut3_I2_O)        0.116     8.591 r  ex_stage_i/fpu_gen.fpu_i/fpu_gen.i_fpnew_bulk/gen_operation_groups[3].i_opgroup_block/gen_merged_slice.i_multifmt_slice/gen_num_lanes[0].active_lane.lane_instance.i_fpnew_cast_multi/mem_q[0][sbe][ex][cause][1]_i_96/O
                         net (fo=1, unplaced)         0.902     9.493    ex_stage_i/fpu_gen.fpu_i/fpu_gen.i_fpnew_bulk/gen_operation_groups[3].i_opgroup_block/gen_merged_slice.i_multifmt_slice/gen_num_lanes[0].active_lane.lane_instance.i_fpnew_cast_multi/mem_q[0][sbe][ex][cause][1]_i_96_n_0
                         LUT5 (Prop_lut5_I1_O)        0.124     9.617 f  ex_stage_i/fpu_gen.fpu_i/fpu_gen.i_fpnew_bulk/gen_operation_groups[3].i_opgroup_block/gen_merged_slice.i_multifmt_slice/gen_num_lanes[0].active_lane.lane_instance.i_fpnew_cast_multi/mem_q[0][sbe][ex][cause][1]_i_55/O
                         net (fo=2, unplaced)         0.913    10.530    ex_stage_i/fpu_gen.fpu_i/fpu_gen.i_fpnew_bulk/gen_operation_groups[3].i_opgroup_block/gen_merged_slice.i_multifmt_slice/gen_num_lanes[0].active_lane.lane_instance.i_fpnew_cast_multi/mem_q[0][sbe][ex][cause][1]_i_55_n_0
                         LUT6 (Prop_lut6_I0_O)        0.124    10.654 f  ex_stage_i/fpu_gen.fpu_i/fpu_gen.i_fpnew_bulk/gen_operation_groups[3].i_opgroup_block/gen_merged_slice.i_multifmt_slice/gen_num_lanes[0].active_lane.lane_instance.i_fpnew_cast_multi/mem_q[0][sbe][ex][cause][1]_i_47/O
                         net (fo=1, unplaced)         0.449    11.103    ex_stage_i/fpu_gen.fpu_i/fpu_gen.i_fpnew_bulk/gen_operation_groups[3].i_opgroup_block/gen_merged_slice.i_multifmt_slice/gen_num_lanes[0].active_lane.lane_instance.i_fpnew_cast_multi/mem_q[0][sbe][ex][cause][1]_i_47_n_0
                         LUT3 (Prop_lut3_I2_O)        0.124    11.227 f  ex_stage_i/fpu_gen.fpu_i/fpu_gen.i_fpnew_bulk/gen_operation_groups[3].i_opgroup_block/gen_merged_slice.i_multifmt_slice/gen_num_lanes[0].active_lane.lane_instance.i_fpnew_cast_multi/mem_q[0][sbe][ex][cause][1]_i_28/O
                         net (fo=1, unplaced)         1.111    12.338    ex_stage_i/fpu_gen.fpu_i/fpu_gen.i_fpnew_bulk/gen_operation_groups[3].i_opgroup_block/gen_merged_slice.i_multifmt_slice/gen_num_lanes[0].active_lane.lane_instance.i_fpnew_cast_multi/mem_q[0][sbe][ex][cause][1]_i_28_n_0
                         LUT6 (Prop_lut6_I1_O)        0.124    12.462 f  ex_stage_i/fpu_gen.fpu_i/fpu_gen.i_fpnew_bulk/gen_operation_groups[3].i_opgroup_block/gen_merged_slice.i_multifmt_slice/gen_num_lanes[0].active_lane.lane_instance.i_fpnew_cast_multi/mem_q[0][sbe][ex][cause][1]_i_18/O
                         net (fo=4, unplaced)         0.473    12.935    ex_stage_i/fpu_gen.fpu_i/fpu_gen.i_fpnew_bulk/gen_operation_groups[3].i_opgroup_block/gen_merged_slice.i_multifmt_slice/gen_num_lanes[0].active_lane.lane_instance.i_fpnew_cast_multi/mem_q[0][sbe][ex][cause][1]_i_18_n_0
                         LUT4 (Prop_lut4_I3_O)        0.124    13.059 r  ex_stage_i/fpu_gen.fpu_i/fpu_gen.i_fpnew_bulk/gen_operation_groups[3].i_opgroup_block/gen_merged_slice.i_multifmt_slice/gen_num_lanes[0].active_lane.lane_instance.i_fpnew_cast_multi/rvfi_probes_o[instr][wbdata][3][0]_INST_0_i_52/O
                         net (fo=2, unplaced)         0.460    13.519    ex_stage_i/fpu_gen.fpu_i/fpu_gen.i_fpnew_bulk/gen_operation_groups[3].i_opgroup_block/gen_merged_slice.i_multifmt_slice/gen_num_lanes[0].active_lane.lane_instance.i_fpnew_cast_multi/rvfi_probes_o[instr][wbdata][3][0]_INST_0_i_52_n_0
                         LUT6 (Prop_lut6_I5_O)        0.124    13.643 r  ex_stage_i/fpu_gen.fpu_i/fpu_gen.i_fpnew_bulk/gen_operation_groups[3].i_opgroup_block/gen_merged_slice.i_multifmt_slice/gen_num_lanes[0].active_lane.lane_instance.i_fpnew_cast_multi/rvfi_probes_o[instr][wbdata][3][0]_INST_0_i_34/O
                         net (fo=1, unplaced)         0.449    14.092    ex_stage_i/fpu_gen.fpu_i/fpu_gen.i_fpnew_bulk/gen_operation_groups[3].i_opgroup_block/gen_merged_slice.i_multifmt_slice/gen_num_lanes[0].active_lane.lane_instance.i_fpnew_cast_multi/rvfi_probes_o[instr][wbdata][3][0]_INST_0_i_34_n_0
                         LUT6 (Prop_lut6_I2_O)        0.124    14.216 r  ex_stage_i/fpu_gen.fpu_i/fpu_gen.i_fpnew_bulk/gen_operation_groups[3].i_opgroup_block/gen_merged_slice.i_multifmt_slice/gen_num_lanes[0].active_lane.lane_instance.i_fpnew_cast_multi/rvfi_probes_o[instr][wbdata][3][0]_INST_0_i_19/O
                         net (fo=1, unplaced)         0.000    14.216    ex_stage_i/fpu_gen.fpu_i/fpu_gen.i_fpnew_bulk/gen_operation_groups[3].i_opgroup_block/gen_merged_slice.i_multifmt_slice/gen_num_lanes[0].active_lane.lane_instance.i_fpnew_cast_multi/rvfi_probes_o[instr][wbdata][3][0]_INST_0_i_19_n_0
                         CARRY4 (Prop_carry4_S[0]_CO[3])
                                                      0.513    14.729 r  ex_stage_i/fpu_gen.fpu_i/fpu_gen.i_fpnew_bulk/gen_operation_groups[3].i_opgroup_block/gen_merged_slice.i_multifmt_slice/gen_num_lanes[0].active_lane.lane_instance.i_fpnew_cast_multi/rvfi_probes_o[instr][wbdata][3][0]_INST_0_i_8/CO[3]
                         net (fo=1, unplaced)         0.009    14.738    ex_stage_i/fpu_gen.fpu_i/fpu_gen.i_fpnew_bulk/gen_operation_groups[3].i_opgroup_block/gen_merged_slice.i_multifmt_slice/gen_num_lanes[0].active_lane.lane_instance.i_fpnew_cast_multi/rvfi_probes_o[instr][wbdata][3][0]_INST_0_i_8_n_0
                         CARRY4 (Prop_carry4_CI_CO[3])
                                                      0.117    14.855 r  ex_stage_i/fpu_gen.fpu_i/fpu_gen.i_fpnew_bulk/gen_operation_groups[3].i_opgroup_block/gen_merged_slice.i_multifmt_slice/gen_num_lanes[0].active_lane.lane_instance.i_fpnew_cast_multi/rvfi_probes_o[instr][wbdata][3][7]_INST_0_i_16/CO[3]
                         net (fo=1, unplaced)         0.000    14.855    ex_stage_i/fpu_gen.fpu_i/fpu_gen.i_fpnew_bulk/gen_operation_groups[3].i_opgroup_block/gen_merged_slice.i_multifmt_slice/gen_num_lanes[0].active_lane.lane_instance.i_fpnew_cast_multi/rvfi_probes_o[instr][wbdata][3][7]_INST_0_i_16_n_0
                         CARRY4 (Prop_carry4_CI_O[3])
                                                      0.331    15.186 f  ex_stage_i/fpu_gen.fpu_i/fpu_gen.i_fpnew_bulk/gen_operation_groups[3].i_opgroup_block/gen_merged_slice.i_multifmt_slice/gen_num_lanes[0].active_lane.lane_instance.i_fpnew_cast_multi/rvfi_probes_o[instr][wbdata][3][11]_INST_0_i_12/O[3]
                         net (fo=4, unplaced)         0.642    15.828    ex_stage_i/fpu_gen.fpu_i/fpu_gen.i_fpnew_bulk/gen_operation_groups[3].i_opgroup_block/gen_merged_slice.i_multifmt_slice/gen_num_lanes[0].active_lane.lane_instance.i_fpnew_cast_multi/rounded_abs[11]
                         LUT1 (Prop_lut1_I0_O)        0.307    16.135 r  ex_stage_i/fpu_gen.fpu_i/fpu_gen.i_fpnew_bulk/gen_operation_groups[3].i_opgroup_block/gen_merged_slice.i_multifmt_slice/gen_num_lanes[0].active_lane.lane_instance.i_fpnew_cast_multi/rvfi_probes_o[instr][wbdata][3][12]_INST_0_i_9/O
                         net (fo=1, unplaced)         0.000    16.135    ex_stage_i/fpu_gen.fpu_i/fpu_gen.i_fpnew_bulk/gen_operation_groups[3].i_opgroup_block/gen_merged_slice.i_multifmt_slice/gen_num_lanes[0].active_lane.lane_instance.i_fpnew_cast_multi/rvfi_probes_o[instr][wbdata][3][12]_INST_0_i_9_n_0
                         CARRY4 (Prop_carry4_S[2]_CO[3])
                                                      0.380    16.515 r  ex_stage_i/fpu_gen.fpu_i/fpu_gen.i_fpnew_bulk/gen_operation_groups[3].i_opgroup_block/gen_merged_slice.i_multifmt_slice/gen_num_lanes[0].active_lane.lane_instance.i_fpnew_cast_multi/rvfi_probes_o[instr][wbdata][3][12]_INST_0_i_7/CO[3]
                         net (fo=1, unplaced)         0.000    16.515    ex_stage_i/fpu_gen.fpu_i/fpu_gen.i_fpnew_bulk/gen_operation_groups[3].i_opgroup_block/gen_merged_slice.i_multifmt_slice/gen_num_lanes[0].active_lane.lane_instance.i_fpnew_cast_multi/rvfi_probes_o[instr][wbdata][3][12]_INST_0_i_7_n_0
                         CARRY4 (Prop_carry4_CI_O[3])
                                                      0.331    16.846 r  ex_stage_i/fpu_gen.fpu_i/fpu_gen.i_fpnew_bulk/gen_operation_groups[3].i_opgroup_block/gen_merged_slice.i_multifmt_slice/gen_num_lanes[0].active_lane.lane_instance.i_fpnew_cast_multi/rvfi_probes_o[instr][wbdata][3][16]_INST_0_i_7/O[3]
                         net (fo=2, unplaced)         0.629    17.475    ex_stage_i/fpu_gen.fpu_i/fpu_gen.i_fpnew_bulk/gen_operation_groups[3].i_opgroup_block/gen_merged_slice.i_multifmt_slice/gen_num_lanes[0].active_lane.lane_instance.i_fpnew_cast_multi/rounded_uint_res0[16]
                         LUT5 (Prop_lut5_I4_O)        0.307    17.782 r  ex_stage_i/fpu_gen.fpu_i/fpu_gen.i_fpnew_bulk/gen_operation_groups[3].i_opgroup_block/gen_merged_slice.i_multifmt_slice/gen_num_lanes[0].active_lane.lane_instance.i_fpnew_cast_multi/rvfi_probes_o[instr][wbdata][3][30]_INST_0_i_231/O
                         net (fo=1, unplaced)         0.449    18.231    ex_stage_i/fpu_gen.fpu_i/fpu_gen.i_fpnew_bulk/gen_operation_groups[3].i_opgroup_block/gen_merged_slice.i_multifmt_slice/gen_num_lanes[0].active_lane.lane_instance.i_fpnew_cast_multi/rvfi_probes_o[instr][wbdata][3][30]_INST_0_i_231_n_0
                         LUT6 (Prop_lut6_I5_O)        0.124    18.355 r  ex_stage_i/fpu_gen.fpu_i/fpu_gen.i_fpnew_bulk/gen_operation_groups[3].i_opgroup_block/gen_merged_slice.i_multifmt_slice/gen_num_lanes[0].active_lane.lane_instance.i_fpnew_cast_multi/rvfi_probes_o[instr][wbdata][3][30]_INST_0_i_205/O
                         net (fo=1, unplaced)         1.111    19.466    ex_stage_i/fpu_gen.fpu_i/fpu_gen.i_fpnew_bulk/gen_operation_groups[3].i_opgroup_block/gen_merged_slice.i_multifmt_slice/gen_num_lanes[0].active_lane.lane_instance.i_fpnew_cast_multi/rvfi_probes_o[instr][wbdata][3][30]_INST_0_i_205_n_0
                         LUT6 (Prop_lut6_I3_O)        0.124    19.590 r  ex_stage_i/fpu_gen.fpu_i/fpu_gen.i_fpnew_bulk/gen_operation_groups[3].i_opgroup_block/gen_merged_slice.i_multifmt_slice/gen_num_lanes[0].active_lane.lane_instance.i_fpnew_cast_multi/rvfi_probes_o[instr][wbdata][3][30]_INST_0_i_160/O
                         net (fo=1, unplaced)         0.449    20.039    ex_stage_i/fpu_gen.fpu_i/fpu_gen.i_fpnew_bulk/gen_operation_groups[3].i_opgroup_block/gen_merged_slice.i_multifmt_slice/gen_num_lanes[0].active_lane.lane_instance.i_fpnew_cast_multi/rvfi_probes_o[instr][wbdata][3][30]_INST_0_i_160_n_0
                         LUT6 (Prop_lut6_I1_O)        0.124    20.163 r  ex_stage_i/fpu_gen.fpu_i/fpu_gen.i_fpnew_bulk/gen_operation_groups[3].i_opgroup_block/gen_merged_slice.i_multifmt_slice/gen_num_lanes[0].active_lane.lane_instance.i_fpnew_cast_multi/rvfi_probes_o[instr][wbdata][3][30]_INST_0_i_97/O
                         net (fo=1, unplaced)         0.449    20.612    ex_stage_i/fpu_gen.fpu_i/fpu_gen.i_fpnew_bulk/gen_operation_groups[3].i_opgroup_block/gen_merged_slice.i_multifmt_slice/gen_num_lanes[0].active_lane.lane_instance.i_fpnew_cast_multi/rvfi_probes_o[instr][wbdata][3][30]_INST_0_i_97_n_0
                         LUT4 (Prop_lut4_I2_O)        0.124    20.736 r  ex_stage_i/fpu_gen.fpu_i/fpu_gen.i_fpnew_bulk/gen_operation_groups[3].i_opgroup_block/gen_merged_slice.i_multifmt_slice/gen_num_lanes[0].active_lane.lane_instance.i_fpnew_cast_multi/rvfi_probes_o[instr][wbdata][3][30]_INST_0_i_55/O
                         net (fo=1, unplaced)         0.449    21.185    ex_stage_i/fpu_gen.fpu_i/fpu_gen.i_fpnew_bulk/gen_operation_groups[3].i_opgroup_block/gen_merged_slice.i_multifmt_slice/gen_num_lanes[0].active_lane.lane_instance.i_fpnew_cast_multi/rvfi_probes_o[instr][wbdata][3][30]_INST_0_i_55_n_0
                         LUT6 (Prop_lut6_I1_O)        0.124    21.309 f  ex_stage_i/fpu_gen.fpu_i/fpu_gen.i_fpnew_bulk/gen_operation_groups[3].i_opgroup_block/gen_merged_slice.i_multifmt_slice/gen_num_lanes[0].active_lane.lane_instance.i_fpnew_cast_multi/rvfi_probes_o[instr][wbdata][3][30]_INST_0_i_37/O
                         net (fo=3, unplaced)         0.467    21.776    ex_stage_i/fpu_gen.fpu_i/fpu_gen.i_fpnew_bulk/gen_operation_groups[3].i_opgroup_block/gen_merged_slice.i_multifmt_slice/gen_num_lanes[0].active_lane.lane_instance.i_fpnew_cast_multi/rvfi_probes_o[instr][wbdata][3][30]_INST_0_i_37_n_0
                         LUT6 (Prop_lut6_I1_O)        0.124    21.900 r  ex_stage_i/fpu_gen.fpu_i/fpu_gen.i_fpnew_bulk/gen_operation_groups[3].i_opgroup_block/gen_merged_slice.i_multifmt_slice/gen_num_lanes[0].active_lane.lane_instance.i_fpnew_cast_multi/rvfi_probes_o[instr][wbdata][3][30]_INST_0_i_17/O
                         net (fo=31, unplaced)        0.519    22.419    ex_stage_i/fpu_gen.fpu_i/fpu_gen.i_fpnew_bulk/gen_operation_groups[3].i_opgroup_block/gen_merged_slice.i_multifmt_slice/gen_num_lanes[0].active_lane.lane_instance.i_fpnew_cast_multi/rvfi_probes_o[instr][wbdata][3][30]_INST_0_i_17_n_0
                         LUT6 (Prop_lut6_I5_O)        0.124    22.543 r  ex_stage_i/fpu_gen.fpu_i/fpu_gen.i_fpnew_bulk/gen_operation_groups[3].i_opgroup_block/gen_merged_slice.i_multifmt_slice/gen_num_lanes[0].active_lane.lane_instance.i_fpnew_cast_multi/rvfi_probes_o[instr][wbdata][3][23]_INST_0_i_8/O
                         net (fo=1, unplaced)         0.902    23.445    ex_stage_i/fpu_gen.fpu_i/fpu_gen.i_fpnew_bulk/gen_operation_groups[3].i_opgroup_block/gen_merged_slice.i_multifmt_slice/gen_num_lanes[0].active_lane.lane_instance.i_fpnew_cast_multi/rvfi_probes_o[instr][wbdata][3][23]_INST_0_i_8_n_0
                         LUT5 (Prop_lut5_I2_O)        0.124    23.569 r  ex_stage_i/fpu_gen.fpu_i/fpu_gen.i_fpnew_bulk/gen_operation_groups[3].i_opgroup_block/gen_merged_slice.i_multifmt_slice/gen_num_lanes[0].active_lane.lane_instance.i_fpnew_cast_multi/rvfi_probes_o[instr][wbdata][3][23]_INST_0_i_4/O
                         net (fo=1, unplaced)         0.449    24.018    ex_stage_i/fpu_gen.fpu_i/fpu_gen.i_fpnew_bulk/gen_operation_groups[2].i_opgroup_block/gen_parallel_slices[0].active_format.i_fmt_slice/gen_num_lanes[0].active_lane.lane_instance.i_noncomp/opgrp_outputs[3][result][0]
                         LUT6 (Prop_lut6_I0_O)        0.124    24.142 r  ex_stage_i/fpu_gen.fpu_i/fpu_gen.i_fpnew_bulk/gen_operation_groups[2].i_opgroup_block/gen_parallel_slices[0].active_format.i_fmt_slice/gen_num_lanes[0].active_lane.lane_instance.i_noncomp/rvfi_probes_o[instr][wbdata][3][23]_INST_0_i_2/O
                         net (fo=1, unplaced)         0.000    24.142    ex_stage_i/fpu_gen.fpu_i/fpu_gen.i_fpnew_bulk/i_arbiter/gen_arbiter.data_nodes[2][result][1]
                         MUXF7 (Prop_muxf7_I1_O)      0.247    24.389 r  ex_stage_i/fpu_gen.fpu_i/fpu_gen.i_fpnew_bulk/i_arbiter/rvfi_probes_o[instr][wbdata][3][23]_INST_0/O
                         net (fo=7, unplaced)         0.487    24.876    issue_stage_i/i_scoreboard/fu_data_q[0][imm][23]_i_2_0
                         LUT6 (Prop_lut6_I3_O)        0.298    25.174 r  issue_stage_i/i_scoreboard/rvfi_probes_o[instr][rs1][0][23]_INST_0_i_4/O
                         net (fo=1, unplaced)         0.449    25.623    issue_stage_i/i_scoreboard/rvfi_probes_o[instr][rs1][0][23]_INST_0_i_4_n_0
                         LUT6 (Prop_lut6_I5_O)        0.124    25.747 r  issue_stage_i/i_scoreboard/rvfi_probes_o[instr][rs1][0][23]_INST_0_i_1/O
                         net (fo=1, unplaced)         0.449    26.196    id_stage_i/rs1_res[0]_1[23]
                         LUT6 (Prop_lut6_I3_O)        0.124    26.320 r  id_stage_i/rvfi_probes_o[instr][rs1][0][23]_INST_0/O
                         net (fo=1, unset)            0.973    27.293    rvfi_probes_o[instr][rs1][0][23]
                                                                      r  rvfi_probes_o[instr][rs1][0][23] (OUT)
  -------------------------------------------------------------------    -------------------




