Copyright 1986-2022 Xilinx, Inc. All Rights Reserved. Copyright 2022-2024 Advanced Micro Devices, Inc. All Rights Reserved.
---------------------------------------------------------------------------------------------------------------------------------------------
| Tool Version : Vivado v.2024.1 (lin64) Build 5076996 Wed May 22 18:36:09 MDT 2024
| Date         : Fri Sep 11 11:06:46 2026
| Host         : telmo-HYM-WXX running 64-bit Ubuntu 20.04.6 LTS
| Command      : report_timing -nworst 1 -delay_type max -sort_by group -file reports_cva6_fpga_synth/cva6_fpga.timing.rpt
| Design       : cva6_zybo_z7_20
| Device       : 7z020-clg400
| Speed File   : -1  PRODUCTION 1.12 2019-11-22
| Design State : Synthesized
---------------------------------------------------------------------------------------------------------------------------------------------

Timing Report

Slack (VIOLATED) :        -0.552ns  (required time - arrival time)
  Source:                 i_ariane/i_cva6/issue_stage_i/i_scoreboard/mem_q_reg[1][sbe][fu][2]/C
                            (rising edge-triggered cell FDCE clocked by clk_out1_xlnx_clk_gen  {rise@0.000ns fall@12.500ns period=25.000ns})
  Destination:            i_ariane/i_cva6/ex_stage_i/lsu_i/gen_no_mmu.lsu_paddr_reg[0]/CE
                            (rising edge-triggered cell FDCE clocked by clk_out1_xlnx_clk_gen  {rise@0.000ns fall@12.500ns period=25.000ns})
  Path Group:             clk_out1_xlnx_clk_gen
  Path Type:              Setup (Max at Slow Process Corner)
  Requirement:            25.000ns  (clk_out1_xlnx_clk_gen rise@25.000ns - clk_out1_xlnx_clk_gen rise@0.000ns)
  Data Path Delay:        25.123ns  (logic 6.782ns (26.995%)  route 18.341ns (73.005%))
  Logic Levels:           31  (CARRY4=6 LUT1=2 LUT3=1 LUT4=3 LUT5=3 LUT6=16)
  Clock Path Skew:        -0.145ns (DCD - SCD + CPR)
    Destination Clock Delay (DCD):    -2.245ns = ( 22.755 - 25.000 ) 
    Source Clock Delay      (SCD):    -1.569ns
    Clock Pessimism Removal (CPR):    0.531ns
  Clock Uncertainty:      0.082ns  ((TSJ^2 + DJ^2)^1/2) / 2 + PE
    Total System Jitter     (TSJ):    0.071ns
    Discrete Jitter          (DJ):    0.149ns
    Phase Error              (PE):    0.000ns

    Location             Delay type                Incr(ns)  Path(ns)    Netlist Resource(s)
  -------------------------------------------------------------------    -------------------
                         (clock clk_out1_xlnx_clk_gen rise edge)
                                                      0.000     0.000 r  
    K17                                               0.000     0.000 r  clk_sys (IN)
                         net (fo=0)                   0.000     0.000    i_xlnx_clk_gen/inst/clk_in1
    K17                  IBUF (Prop_ibuf_I_O)         1.475     1.475 r  i_xlnx_clk_gen/inst/clkin1_ibufg/O
                         net (fo=1, unplaced)         0.584     2.059    i_xlnx_clk_gen/inst/clk_in1_xlnx_clk_gen
                         MMCME2_ADV (Prop_mmcme2_adv_CLKIN1_CLKOUT0)
                                                     -5.113    -3.054 r  i_xlnx_clk_gen/inst/mmcm_adv_inst/CLKOUT0
                         net (fo=1, unplaced)         0.800    -2.254    i_xlnx_clk_gen/inst/clk_out1_xlnx_clk_gen
                         BUFG (Prop_bufg_I_O)         0.101    -2.153 r  i_xlnx_clk_gen/inst/clkout1_buf/O
                         net (fo=23488, unplaced)     0.584    -1.569    i_ariane/i_cva6/issue_stage_i/i_scoreboard/clk_out1
                         FDCE                                         r  i_ariane/i_cva6/issue_stage_i/i_scoreboard/mem_q_reg[1][sbe][fu][2]/C
  -------------------------------------------------------------------    -------------------
                         FDCE (Prop_fdce_C_Q)         0.478    -1.091 r  i_ariane/i_cva6/issue_stage_i/i_scoreboard/mem_q_reg[1][sbe][fu][2]/Q
                         net (fo=10, unplaced)        1.008    -0.083    i_ariane/i_cva6/issue_stage_i/i_scoreboard/mem_q_reg[1][sbe][fu_n_0_][2]
                         LUT6 (Prop_lut6_I0_O)        0.295     0.212 f  i_ariane/i_cva6/issue_stage_i/i_scoreboard/i_cva6n_0_44421_BUFG_inst_i_6/O
                         net (fo=1, unplaced)         0.902     1.114    i_ariane/i_cva6/issue_stage_i/i_scoreboard/i_cva6n_0_44421_BUFG_inst_i_6_n_0
                         LUT6 (Prop_lut6_I1_O)        0.124     1.238 f  i_ariane/i_cva6/issue_stage_i/i_scoreboard/i_cva6n_0_44421_BUFG_inst_i_2/O
                         net (fo=12, unplaced)        1.012     2.250    i_ariane/i_cva6/issue_stage_i/i_scoreboard/commit_pointer_q_reg[0][2]_rep__0_1
                         LUT6 (Prop_lut6_I1_O)        0.124     2.374 r  i_ariane/i_cva6/issue_stage_i/i_scoreboard/csr_snoop_data_q[5]_i_9/O
                         net (fo=2, unplaced)         0.913     3.287    i_ariane/i_cva6/issue_stage_i/i_scoreboard/csr_snoop_data_q[5]_i_9_n_0
                         LUT6 (Prop_lut6_I2_O)        0.124     3.411 f  i_ariane/i_cva6/issue_stage_i/i_scoreboard/csr_snoop_data_q[5]_i_3/O
                         net (fo=38, unplaced)        0.524     3.935    i_ariane/i_cva6/issue_stage_i/i_scoreboard/csr_exception_csr_commit[cause][1]
                         LUT4 (Prop_lut4_I0_O)        0.124     4.059 f  i_ariane/i_cva6/issue_stage_i/i_scoreboard/npc_q[31]_i_10/O
                         net (fo=104, unplaced)       1.003     5.062    i_ariane/i_cva6/issue_stage_i/i_scoreboard/commit_pointer_q_reg[0][3]_16
                         LUT4 (Prop_lut4_I0_O)        0.124     5.186 r  i_ariane/i_cva6/issue_stage_i/i_scoreboard/bmiss_trans_id_q[3]_i_3/O
                         net (fo=47, unplaced)        0.530     5.716    i_ariane/i_cva6/issue_stage_i/i_scoreboard/bmiss_trans_id_q[3]_i_3_n_0
                         LUT6 (Prop_lut6_I3_O)        0.124     5.840 r  i_ariane/i_cva6/issue_stage_i/i_scoreboard/ld_queue_q[reserved][3]_i_9/O
                         net (fo=30, unplaced)        0.972     6.812    i_ariane/i_cva6/issue_stage_i/i_scoreboard/FSM_sequential_state_q_reg_19
                         LUT6 (Prop_lut6_I0_O)        0.124     6.936 f  i_ariane/i_cva6/issue_stage_i/i_scoreboard/st_queue_q[instr][3][vaddr][31]_i_19/O
                         net (fo=2, unplaced)         0.460     7.396    i_ariane/i_cva6/issue_stage_i/i_scoreboard/st_queue_q[instr][3][vaddr][31]_i_19_n_0
                         LUT4 (Prop_lut4_I1_O)        0.116     7.512 r  i_ariane/i_cva6/issue_stage_i/i_scoreboard/st_queue_q[instr][3][vaddr][31]_i_7/O
                         net (fo=4, unplaced)         0.926     8.438    i_ariane/i_cva6/issue_stage_i/i_scoreboard/st_queue_q[instr][3][vaddr][31]_i_7_n_0
                         LUT5 (Prop_lut5_I1_O)        0.124     8.562 r  i_ariane/i_cva6/issue_stage_i/i_scoreboard/gen_no_mmu.lsu_paddr[0]_i_15/O
                         net (fo=101, unplaced)       0.549     9.111    i_ariane/i_cva6/ex_stage_i/lsu_i/load_store_queue_i/i_st_translation_tournament_tree/gen_no_mmu.lsu_paddr_reg[0]_3
                         LUT6 (Prop_lut6_I2_O)        0.124     9.235 f  i_ariane/i_cva6/ex_stage_i/lsu_i/load_store_queue_i/i_st_translation_tournament_tree/previous_translation_pointer_q[1]_i_32/O
                         net (fo=7, unplaced)         0.484     9.719    i_ariane/i_cva6/ex_stage_i/lsu_i/load_store_queue_i/i_st_translation_tournament_tree/previous_translation_pointer_q[1]_i_32_n_0
                         LUT1 (Prop_lut1_I0_O)        0.116     9.835 r  i_ariane/i_cva6/ex_stage_i/lsu_i/load_store_queue_i/i_st_translation_tournament_tree/previous_translation_pointer_q[1]_i_238/O
                         net (fo=1, unplaced)         0.000     9.835    i_ariane/i_cva6/ex_stage_i/lsu_i/load_store_queue_i/i_st_translation_tournament_tree/previous_translation_pointer_q[1]_i_238_n_0
                         CARRY4 (Prop_carry4_DI[0]_CO[3])
                                                      0.576    10.411 r  i_ariane/i_cva6/ex_stage_i/lsu_i/load_store_queue_i/i_st_translation_tournament_tree/previous_translation_pointer_q_reg[1]_i_176/CO[3]
                         net (fo=1, unplaced)         0.009    10.420    i_ariane/i_cva6/ex_stage_i/lsu_i/load_store_queue_i/i_st_translation_tournament_tree/previous_translation_pointer_q_reg[1]_i_176_n_0
                         CARRY4 (Prop_carry4_CI_O[1])
                                                      0.337    10.757 f  i_ariane/i_cva6/ex_stage_i/lsu_i/load_store_queue_i/i_st_translation_tournament_tree/previous_translation_pointer_q_reg[1]_i_87/O[1]
                         net (fo=1, unplaced)         0.312    11.069    i_ariane/i_cva6/ex_stage_i/lsu_i/load_store_queue_i/i_st_translation_tournament_tree/valid_tree53_out[5]
                         LUT6 (Prop_lut6_I4_O)        0.306    11.375 r  i_ariane/i_cva6/ex_stage_i/lsu_i/load_store_queue_i/i_st_translation_tournament_tree/previous_translation_pointer_q[1]_i_23/O
                         net (fo=17, unplaced)        0.505    11.880    i_ariane/i_cva6/ex_stage_i/lsu_i/load_store_queue_i/i_st_translation_tournament_tree/valid_tree1_2
                         LUT6 (Prop_lut6_I5_O)        0.124    12.004 r  i_ariane/i_cva6/ex_stage_i/lsu_i/load_store_queue_i/i_st_translation_tournament_tree/previous_translation_pointer_q[1]_i_35/O
                         net (fo=3, unplaced)         0.657    12.661    i_ariane/i_cva6/ex_stage_i/lsu_i/load_store_queue_i/i_st_translation_tournament_tree/seq_num_tree[3]_202[1]
                         CARRY4 (Prop_carry4_DI[1]_CO[3])
                                                      0.520    13.181 r  i_ariane/i_cva6/ex_stage_i/lsu_i/load_store_queue_i/i_st_translation_tournament_tree/previous_translation_pointer_q_reg[1]_i_40/CO[3]
                         net (fo=1, unplaced)         0.009    13.190    i_ariane/i_cva6/ex_stage_i/lsu_i/load_store_queue_i/i_st_translation_tournament_tree/previous_translation_pointer_q_reg[1]_i_40_n_0
                         CARRY4 (Prop_carry4_CI_O[1])
                                                      0.337    13.527 f  i_ariane/i_cva6/ex_stage_i/lsu_i/load_store_queue_i/i_st_translation_tournament_tree/previous_translation_pointer_q_reg[1]_i_11/O[1]
                         net (fo=1, unplaced)         0.312    13.839    i_ariane/i_cva6/ex_stage_i/lsu_i/load_store_queue_i/i_st_translation_tournament_tree/id_tree50_out[5]
                         LUT6 (Prop_lut6_I5_O)        0.306    14.145 r  i_ariane/i_cva6/ex_stage_i/lsu_i/load_store_queue_i/i_st_translation_tournament_tree/previous_translation_pointer_q[1]_i_3/O
                         net (fo=24, unplaced)        0.513    14.658    i_ariane/i_cva6/ex_stage_i/lsu_i/load_store_queue_i/i_st_translation_tournament_tree/id_tree1_0
                         LUT3 (Prop_lut3_I1_O)        0.124    14.782 r  i_ariane/i_cva6/ex_stage_i/lsu_i/load_store_queue_i/i_st_translation_tournament_tree/previous_translation_pointer_q[0]_i_16/O
                         net (fo=6, unplaced)         0.481    15.263    i_ariane/i_cva6/ex_stage_i/lsu_i/load_store_queue_i/i_st_translation_tournament_tree/st_translation_pointer[0]
                         LUT6 (Prop_lut6_I3_O)        0.124    15.387 f  i_ariane/i_cva6/ex_stage_i/lsu_i/load_store_queue_i/i_st_translation_tournament_tree/previous_translation_pointer_q[1]_i_217/O
                         net (fo=2, unplaced)         0.460    15.847    i_ariane/i_cva6/ex_stage_i/lsu_i/load_store_queue_i/i_st_translation_tournament_tree/st_queue_q_reg[instr][2][global_id][3]
                         LUT1 (Prop_lut1_I0_O)        0.124    15.971 r  i_ariane/i_cva6/ex_stage_i/lsu_i/load_store_queue_i/i_st_translation_tournament_tree/previous_translation_pointer_q[1]_i_149/O
                         net (fo=1, unplaced)         0.473    16.444    i_ariane/i_cva6/ex_stage_i/lsu_i/load_store_queue_i/i_ld_translation_tournament_tree/updating_queues.(null)[0].tag_b[1]
                         CARRY4 (Prop_carry4_DI[3]_CO[3])
                                                      0.396    16.840 r  i_ariane/i_cva6/ex_stage_i/lsu_i/load_store_queue_i/i_ld_translation_tournament_tree/previous_translation_pointer_q_reg[1]_i_76/CO[3]
                         net (fo=1, unplaced)         0.009    16.849    i_ariane/i_cva6/ex_stage_i/lsu_i/load_store_queue_i/i_ld_translation_tournament_tree/previous_translation_pointer_q_reg[1]_i_76_n_0
                         CARRY4 (Prop_carry4_CI_O[1])
                                                      0.337    17.186 f  i_ariane/i_cva6/ex_stage_i/lsu_i/load_store_queue_i/i_ld_translation_tournament_tree/previous_translation_pointer_q_reg[1]_i_20/O[1]
                         net (fo=1, unplaced)         0.312    17.498    i_ariane/i_cva6/ex_stage_i/lsu_i/load_store_queue_i/i_st_translation_tournament_tree/O[0]
                         LUT6 (Prop_lut6_I4_O)        0.306    17.804 r  i_ariane/i_cva6/ex_stage_i/lsu_i/load_store_queue_i/i_st_translation_tournament_tree/previous_translation_pointer_q[1]_i_5/O
                         net (fo=7, unplaced)         0.484    18.288    i_ariane/i_cva6/ex_stage_i/lsu_i/load_store_queue_i/i_st_translation_tournament_tree/previous_translation_pointer_q[1]_i_2_0
                         LUT6 (Prop_lut6_I3_O)        0.124    18.412 r  i_ariane/i_cva6/ex_stage_i/lsu_i/load_store_queue_i/i_st_translation_tournament_tree/gen_no_mmu.lsu_paddr[3]_i_5/O
                         net (fo=155, unplaced)       0.560    18.972    i_ariane/i_cva6/ex_stage_i/lsu_i/load_store_queue_i/i_st_translation_tournament_tree/gen_no_mmu.lsu_paddr[3]_i_5_n_0
                         LUT5 (Prop_lut5_I0_O)        0.124    19.096 r  i_ariane/i_cva6/ex_stage_i/lsu_i/load_store_queue_i/i_st_translation_tournament_tree/gen_no_mmu.pmp_exception[valid]_i_110/O
                         net (fo=1, unplaced)         0.449    19.545    i_ariane/i_cva6/ex_stage_i/lsu_i/load_store_queue_i/i_st_translation_tournament_tree/gen_no_mmu.pmp_exception[valid]_i_110_n_0
                         LUT6 (Prop_lut6_I5_O)        0.124    19.669 r  i_ariane/i_cva6/ex_stage_i/lsu_i/load_store_queue_i/i_st_translation_tournament_tree/gen_no_mmu.pmp_exception[valid]_i_55/O
                         net (fo=4, unplaced)         0.926    20.595    i_ariane/i_cva6/ex_stage_i/lsu_i/load_store_queue_i/i_st_translation_tournament_tree/gen_no_mmu.pmp_exception[valid]_i_55_n_0
                         LUT5 (Prop_lut5_I1_O)        0.124    20.719 r  i_ariane/i_cva6/ex_stage_i/lsu_i/load_store_queue_i/i_st_translation_tournament_tree/gen_no_mmu.pmp_exception[valid]_i_15/O
                         net (fo=1, unplaced)         0.902    21.621    i_ariane/i_cva6/ex_stage_i/lsu_i/load_store_queue_i/i_st_translation_tournament_tree/gen_no_mmu.pmp_exception[valid]_i_15_n_0
                         LUT6 (Prop_lut6_I2_O)        0.124    21.745 f  i_ariane/i_cva6/ex_stage_i/lsu_i/load_store_queue_i/i_st_translation_tournament_tree/gen_no_mmu.pmp_exception[valid]_i_3/O
                         net (fo=2, unplaced)         1.122    22.867    i_ariane/i_cva6/ex_stage_i/lsu_i/load_store_queue_i/i_st_translation_tournament_tree/gen_no_mmu.pmp_exception[valid]_i_3_n_0
                         LUT6 (Prop_lut6_I0_O)        0.124    22.991 r  i_ariane/i_cva6/ex_stage_i/lsu_i/load_store_queue_i/i_st_translation_tournament_tree/gen_no_mmu.pmp_exception[valid]_i_1/O
                         net (fo=68, unplaced)        0.563    23.554    i_ariane/i_cva6/ex_stage_i/lsu_i/load_store_queue_i_n_218
                         FDCE                                         r  i_ariane/i_cva6/ex_stage_i/lsu_i/gen_no_mmu.lsu_paddr_reg[0]/CE
  -------------------------------------------------------------------    -------------------

                         (clock clk_out1_xlnx_clk_gen rise edge)
                                                     25.000    25.000 r  
    K17                                               0.000    25.000 r  clk_sys (IN)
                         net (fo=0)                   0.000    25.000    i_xlnx_clk_gen/inst/clk_in1
    K17                  IBUF (Prop_ibuf_I_O)         1.404    26.404 r  i_xlnx_clk_gen/inst/clkin1_ibufg/O
                         net (fo=1, unplaced)         0.439    26.843    i_xlnx_clk_gen/inst/clk_in1_xlnx_clk_gen
                         MMCME2_ADV (Prop_mmcme2_adv_CLKIN1_CLKOUT0)
                                                     -5.378    21.466 r  i_xlnx_clk_gen/inst/mmcm_adv_inst/CLKOUT0
                         net (fo=1, unplaced)         0.760    22.225    i_xlnx_clk_gen/inst/clk_out1_xlnx_clk_gen
                         BUFG (Prop_bufg_I_O)         0.091    22.316 r  i_xlnx_clk_gen/inst/clkout1_buf/O
                         net (fo=23488, unplaced)     0.439    22.755    i_ariane/i_cva6/ex_stage_i/lsu_i/clk_out1
                         FDCE                                         r  i_ariane/i_cva6/ex_stage_i/lsu_i/gen_no_mmu.lsu_paddr_reg[0]/C
                         clock pessimism              0.531    23.286    
                         clock uncertainty           -0.082    23.204    
                         FDCE (Setup_fdce_C_CE)      -0.202    23.002    i_ariane/i_cva6/ex_stage_i/lsu_i/gen_no_mmu.lsu_paddr_reg[0]
  -------------------------------------------------------------------
                         required time                         23.002    
                         arrival time                         -23.554    
  -------------------------------------------------------------------
                         slack                                 -0.552    

Slack (MET) :             5.757ns  (required time - arrival time)
  Source:                 i_dmi_jtag/i_dmi_jtag_tap/td_o_reg/C
                            (rising edge-triggered cell FDCE clocked by tck'  {rise@0.000ns fall@50.000ns period=100.000ns})
  Destination:            tdo
                            (output port clocked by tck  {rise@0.000ns fall@50.000ns period=100.000ns})
  Path Group:             tck
  Path Type:              Max at Slow Process Corner
  Requirement:            20.000ns  (MaxDelay Path 20.000ns)
  Data Path Delay:        5.049ns  (logic 4.249ns (84.161%)  route 0.800ns (15.839%))
  Logic Levels:           1  (OBUF=1)
  Output Delay:           5.000ns
  Clock Path Skew:        -3.693ns (DCD - SCD + CPR)
    Destination Clock Delay (DCD):    0.000ns
    Source Clock Delay      (SCD):    3.693ns
    Clock Pessimism Removal (CPR):    0.000ns
  Clock Uncertainty:      0.501ns  ((TSJ^2 + TIJ^2)^1/2 + DJ) / 2 + PE
    Total System Jitter     (TSJ):    0.071ns
    Total Input Jitter      (TIJ):    1.000ns
    Discrete Jitter          (DJ):    0.000ns
    Phase Error              (PE):    0.000ns
  Timing Exception:       MaxDelay Path 20.000ns

    Location             Delay type                Incr(ns)  Path(ns)    Netlist Resource(s)
  -------------------------------------------------------------------    -------------------
                         (clock tck fall edge)        0.000     0.000 f  
    H15                                               0.000     0.000 f  tck (IN)
                         net (fo=0)                   0.000     0.000    tck
    H15                  IBUF (Prop_ibuf_I_O)         1.500     1.500 f  tck_IBUF_inst/O
                         net (fo=1, unplaced)         0.800     2.300    tck_IBUF
                         BUFG (Prop_bufg_I_O)         0.101     2.401 f  tck_IBUF_BUFG_inst/O
                         net (fo=258, unplaced)       0.584     2.985    tck_IBUF_BUFG
                         LUT1 (Prop_lut1_I0_O)        0.124     3.109 r  td_o_reg_i_2/O
                         net (fo=1, unplaced)         0.584     3.693    i_dmi_jtag/i_dmi_jtag_tap/tck_ni
                         FDCE                                         r  i_dmi_jtag/i_dmi_jtag_tap/td_o_reg/C
  -------------------------------------------------------------------    -------------------
                         FDCE (Prop_fdce_C_Q)         0.518     4.211 r  i_dmi_jtag/i_dmi_jtag_tap/td_o_reg/Q
                         net (fo=1, unplaced)         0.800     5.011    tdo_OBUF
    J15                  OBUF (Prop_obuf_I_O)         3.731     8.742 r  tdo_OBUF_inst/O
                         net (fo=0)                   0.000     8.742    tdo
    J15                                                               r  tdo (OUT)
  -------------------------------------------------------------------    -------------------

                         max delay                   20.000    20.000    
                         clock pessimism              0.000    20.000    
                         clock uncertainty           -0.501    19.499    
                         output delay                -5.000    14.499    
  -------------------------------------------------------------------
                         required time                         14.499    
                         arrival time                          -8.742    
  -------------------------------------------------------------------
                         slack                                  5.757    

Slack (MET) :             22.007ns  (required time - arrival time)
  Source:                 i_axi_dwidth_converter_dm_slave/inst/gen_downsizer.gen_simple_downsizer.axi_downsizer_inst/USE_READ.read_addr_inst/cmd_queue/inst/fifo_gen_inst/inst_fifo_gen/gconvfifo.rf/grf.rf/rstblk/ngwrdrst.grst.g7serrst.gnsckt_wrst.gcc_rst.sckt_wr_rst_cc_reg[1]/C
                            (rising edge-triggered cell FDRE clocked by clk_out1_xlnx_clk_gen  {rise@0.000ns fall@12.500ns period=25.000ns})
  Destination:            i_axi_dwidth_converter_dm_slave/inst/gen_downsizer.gen_simple_downsizer.axi_downsizer_inst/USE_READ.read_addr_inst/cmd_queue/inst/fifo_gen_inst/inst_fifo_gen/gconvfifo.rf/grf.rf/gntv_or_sync_fifo.gl0.rd/gr1.gr1_int.rfwft/aempty_fwft_fb_i_reg/PRE
                            (recovery check against rising-edge clock clk_out1_xlnx_clk_gen  {rise@0.000ns fall@12.500ns period=25.000ns})
  Path Group:             **async_default**
  Path Type:              Recovery (Max at Slow Process Corner)
  Requirement:            25.000ns  (clk_out1_xlnx_clk_gen rise@25.000ns - clk_out1_xlnx_clk_gen rise@0.000ns)
  Data Path Delay:        2.372ns  (logic 0.773ns (32.589%)  route 1.599ns (67.411%))
  Logic Levels:           1  (LUT3=1)
  Clock Path Skew:        -0.145ns (DCD - SCD + CPR)
    Destination Clock Delay (DCD):    -2.245ns = ( 22.755 - 25.000 ) 
    Source Clock Delay      (SCD):    -1.569ns
    Clock Pessimism Removal (CPR):    0.531ns
  Clock Uncertainty:      0.082ns  ((TSJ^2 + DJ^2)^1/2) / 2 + PE
    Total System Jitter     (TSJ):    0.071ns
    Discrete Jitter          (DJ):    0.149ns
    Phase Error              (PE):    0.000ns

    Location             Delay type                Incr(ns)  Path(ns)    Netlist Resource(s)
  -------------------------------------------------------------------    -------------------
                         (clock clk_out1_xlnx_clk_gen rise edge)
                                                      0.000     0.000 r  
    K17                                               0.000     0.000 r  clk_sys (IN)
                         net (fo=0)                   0.000     0.000    i_xlnx_clk_gen/inst/clk_in1
    K17                  IBUF (Prop_ibuf_I_O)         1.475     1.475 r  i_xlnx_clk_gen/inst/clkin1_ibufg/O
                         net (fo=1, unplaced)         0.584     2.059    i_xlnx_clk_gen/inst/clk_in1_xlnx_clk_gen
                         MMCME2_ADV (Prop_mmcme2_adv_CLKIN1_CLKOUT0)
                                                     -5.113    -3.054 r  i_xlnx_clk_gen/inst/mmcm_adv_inst/CLKOUT0
                         net (fo=1, unplaced)         0.800    -2.254    i_xlnx_clk_gen/inst/clk_out1_xlnx_clk_gen
                         BUFG (Prop_bufg_I_O)         0.101    -2.153 r  i_xlnx_clk_gen/inst/clkout1_buf/O
                         net (fo=23488, unplaced)     0.584    -1.569    i_axi_dwidth_converter_dm_slave/inst/gen_downsizer.gen_simple_downsizer.axi_downsizer_inst/USE_READ.read_addr_inst/cmd_queue/inst/fifo_gen_inst/inst_fifo_gen/gconvfifo.rf/grf.rf/rstblk/clk
                         FDRE                                         r  i_axi_dwidth_converter_dm_slave/inst/gen_downsizer.gen_simple_downsizer.axi_downsizer_inst/USE_READ.read_addr_inst/cmd_queue/inst/fifo_gen_inst/inst_fifo_gen/gconvfifo.rf/grf.rf/rstblk/ngwrdrst.grst.g7serrst.gnsckt_wrst.gcc_rst.sckt_wr_rst_cc_reg[1]/C
  -------------------------------------------------------------------    -------------------
                         FDRE (Prop_fdre_C_Q)         0.478    -1.091 f  i_axi_dwidth_converter_dm_slave/inst/gen_downsizer.gen_simple_downsizer.axi_downsizer_inst/USE_READ.read_addr_inst/cmd_queue/inst/fifo_gen_inst/inst_fifo_gen/gconvfifo.rf/grf.rf/rstblk/ngwrdrst.grst.g7serrst.gnsckt_wrst.gcc_rst.sckt_wr_rst_cc_reg[1]/Q
                         net (fo=2, unplaced)         0.752    -0.339    i_axi_dwidth_converter_dm_slave/inst/gen_downsizer.gen_simple_downsizer.axi_downsizer_inst/USE_READ.read_addr_inst/cmd_queue/inst/fifo_gen_inst/inst_fifo_gen/gconvfifo.rf/grf.rf/rstblk/ngwrdrst.grst.g7serrst.gnsckt_wrst.gcc_rst.sckt_wr_rst_cc[1]
                         LUT3 (Prop_lut3_I0_O)        0.295    -0.044 f  i_axi_dwidth_converter_dm_slave/inst/gen_downsizer.gen_simple_downsizer.axi_downsizer_inst/USE_READ.read_addr_inst/cmd_queue/inst/fifo_gen_inst/inst_fifo_gen/gconvfifo.rf/grf.rf/rstblk/gpregsm1.curr_fwft_state[1]_i_2/O
                         net (fo=32, unplaced)        0.847     0.803    i_axi_dwidth_converter_dm_slave/inst/gen_downsizer.gen_simple_downsizer.axi_downsizer_inst/USE_READ.read_addr_inst/cmd_queue/inst/fifo_gen_inst/inst_fifo_gen/gconvfifo.rf/grf.rf/gntv_or_sync_fifo.gl0.rd/gr1.gr1_int.rfwft/gpregsm1.user_valid_reg_0
                         FDPE                                         f  i_axi_dwidth_converter_dm_slave/inst/gen_downsizer.gen_simple_downsizer.axi_downsizer_inst/USE_READ.read_addr_inst/cmd_queue/inst/fifo_gen_inst/inst_fifo_gen/gconvfifo.rf/grf.rf/gntv_or_sync_fifo.gl0.rd/gr1.gr1_int.rfwft/aempty_fwft_fb_i_reg/PRE
  -------------------------------------------------------------------    -------------------

                         (clock clk_out1_xlnx_clk_gen rise edge)
                                                     25.000    25.000 r  
    K17                                               0.000    25.000 r  clk_sys (IN)
                         net (fo=0)                   0.000    25.000    i_xlnx_clk_gen/inst/clk_in1
    K17                  IBUF (Prop_ibuf_I_O)         1.404    26.404 r  i_xlnx_clk_gen/inst/clkin1_ibufg/O
                         net (fo=1, unplaced)         0.439    26.843    i_xlnx_clk_gen/inst/clk_in1_xlnx_clk_gen
                         MMCME2_ADV (Prop_mmcme2_adv_CLKIN1_CLKOUT0)
                                                     -5.378    21.466 r  i_xlnx_clk_gen/inst/mmcm_adv_inst/CLKOUT0
                         net (fo=1, unplaced)         0.760    22.225    i_xlnx_clk_gen/inst/clk_out1_xlnx_clk_gen
                         BUFG (Prop_bufg_I_O)         0.091    22.316 r  i_xlnx_clk_gen/inst/clkout1_buf/O
                         net (fo=23488, unplaced)     0.439    22.755    i_axi_dwidth_converter_dm_slave/inst/gen_downsizer.gen_simple_downsizer.axi_downsizer_inst/USE_READ.read_addr_inst/cmd_queue/inst/fifo_gen_inst/inst_fifo_gen/gconvfifo.rf/grf.rf/gntv_or_sync_fifo.gl0.rd/gr1.gr1_int.rfwft/clk
                         FDPE                                         r  i_axi_dwidth_converter_dm_slave/inst/gen_downsizer.gen_simple_downsizer.axi_downsizer_inst/USE_READ.read_addr_inst/cmd_queue/inst/fifo_gen_inst/inst_fifo_gen/gconvfifo.rf/grf.rf/gntv_or_sync_fifo.gl0.rd/gr1.gr1_int.rfwft/aempty_fwft_fb_i_reg/C
                         clock pessimism              0.531    23.286    
                         clock uncertainty           -0.082    23.204    
                         FDPE (Recov_fdpe_C_PRE)     -0.394    22.810    i_axi_dwidth_converter_dm_slave/inst/gen_downsizer.gen_simple_downsizer.axi_downsizer_inst/USE_READ.read_addr_inst/cmd_queue/inst/fifo_gen_inst/inst_fifo_gen/gconvfifo.rf/grf.rf/gntv_or_sync_fifo.gl0.rd/gr1.gr1_int.rfwft/aempty_fwft_fb_i_reg
  -------------------------------------------------------------------
                         required time                         22.810    
                         arrival time                          -0.803    
  -------------------------------------------------------------------
                         slack                                 22.007    




