Copyright 1986-2022 Xilinx, Inc. All Rights Reserved. Copyright 2022-2024 Advanced Micro Devices, Inc. All Rights Reserved.
---------------------------------------------------------------------------------------------------------------------------------------------
| Tool Version : Vivado v.2024.1 (lin64) Build 5076996 Wed May 22 18:36:09 MDT 2024
| Date         : Tue Aug 25 20:29:19 2026
| Host         : telmo-HYM-WXX running 64-bit Ubuntu 20.04.6 LTS
| Command      : report_timing -nworst 1 -delay_type max -sort_by group -file reports_cva6_fpga_synth/cva6_fpga.timing.rpt
| Design       : cva6_zybo_z7_20
| Device       : 7z020-clg400
| Speed File   : -1  PRODUCTION 1.12 2019-11-22
| Design State : Synthesized
---------------------------------------------------------------------------------------------------------------------------------------------

Timing Report

Slack (MET) :             0.174ns  (required time - arrival time)
  Source:                 i_ariane/i_cva6/issue_stage_i/i_scoreboard/commit_pointer_q_reg[0][0]_rep__1/C
                            (rising edge-triggered cell FDCE clocked by clk_out1_xlnx_clk_gen  {rise@0.000ns fall@12.500ns period=25.000ns})
  Destination:            i_ariane/i_cva6/ex_stage_i/lsu_i/gen_no_mmu.pmp_exception_reg[tval][10]/D
                            (rising edge-triggered cell FDCE clocked by clk_out1_xlnx_clk_gen  {rise@0.000ns fall@12.500ns period=25.000ns})
  Path Group:             clk_out1_xlnx_clk_gen
  Path Type:              Setup (Max at Slow Process Corner)
  Requirement:            25.000ns  (clk_out1_xlnx_clk_gen rise@25.000ns - clk_out1_xlnx_clk_gen rise@0.000ns)
  Data Path Delay:        24.643ns  (logic 6.022ns (24.437%)  route 18.621ns (75.563%))
  Logic Levels:           28  (CARRY4=4 LUT3=4 LUT5=3 LUT6=16 MUXF7=1)
  Clock Path Skew:        -0.145ns (DCD - SCD + CPR)
    Destination Clock Delay (DCD):    -2.245ns = ( 22.755 - 25.000 ) 
    Source Clock Delay      (SCD):    -1.569ns
    Clock Pessimism Removal (CPR):    0.531ns
  Clock Uncertainty:      0.082ns  ((TSJ^2 + DJ^2)^1/2) / 2 + PE
    Total System Jitter     (TSJ):    0.071ns
    Discrete Jitter          (DJ):    0.149ns
    Phase Error              (PE):    0.000ns

    Location             Delay type                Incr(ns)  Path(ns)    Netlist Resource(s)
  -------------------------------------------------------------------    -------------------
                         (clock clk_out1_xlnx_clk_gen rise edge)
                                                      0.000     0.000 r  
    K17                                               0.000     0.000 r  clk_sys (IN)
                         net (fo=0)                   0.000     0.000    i_xlnx_clk_gen/inst/clk_in1
    K17                  IBUF (Prop_ibuf_I_O)         1.475     1.475 r  i_xlnx_clk_gen/inst/clkin1_ibufg/O
                         net (fo=1, unplaced)         0.584     2.059    i_xlnx_clk_gen/inst/clk_in1_xlnx_clk_gen
                         MMCME2_ADV (Prop_mmcme2_adv_CLKIN1_CLKOUT0)
                                                     -5.113    -3.054 r  i_xlnx_clk_gen/inst/mmcm_adv_inst/CLKOUT0
                         net (fo=1, unplaced)         0.800    -2.254    i_xlnx_clk_gen/inst/clk_out1_xlnx_clk_gen
                         BUFG (Prop_bufg_I_O)         0.101    -2.153 r  i_xlnx_clk_gen/inst/clkout1_buf/O
                         net (fo=23310, unplaced)     0.584    -1.569    i_ariane/i_cva6/issue_stage_i/i_scoreboard/clk_out1
                         FDCE                                         r  i_ariane/i_cva6/issue_stage_i/i_scoreboard/commit_pointer_q_reg[0][0]_rep__1/C
  -------------------------------------------------------------------    -------------------
                         FDCE (Prop_fdce_C_Q)         0.478    -1.091 r  i_ariane/i_cva6/issue_stage_i/i_scoreboard/commit_pointer_q_reg[0][0]_rep__1/Q
                         net (fo=117, unplaced)       1.068    -0.023    i_ariane/i_cva6/issue_stage_i/i_scoreboard/commit_pointer_q_reg[0][0]_rep__1_n_1
                         LUT6 (Prop_lut6_I0_O)        0.295     0.272 f  i_ariane/i_cva6/issue_stage_i/i_scoreboard/n_0_34526_BUFG_inst_i_6/O
                         net (fo=2, unplaced)         0.913     1.185    i_ariane/i_cva6/issue_stage_i/i_scoreboard/n_0_34526_BUFG_inst_i_6_n_1
                         LUT6 (Prop_lut6_I2_O)        0.124     1.309 f  i_ariane/i_cva6/issue_stage_i/i_scoreboard/mcause_q[31]_i_9/O
                         net (fo=3, unplaced)         0.920     2.229    i_ariane/i_cva6/issue_stage_i/i_scoreboard/commit_instr_id_commit[0][valid]
                         LUT3 (Prop_lut3_I0_O)        0.124     2.353 r  i_ariane/i_cva6/issue_stage_i/i_scoreboard/mcause_q[31]_i_6/O
                         net (fo=54, unplaced)        0.533     2.886    i_ariane/i_cva6/issue_stage_i/i_scoreboard/commit_pointer_q_reg[0][3]_rep__0_18
                         LUT5 (Prop_lut5_I3_O)        0.124     3.010 f  i_ariane/i_cva6/issue_stage_i/i_scoreboard/mstatus_q[mie]_i_18/O
                         net (fo=1, unplaced)         1.111     4.121    i_ariane/i_cva6/issue_stage_i/i_scoreboard/mstatus_q[mie]_i_18_n_1
                         LUT6 (Prop_lut6_I1_O)        0.124     4.245 f  i_ariane/i_cva6/issue_stage_i/i_scoreboard/mstatus_q[mie]_i_11/O
                         net (fo=4, unplaced)         0.443     4.688    i_ariane/i_cva6/issue_stage_i/i_scoreboard/mstatus_q[mie]_i_11_n_1
                         LUT6 (Prop_lut6_I1_O)        0.124     4.812 f  i_ariane/i_cva6/issue_stage_i/i_scoreboard/mstatus_q[mie]_i_4/O
                         net (fo=123, unplaced)       0.554     5.366    i_ariane/i_cva6/issue_stage_i/i_scoreboard/debug_mode_q_reg_rep__0
                         LUT6 (Prop_lut6_I5_O)        0.124     5.490 r  i_ariane/i_cva6/issue_stage_i/i_scoreboard/ld_free_idx_q[1]_i_2/O
                         net (fo=127, unplaced)       0.555     6.045    i_ariane/i_cva6/issue_stage_i/i_scoreboard/ebreak_dbg_pending_q_reg_7
                         LUT6 (Prop_lut6_I4_O)        0.124     6.169 f  i_ariane/i_cva6/issue_stage_i/i_scoreboard/ld_queue_q[reserved][1]_i_3/O
                         net (fo=84, unplaced)        1.206     7.375    i_ariane/i_cva6/issue_stage_i/i_scoreboard/FSM_sequential_state_q_reg_1
                         LUT6 (Prop_lut6_I0_O)        0.124     7.499 f  i_ariane/i_cva6/issue_stage_i/i_scoreboard/gen_register.d_o[169]_i_28/O
                         net (fo=34, unplaced)        0.975     8.474    i_ariane/i_cva6/issue_stage_i/i_scoreboard/ld_queue_q_reg[instr][2][trans_id][3]
                         LUT5 (Prop_lut5_I1_O)        0.124     8.598 f  i_ariane/i_cva6/issue_stage_i/i_scoreboard/ld_queue_q[instr][2][vaddr][31]_i_3/O
                         net (fo=160, unplaced)       0.560     9.158    i_ariane/i_cva6/ex_stage_i/lsu_i/load_store_queue_i/i_ld_translation_tournament_tree/previous_translation_pointer_q[0]_i_5_1
                         LUT3 (Prop_lut3_I0_O)        0.116     9.274 r  i_ariane/i_cva6/ex_stage_i/lsu_i/load_store_queue_i/i_ld_translation_tournament_tree/previous_translation_pointer_q[1]_i_83/O
                         net (fo=5, unplaced)         1.139    10.413    i_ariane/i_cva6/ex_stage_i/lsu_i/load_store_queue_i/i_ld_translation_tournament_tree/ld_queue_q_reg[instr][2][global_id][3]
                         LUT6 (Prop_lut6_I1_O)        0.124    10.537 r  i_ariane/i_cva6/ex_stage_i/lsu_i/load_store_queue_i/i_ld_translation_tournament_tree/previous_translation_pointer_q[0]_i_10/O
                         net (fo=2, unplaced)         0.913    11.450    i_ariane/i_cva6/ex_stage_i/lsu_i/load_store_queue_i/i_ld_translation_tournament_tree/previous_translation_pointer_q[0]_i_10_n_1
                         LUT5 (Prop_lut5_I2_O)        0.124    11.574 r  i_ariane/i_cva6/ex_stage_i/lsu_i/load_store_queue_i/i_ld_translation_tournament_tree/previous_translation_pointer_q[0]_i_5/O
                         net (fo=10, unplaced)        0.492    12.066    i_ariane/i_cva6/ex_stage_i/lsu_i/load_store_queue_i/i_ld_translation_tournament_tree/previous_translation_pointer_q_reg[0]_i_12_0
                         LUT3 (Prop_lut3_I2_O)        0.124    12.190 r  i_ariane/i_cva6/ex_stage_i/lsu_i/load_store_queue_i/i_ld_translation_tournament_tree/previous_translation_pointer_q[1]_i_109/O
                         net (fo=1, unplaced)         0.333    12.523    i_ariane/i_cva6/ex_stage_i/lsu_i/load_store_queue_i/i_ld_translation_tournament_tree/seq_num_tree[3]_213[0]
                         CARRY4 (Prop_carry4_DI[0]_CO[3])
                                                      0.550    13.073 r  i_ariane/i_cva6/ex_stage_i/lsu_i/load_store_queue_i/i_ld_translation_tournament_tree/previous_translation_pointer_q_reg[1]_i_42/CO[3]
                         net (fo=1, unplaced)         0.009    13.082    i_ariane/i_cva6/ex_stage_i/lsu_i/load_store_queue_i/i_ld_translation_tournament_tree/previous_translation_pointer_q_reg[1]_i_42_n_1
                         CARRY4 (Prop_carry4_CI_O[1])
                                                      0.337    13.419 f  i_ariane/i_cva6/ex_stage_i/lsu_i/load_store_queue_i/i_ld_translation_tournament_tree/previous_translation_pointer_q_reg[1]_i_11/O[1]
                         net (fo=1, unplaced)         0.312    13.731    i_ariane/i_cva6/issue_stage_i/i_scoreboard/previous_translation_pointer_q_reg[1]_1[0]
                         LUT6 (Prop_lut6_I5_O)        0.306    14.037 r  i_ariane/i_cva6/issue_stage_i/i_scoreboard/previous_translation_pointer_q[1]_i_2/O
                         net (fo=43, unplaced)        0.528    14.565    i_ariane/i_cva6/issue_stage_i/i_scoreboard/id_tree1
                         LUT3 (Prop_lut3_I1_O)        0.124    14.689 r  i_ariane/i_cva6/issue_stage_i/i_scoreboard/previous_translation_pointer_q[0]_i_2/O
                         net (fo=41, unplaced)        0.526    15.215    i_ariane/i_cva6/issue_stage_i/i_scoreboard/ex_stage_i/lsu_i/load_store_queue_i/ld_translation_pointer[0]
                         LUT6 (Prop_lut6_I3_O)        0.124    15.339 r  i_ariane/i_cva6/issue_stage_i/i_scoreboard/previous_translation_pointer_q[1]_i_69/O
                         net (fo=3, unplaced)         0.657    15.996    i_ariane/i_cva6/issue_stage_i/i_scoreboard/previous_translation_pointer_q[1]_i_69_n_1
                         CARRY4 (Prop_carry4_DI[1]_CO[3])
                                                      0.520    16.516 r  i_ariane/i_cva6/issue_stage_i/i_scoreboard/previous_translation_pointer_q_reg[1]_i_77/CO[3]
                         net (fo=1, unplaced)         0.009    16.525    i_ariane/i_cva6/issue_stage_i/i_scoreboard/previous_translation_pointer_q_reg[1]_i_77_n_1
                         CARRY4 (Prop_carry4_CI_O[1])
                                                      0.337    16.862 f  i_ariane/i_cva6/issue_stage_i/i_scoreboard/previous_translation_pointer_q_reg[1]_i_21/O[1]
                         net (fo=1, unplaced)         0.312    17.174    i_ariane/i_cva6/issue_stage_i/i_scoreboard/previous_translation_pointer_q_reg[1]_i_21_n_7
                         LUT6 (Prop_lut6_I4_O)        0.306    17.480 r  i_ariane/i_cva6/issue_stage_i/i_scoreboard/previous_translation_pointer_q[1]_i_4/O
                         net (fo=37, unplaced)        0.524    18.004    i_ariane/i_cva6/issue_stage_i/i_scoreboard/previous_translation_pointer_q[1]_i_4_n_1
                         LUT6 (Prop_lut6_I4_O)        0.124    18.128 r  i_ariane/i_cva6/issue_stage_i/i_scoreboard/gen_no_mmu.lsu_paddr[0]_i_14/O
                         net (fo=164, unplaced)       1.014    19.142    i_ariane/i_cva6/issue_stage_i/i_scoreboard/previous_translation_pointer_q[0]_i_2_2
                         LUT6 (Prop_lut6_I2_O)        0.124    19.266 r  i_ariane/i_cva6/issue_stage_i/i_scoreboard/gen_no_mmu.pmp_exception[valid]_i_32/O
                         net (fo=1, unplaced)         0.000    19.266    i_ariane/i_cva6/issue_stage_i/i_scoreboard/gen_no_mmu.pmp_exception[valid]_i_32_n_1
                         MUXF7 (Prop_muxf7_I1_O)      0.247    19.513 r  i_ariane/i_cva6/issue_stage_i/i_scoreboard/gen_no_mmu.pmp_exception_reg[valid]_i_13/O
                         net (fo=4, unplaced)         1.138    20.651    i_ariane/i_cva6/issue_stage_i/i_scoreboard/rvfi_lsu_ctrl[operation][2]
                         LUT6 (Prop_lut6_I1_O)        0.298    20.949 r  i_ariane/i_cva6/issue_stage_i/i_scoreboard/gen_no_mmu.pmp_exception[valid]_i_26/O
                         net (fo=1, unplaced)         0.902    21.851    i_ariane/i_cva6/issue_stage_i/i_scoreboard/gen_no_mmu.pmp_exception[valid]_i_26_n_1
                         LUT6 (Prop_lut6_I3_O)        0.124    21.975 r  i_ariane/i_cva6/issue_stage_i/i_scoreboard/gen_no_mmu.pmp_exception[valid]_i_6/O
                         net (fo=34, unplaced)        0.975    22.950    i_ariane/i_cva6/issue_stage_i/i_scoreboard/gen_no_mmu.pmp_exception[valid]_i_6_n_1
                         LUT6 (Prop_lut6_I0_O)        0.124    23.074 r  i_ariane/i_cva6/issue_stage_i/i_scoreboard/gen_no_mmu.pmp_exception[tval][10]_i_1/O
                         net (fo=1, unplaced)         0.000    23.074    i_ariane/i_cva6/ex_stage_i/lsu_i/gen_no_mmu.pmp_exception_reg[tval][31]_0[10]
                         FDCE                                         r  i_ariane/i_cva6/ex_stage_i/lsu_i/gen_no_mmu.pmp_exception_reg[tval][10]/D
  -------------------------------------------------------------------    -------------------

                         (clock clk_out1_xlnx_clk_gen rise edge)
                                                     25.000    25.000 r  
    K17                                               0.000    25.000 r  clk_sys (IN)
                         net (fo=0)                   0.000    25.000    i_xlnx_clk_gen/inst/clk_in1
    K17                  IBUF (Prop_ibuf_I_O)         1.404    26.404 r  i_xlnx_clk_gen/inst/clkin1_ibufg/O
                         net (fo=1, unplaced)         0.439    26.843    i_xlnx_clk_gen/inst/clk_in1_xlnx_clk_gen
                         MMCME2_ADV (Prop_mmcme2_adv_CLKIN1_CLKOUT0)
                                                     -5.378    21.466 r  i_xlnx_clk_gen/inst/mmcm_adv_inst/CLKOUT0
                         net (fo=1, unplaced)         0.760    22.225    i_xlnx_clk_gen/inst/clk_out1_xlnx_clk_gen
                         BUFG (Prop_bufg_I_O)         0.091    22.316 r  i_xlnx_clk_gen/inst/clkout1_buf/O
                         net (fo=23310, unplaced)     0.439    22.755    i_ariane/i_cva6/ex_stage_i/lsu_i/clk_out1
                         FDCE                                         r  i_ariane/i_cva6/ex_stage_i/lsu_i/gen_no_mmu.pmp_exception_reg[tval][10]/C
                         clock pessimism              0.531    23.286    
                         clock uncertainty           -0.082    23.204    
                         FDCE (Setup_fdce_C_D)        0.044    23.248    i_ariane/i_cva6/ex_stage_i/lsu_i/gen_no_mmu.pmp_exception_reg[tval][10]
  -------------------------------------------------------------------
                         required time                         23.248    
                         arrival time                         -23.074    
  -------------------------------------------------------------------
                         slack                                  0.174    

Slack (MET) :             5.757ns  (required time - arrival time)
  Source:                 i_dmi_jtag/i_dmi_jtag_tap/td_o_reg/C
                            (rising edge-triggered cell FDCE clocked by tck'  {rise@0.000ns fall@50.000ns period=100.000ns})
  Destination:            tdo
                            (output port clocked by tck  {rise@0.000ns fall@50.000ns period=100.000ns})
  Path Group:             tck
  Path Type:              Max at Slow Process Corner
  Requirement:            20.000ns  (MaxDelay Path 20.000ns)
  Data Path Delay:        5.049ns  (logic 4.249ns (84.161%)  route 0.800ns (15.839%))
  Logic Levels:           1  (OBUF=1)
  Output Delay:           5.000ns
  Clock Path Skew:        -3.693ns (DCD - SCD + CPR)
    Destination Clock Delay (DCD):    0.000ns
    Source Clock Delay      (SCD):    3.693ns
    Clock Pessimism Removal (CPR):    0.000ns
  Clock Uncertainty:      0.501ns  ((TSJ^2 + TIJ^2)^1/2 + DJ) / 2 + PE
    Total System Jitter     (TSJ):    0.071ns
    Total Input Jitter      (TIJ):    1.000ns
    Discrete Jitter          (DJ):    0.000ns
    Phase Error              (PE):    0.000ns
  Timing Exception:       MaxDelay Path 20.000ns

    Location             Delay type                Incr(ns)  Path(ns)    Netlist Resource(s)
  -------------------------------------------------------------------    -------------------
                         (clock tck fall edge)        0.000     0.000 f  
    H15                                               0.000     0.000 f  tck (IN)
                         net (fo=0)                   0.000     0.000    tck
    H15                  IBUF (Prop_ibuf_I_O)         1.500     1.500 f  tck_IBUF_inst/O
                         net (fo=1, unplaced)         0.800     2.300    tck_IBUF
                         BUFG (Prop_bufg_I_O)         0.101     2.401 f  tck_IBUF_BUFG_inst/O
                         net (fo=258, unplaced)       0.584     2.985    tck_IBUF_BUFG
                         LUT1 (Prop_lut1_I0_O)        0.124     3.109 r  td_o_reg_i_2/O
                         net (fo=1, unplaced)         0.584     3.693    i_dmi_jtag/i_dmi_jtag_tap/tck_ni
                         FDCE                                         r  i_dmi_jtag/i_dmi_jtag_tap/td_o_reg/C
  -------------------------------------------------------------------    -------------------
                         FDCE (Prop_fdce_C_Q)         0.518     4.211 r  i_dmi_jtag/i_dmi_jtag_tap/td_o_reg/Q
                         net (fo=1, unplaced)         0.800     5.011    tdo_OBUF
    J15                  OBUF (Prop_obuf_I_O)         3.731     8.742 r  tdo_OBUF_inst/O
                         net (fo=0)                   0.000     8.742    tdo
    J15                                                               r  tdo (OUT)
  -------------------------------------------------------------------    -------------------

                         max delay                   20.000    20.000    
                         clock pessimism              0.000    20.000    
                         clock uncertainty           -0.501    19.499    
                         output delay                -5.000    14.499    
  -------------------------------------------------------------------
                         required time                         14.499    
                         arrival time                          -8.742    
  -------------------------------------------------------------------
                         slack                                  5.757    

Slack (MET) :             22.007ns  (required time - arrival time)
  Source:                 i_axi_dwidth_converter_dm_slave/inst/gen_downsizer.gen_simple_downsizer.axi_downsizer_inst/USE_READ.read_addr_inst/cmd_queue/inst/fifo_gen_inst/inst_fifo_gen/gconvfifo.rf/grf.rf/rstblk/ngwrdrst.grst.g7serrst.gnsckt_wrst.gcc_rst.sckt_wr_rst_cc_reg[1]/C
                            (rising edge-triggered cell FDRE clocked by clk_out1_xlnx_clk_gen  {rise@0.000ns fall@12.500ns period=25.000ns})
  Destination:            i_axi_dwidth_converter_dm_slave/inst/gen_downsizer.gen_simple_downsizer.axi_downsizer_inst/USE_READ.read_addr_inst/cmd_queue/inst/fifo_gen_inst/inst_fifo_gen/gconvfifo.rf/grf.rf/gntv_or_sync_fifo.gl0.rd/gr1.gr1_int.rfwft/aempty_fwft_fb_i_reg/PRE
                            (recovery check against rising-edge clock clk_out1_xlnx_clk_gen  {rise@0.000ns fall@12.500ns period=25.000ns})
  Path Group:             **async_default**
  Path Type:              Recovery (Max at Slow Process Corner)
  Requirement:            25.000ns  (clk_out1_xlnx_clk_gen rise@25.000ns - clk_out1_xlnx_clk_gen rise@0.000ns)
  Data Path Delay:        2.372ns  (logic 0.773ns (32.589%)  route 1.599ns (67.411%))
  Logic Levels:           1  (LUT3=1)
  Clock Path Skew:        -0.145ns (DCD - SCD + CPR)
    Destination Clock Delay (DCD):    -2.245ns = ( 22.755 - 25.000 ) 
    Source Clock Delay      (SCD):    -1.569ns
    Clock Pessimism Removal (CPR):    0.531ns
  Clock Uncertainty:      0.082ns  ((TSJ^2 + DJ^2)^1/2) / 2 + PE
    Total System Jitter     (TSJ):    0.071ns
    Discrete Jitter          (DJ):    0.149ns
    Phase Error              (PE):    0.000ns

    Location             Delay type                Incr(ns)  Path(ns)    Netlist Resource(s)
  -------------------------------------------------------------------    -------------------
                         (clock clk_out1_xlnx_clk_gen rise edge)
                                                      0.000     0.000 r  
    K17                                               0.000     0.000 r  clk_sys (IN)
                         net (fo=0)                   0.000     0.000    i_xlnx_clk_gen/inst/clk_in1
    K17                  IBUF (Prop_ibuf_I_O)         1.475     1.475 r  i_xlnx_clk_gen/inst/clkin1_ibufg/O
                         net (fo=1, unplaced)         0.584     2.059    i_xlnx_clk_gen/inst/clk_in1_xlnx_clk_gen
                         MMCME2_ADV (Prop_mmcme2_adv_CLKIN1_CLKOUT0)
                                                     -5.113    -3.054 r  i_xlnx_clk_gen/inst/mmcm_adv_inst/CLKOUT0
                         net (fo=1, unplaced)         0.800    -2.254    i_xlnx_clk_gen/inst/clk_out1_xlnx_clk_gen
                         BUFG (Prop_bufg_I_O)         0.101    -2.153 r  i_xlnx_clk_gen/inst/clkout1_buf/O
                         net (fo=23310, unplaced)     0.584    -1.569    i_axi_dwidth_converter_dm_slave/inst/gen_downsizer.gen_simple_downsizer.axi_downsizer_inst/USE_READ.read_addr_inst/cmd_queue/inst/fifo_gen_inst/inst_fifo_gen/gconvfifo.rf/grf.rf/rstblk/clk
                         FDRE                                         r  i_axi_dwidth_converter_dm_slave/inst/gen_downsizer.gen_simple_downsizer.axi_downsizer_inst/USE_READ.read_addr_inst/cmd_queue/inst/fifo_gen_inst/inst_fifo_gen/gconvfifo.rf/grf.rf/rstblk/ngwrdrst.grst.g7serrst.gnsckt_wrst.gcc_rst.sckt_wr_rst_cc_reg[1]/C
  -------------------------------------------------------------------    -------------------
                         FDRE (Prop_fdre_C_Q)         0.478    -1.091 f  i_axi_dwidth_converter_dm_slave/inst/gen_downsizer.gen_simple_downsizer.axi_downsizer_inst/USE_READ.read_addr_inst/cmd_queue/inst/fifo_gen_inst/inst_fifo_gen/gconvfifo.rf/grf.rf/rstblk/ngwrdrst.grst.g7serrst.gnsckt_wrst.gcc_rst.sckt_wr_rst_cc_reg[1]/Q
                         net (fo=2, unplaced)         0.752    -0.339    i_axi_dwidth_converter_dm_slave/inst/gen_downsizer.gen_simple_downsizer.axi_downsizer_inst/USE_READ.read_addr_inst/cmd_queue/inst/fifo_gen_inst/inst_fifo_gen/gconvfifo.rf/grf.rf/rstblk/ngwrdrst.grst.g7serrst.gnsckt_wrst.gcc_rst.sckt_wr_rst_cc[1]
                         LUT3 (Prop_lut3_I0_O)        0.295    -0.044 f  i_axi_dwidth_converter_dm_slave/inst/gen_downsizer.gen_simple_downsizer.axi_downsizer_inst/USE_READ.read_addr_inst/cmd_queue/inst/fifo_gen_inst/inst_fifo_gen/gconvfifo.rf/grf.rf/rstblk/gpregsm1.curr_fwft_state[1]_i_2/O
                         net (fo=32, unplaced)        0.847     0.803    i_axi_dwidth_converter_dm_slave/inst/gen_downsizer.gen_simple_downsizer.axi_downsizer_inst/USE_READ.read_addr_inst/cmd_queue/inst/fifo_gen_inst/inst_fifo_gen/gconvfifo.rf/grf.rf/gntv_or_sync_fifo.gl0.rd/gr1.gr1_int.rfwft/gpregsm1.user_valid_reg_0
                         FDPE                                         f  i_axi_dwidth_converter_dm_slave/inst/gen_downsizer.gen_simple_downsizer.axi_downsizer_inst/USE_READ.read_addr_inst/cmd_queue/inst/fifo_gen_inst/inst_fifo_gen/gconvfifo.rf/grf.rf/gntv_or_sync_fifo.gl0.rd/gr1.gr1_int.rfwft/aempty_fwft_fb_i_reg/PRE
  -------------------------------------------------------------------    -------------------

                         (clock clk_out1_xlnx_clk_gen rise edge)
                                                     25.000    25.000 r  
    K17                                               0.000    25.000 r  clk_sys (IN)
                         net (fo=0)                   0.000    25.000    i_xlnx_clk_gen/inst/clk_in1
    K17                  IBUF (Prop_ibuf_I_O)         1.404    26.404 r  i_xlnx_clk_gen/inst/clkin1_ibufg/O
                         net (fo=1, unplaced)         0.439    26.843    i_xlnx_clk_gen/inst/clk_in1_xlnx_clk_gen
                         MMCME2_ADV (Prop_mmcme2_adv_CLKIN1_CLKOUT0)
                                                     -5.378    21.466 r  i_xlnx_clk_gen/inst/mmcm_adv_inst/CLKOUT0
                         net (fo=1, unplaced)         0.760    22.225    i_xlnx_clk_gen/inst/clk_out1_xlnx_clk_gen
                         BUFG (Prop_bufg_I_O)         0.091    22.316 r  i_xlnx_clk_gen/inst/clkout1_buf/O
                         net (fo=23310, unplaced)     0.439    22.755    i_axi_dwidth_converter_dm_slave/inst/gen_downsizer.gen_simple_downsizer.axi_downsizer_inst/USE_READ.read_addr_inst/cmd_queue/inst/fifo_gen_inst/inst_fifo_gen/gconvfifo.rf/grf.rf/gntv_or_sync_fifo.gl0.rd/gr1.gr1_int.rfwft/clk
                         FDPE                                         r  i_axi_dwidth_converter_dm_slave/inst/gen_downsizer.gen_simple_downsizer.axi_downsizer_inst/USE_READ.read_addr_inst/cmd_queue/inst/fifo_gen_inst/inst_fifo_gen/gconvfifo.rf/grf.rf/gntv_or_sync_fifo.gl0.rd/gr1.gr1_int.rfwft/aempty_fwft_fb_i_reg/C
                         clock pessimism              0.531    23.286    
                         clock uncertainty           -0.082    23.204    
                         FDPE (Recov_fdpe_C_PRE)     -0.394    22.810    i_axi_dwidth_converter_dm_slave/inst/gen_downsizer.gen_simple_downsizer.axi_downsizer_inst/USE_READ.read_addr_inst/cmd_queue/inst/fifo_gen_inst/inst_fifo_gen/gconvfifo.rf/grf.rf/gntv_or_sync_fifo.gl0.rd/gr1.gr1_int.rfwft/aempty_fwft_fb_i_reg
  -------------------------------------------------------------------
                         required time                         22.810    
                         arrival time                          -0.803    
  -------------------------------------------------------------------
                         slack                                 22.007    




