Copyright 1986-2022 Xilinx, Inc. All Rights Reserved. Copyright 2022-2025 Advanced Micro Devices, Inc. All Rights Reserved.
---------------------------------------------------------------------------------------------------------------------------------------------
| Tool Version : Vivado v.2025.2 (lin64) Build 6299465 Fri Nov 14 12:34:56 MST 2025
| Date         : Thu Jul  2 14:43:03 2026
| Host         : rayan-HP-ProBook-445-G8-Notebook-PC running 64-bit Ubuntu 24.04.1 LTS
| Command      : report_utilization -hierarchical -file reports_cva6_fpga_synth/cva6_fpga.utilization.rpt
| Design       : cva6_zybo_z7_20
| Device       : xc7z020clg400-1
| Speed File   : -1
| Design State : Synthesized
---------------------------------------------------------------------------------------------------------------------------------------------

Utilization Design Information

Table of Contents
-----------------
1. Utilization by Hierarchy

1. Utilization by Hierarchy
---------------------------

+-------------------------------------------------------------------------------+------------------------------------------------------------------------------------------------------+------------+------------+---------+------+-------+--------+--------+------------+
|                                    Instance                                   |                                                Module                                                | Total LUTs | Logic LUTs | LUTRAMs | SRLs |  FFs  | RAMB36 | RAMB18 | DSP Blocks |
+-------------------------------------------------------------------------------+------------------------------------------------------------------------------------------------------+------------+------------+---------+------+-------+--------+--------+------------+
| cva6_zybo_z7_20                                                               |                                                                                                (top) |      25458 |      25081 |     312 |   65 | 17375 |     60 |      5 |          6 |
|   (cva6_zybo_z7_20)                                                           |                                                                                                (top) |         68 |          4 |      64 |    0 |     3 |      0 |      0 |          0 |
|   i_ariane                                                                    |                                                                                               ariane |      13318 |      13118 |     200 |    0 |  6351 |     10 |      5 |          6 |
|     i_cva6                                                                    |                                                                                                 cva6 |      13318 |      13118 |     200 |    0 |  6351 |     10 |      5 |          6 |
|       issue_stage_i                                                           |                                                                                          issue_stage |       3766 |       3622 |     144 |    0 |  1497 |      0 |      0 |          0 |
|         i_issue_read_operands                                                 |                                                                                  issue_read_operands |       1472 |       1328 |     144 |    0 |   634 |      0 |      0 |          0 |
|           (i_issue_read_operands)                                             |                                                                                  issue_read_operands |       1297 |       1297 |       0 |    0 |   634 |      0 |      0 |          0 |
|           float_regfile_gen.gen_fpga_fp_regfile.i_ariane_fp_regfile_fpga      |                                                                  ariane_regfile_fpga__parameterized0 |        103 |         31 |      72 |    0 |     0 |      0 |      0 |          0 |
|           gen_fpga_regfile.i_ariane_regfile_fpga                              |                                                                                  ariane_regfile_fpga |         72 |          0 |      72 |    0 |     0 |      0 |      0 |          0 |
|         i_scoreboard                                                          |                                                                                           scoreboard |       2294 |       2294 |       0 |    0 |   863 |      0 |      0 |          0 |
|       csr_regfile_i                                                           |                                                                                          csr_regfile |        995 |        995 |       0 |    0 |   747 |      0 |      0 |          0 |
|       ex_stage_i                                                              |                                                                                             ex_stage |       4398 |       4398 |       0 |    0 |  1876 |      0 |      0 |          6 |
|         branch_unit_i                                                         |                                                                                          branch_unit |        125 |        125 |       0 |    0 |     0 |      0 |      0 |          0 |
|         csr_buffer_i                                                          |                                                                                           csr_buffer |        523 |        523 |       0 |    0 |    15 |      0 |      0 |          0 |
|         fpu_gen.fpu_i                                                         |                                                                                             fpu_wrap |       2302 |       2302 |       0 |    0 |   756 |      0 |      0 |          2 |
|           (fpu_gen.fpu_i)                                                     |                                                                                             fpu_wrap |         13 |         13 |       0 |    0 |   115 |      0 |      0 |          0 |
|           fpu_gen.i_fpnew_bulk                                                |                                                                                            fpnew_top |       2289 |       2289 |       0 |    0 |   641 |      0 |      0 |          2 |
|             gen_operation_groups[0].i_opgroup_block                           |                                                                                  fpnew_opgroup_block |       1189 |       1189 |       0 |    0 |   420 |      0 |      0 |          2 |
|               gen_parallel_slices[0].active_format.i_fmt_slice                |                                                                              fpnew_opgroup_fmt_slice |       1189 |       1189 |       0 |    0 |   420 |      0 |      0 |          2 |
|                 gen_num_lanes[0].active_lane.lane_instance.i_fma              |                                                                                            fpnew_fma |       1189 |       1189 |       0 |    0 |   420 |      0 |      0 |          2 |
|             gen_operation_groups[2].i_opgroup_block                           |                                                                  fpnew_opgroup_block__parameterized1 |        138 |        138 |       0 |    0 |    76 |      0 |      0 |          0 |
|               gen_parallel_slices[0].active_format.i_fmt_slice                |                                                              fpnew_opgroup_fmt_slice__parameterized0 |        138 |        138 |       0 |    0 |    76 |      0 |      0 |          0 |
|                 gen_num_lanes[0].active_lane.lane_instance.i_noncomp          |                                                                                        fpnew_noncomp |        138 |        138 |       0 |    0 |    76 |      0 |      0 |          0 |
|             gen_operation_groups[3].i_opgroup_block                           |                                                                  fpnew_opgroup_block__parameterized2 |        916 |        916 |       0 |    0 |   143 |      0 |      0 |          0 |
|               gen_merged_slice.i_multifmt_slice                               |                                                                         fpnew_opgroup_multifmt_slice |        916 |        916 |       0 |    0 |   143 |      0 |      0 |          0 |
|                 gen_num_lanes[0].active_lane.lane_instance.i_fpnew_cast_multi |                                                                                     fpnew_cast_multi |        916 |        916 |       0 |    0 |   143 |      0 |      0 |          0 |
|         i_mult                                                                |                                                                                                 mult |        278 |        278 |       0 |    0 |   156 |      0 |      0 |          4 |
|           i_div                                                               |                                                                                               serdiv |        194 |        194 |       0 |    0 |   111 |      0 |      0 |          0 |
|           i_multiplier                                                        |                                                                                           multiplier |         84 |         84 |       0 |    0 |    45 |      0 |      0 |          4 |
|         lsu_i                                                                 |                                                                                      load_store_unit |       1130 |       1130 |       0 |    0 |   949 |      0 |      0 |          0 |
|           (lsu_i)                                                             |                                                                                      load_store_unit |         28 |         28 |       0 |    0 |    68 |      0 |      0 |          0 |
|           i_load_unit                                                         |                                                                                            load_unit |         58 |         58 |       0 |    0 |    18 |      0 |      0 |          0 |
|           i_pipe_reg_load                                                     |                                                                                            shift_reg |        193 |        193 |       0 |    0 |    71 |      0 |      0 |          0 |
|           i_pmp_data_if                                                       |                                                                                          pmp_data_if |        212 |        212 |       0 |    0 |     0 |      0 |      0 |          0 |
|             i_pmp_data                                                        |                                                                                                  pmp |        212 |        212 |       0 |    0 |     0 |      0 |      0 |          0 |
|           i_store_unit                                                        |                                                                                           store_unit |        329 |        329 |       0 |    0 |   624 |      0 |      0 |          0 |
|             (i_store_unit)                                                    |                                                                                           store_unit |         87 |         87 |       0 |    0 |    42 |      0 |      0 |          0 |
|             store_buffer_i                                                    |                                                                                         store_buffer |        242 |        242 |       0 |    0 |   582 |      0 |      0 |          0 |
|           lsu_bypass_i                                                        |                                                                                           lsu_bypass |        310 |        310 |       0 |    0 |   168 |      0 |      0 |          0 |
|       gen_cache_hpd.i_cache_subsystem                                         |                                                                              cva6_hpdcache_subsystem |       3531 |       3499 |      32 |    0 |  1764 |     10 |      4 |          0 |
|         i_axi_arbiter                                                         |                                                                  cva6_hpdcache_subsystem_axi_arbiter |        294 |        294 |       0 |    0 |   166 |      0 |      0 |          0 |
|           i_mem_req_read_arbiter                                              |                                                                    hpdcache_mem_req_read_arbiter_313 |         89 |         89 |       0 |    0 |     3 |      0 |      0 |          0 |
|             hpdcache_fxarb_mem_req_write_i                                    |                                                                                   hpdcache_fxarb_314 |         89 |         89 |       0 |    0 |     3 |      0 |      0 |          0 |
|           i_icache_hpdcache_data_upsize                                       |                                                                                 hpdcache_data_upsize |         32 |         32 |       0 |    0 |   130 |      0 |      0 |          0 |
|           i_icache_miss_req_fifo                                              |                                                                    hpdcache_fifo_reg__parameterized7 |        172 |        172 |       0 |    0 |    31 |      0 |      0 |          0 |
|             gen_buffer.i_sync_buffer                                          |                                                                 hpdcache_sync_buffer__parameterized3 |        172 |        172 |       0 |    0 |    31 |      0 |      0 |          0 |
|         i_cva6_icache                                                         |                                                                                          cva6_icache |        419 |        419 |       0 |    0 |    78 |      6 |      0 |          0 |
|           (i_cva6_icache)                                                     |                                                                                          cva6_icache |        243 |        243 |       0 |    0 |    70 |      0 |      0 |          0 |
|           gen_sram[0].tag_sram                                                |                                                                                           sram_cache |         77 |         77 |       0 |    0 |     0 |      1 |      0 |          0 |
|             data_sram                                                         |                                                                                             sram_305 |         77 |         77 |       0 |    0 |     0 |      1 |      0 |          0 |
|               gen_cut[0].i_tc_sram_wrapper                                    |                                                                             tc_sram_fpga_wrapper_306 |         77 |         77 |       0 |    0 |     0 |      1 |      0 |          0 |
|                 i_ram                                                         |                                                                                  SyncSpRamBeNx64_307 |         77 |         77 |       0 |    0 |     0 |      1 |      0 |          0 |
|         i_dcache                                                              |                                                                                cva6_hpdcache_wrapper |       2818 |       2786 |      32 |    0 |  1520 |      4 |      4 |          0 |
|           i_hpdcache                                                          |                                                                                             hpdcache |       2818 |       2786 |      32 |    0 |  1520 |      4 |      4 |          0 |
|             gen_wbuf.hpdcache_wbuf_i                                          |                                                                                        hpdcache_wbuf |        653 |        623 |      30 |    0 |   168 |      0 |      0 |          0 |
|               (gen_wbuf.hpdcache_wbuf_i)                                      |                                                                                        hpdcache_wbuf |        139 |        139 |       0 |    0 |   154 |      0 |      0 |          0 |
|               data_free_rrarb_i                                               |                                                                                   hpdcache_fxarb_297 |         83 |         83 |       0 |    0 |     2 |      0 |      0 |          0 |
|               send_data_ptr_fifo_i                                            |                                                                                    hpdcache_fifo_reg |         62 |         58 |       4 |    0 |     3 |      0 |      0 |          0 |
|               send_meta_fifo_i                                                |                                                                    hpdcache_fifo_reg__parameterized0 |        290 |        264 |      26 |    0 |     3 |      0 |      0 |          0 |
|             hpdcache_cmo_i                                                    |                                                                                         hpdcache_cmo |        135 |        135 |       0 |    0 |    67 |      0 |      0 |          0 |
|               (hpdcache_cmo_i)                                                |                                                                                         hpdcache_cmo |        115 |        115 |       0 |    0 |    63 |      0 |      0 |          0 |
|             hpdcache_ctrl_i                                                   |                                                                                        hpdcache_ctrl |       1201 |       1201 |       0 |    0 |   639 |      4 |      4 |          0 |
|               (hpdcache_ctrl_i)                                               |                                                                                        hpdcache_ctrl |         48 |         48 |       0 |    0 |   173 |      0 |      0 |          0 |
|               hpdcache_memctrl_i                                              |                                                                                     hpdcache_memctrl |        528 |        528 |       0 |    0 |    30 |      4 |      4 |          0 |
|                 gen_dir_sram[3].dir_sram                                      |                                                                                    hpdcache_sram_292 |         52 |         52 |       0 |    0 |     0 |      0 |      1 |          0 |
|                   ram_i                                                       |                                                                                    hpdcache_sram_1rw |         52 |         52 |       0 |    0 |     0 |      0 |      1 |          0 |
|                 gen_dir_sram[0].dir_sram                                      |                                                                                        hpdcache_sram |         91 |         91 |       0 |    0 |     0 |      0 |      1 |          0 |
|                   ram_i                                                       |                                                                                hpdcache_sram_1rw_295 |         91 |         91 |       0 |    0 |     0 |      0 |      1 |          0 |
|                 gen_dir_sram[1].dir_sram                                      |                                                                                    hpdcache_sram_290 |        110 |        110 |       0 |    0 |     0 |      0 |      1 |          0 |
|                   ram_i                                                       |                                                                                hpdcache_sram_1rw_294 |        110 |        110 |       0 |    0 |     0 |      0 |      1 |          0 |
|                 gen_dir_sram[2].dir_sram                                      |                                                                                    hpdcache_sram_291 |        215 |        215 |       0 |    0 |     0 |      0 |      1 |          0 |
|                   ram_i                                                       |                                                                                hpdcache_sram_1rw_293 |        215 |        215 |       0 |    0 |     0 |      0 |      1 |          0 |
|               hpdcache_rtab_i                                                 |                                                                                        hpdcache_rtab |        625 |        625 |       0 |    0 |   436 |      0 |      0 |          0 |
|                 (hpdcache_rtab_i)                                             |                                                                                        hpdcache_rtab |        199 |        199 |       0 |    0 |   418 |      0 |      0 |          0 |
|                 pop_arb_i                                                     |                                                                                       hpdcache_rrarb |        275 |        275 |       0 |    0 |     5 |      0 |      0 |          0 |
|                 wbuf_pending_arb_i                                            |                                                                                   hpdcache_fxarb_286 |        113 |        113 |       0 |    0 |     3 |      0 |      0 |          0 |
|             hpdcache_mem_req_write_arbiter_i                                  |                                                                       hpdcache_mem_req_write_arbiter |         61 |         61 |       0 |    0 |    57 |      0 |      0 |          0 |
|             hpdcache_miss_handler_i                                           |                                                                                hpdcache_miss_handler |        315 |        313 |       2 |    0 |   419 |      0 |      0 |          0 |
|               (hpdcache_miss_handler_i)                                       |                                                                                hpdcache_miss_handler |         63 |         63 |       0 |    0 |    74 |      0 |      0 |          0 |
|               hpdcache_mshr_i                                                 |                                                                                        hpdcache_mshr |         96 |         96 |       0 |    0 |    79 |      0 |      0 |          0 |
|                 gen_mshr_wbyteenable.gen_mshr_regbank.mshr_mem                |                                                                     hpdcache_regbank_wbyteenable_1rw |         62 |         62 |       0 |    0 |    62 |      0 |      0 |          0 |
|               i_data_resize                                                   |                                                                                 hpdcache_data_resize |        139 |        139 |       0 |    0 |   261 |      0 |      0 |          0 |
|                 gen_noresize.fifo_i                                           |                                                                    hpdcache_fifo_reg__parameterized3 |        139 |        139 |       0 |    0 |   261 |      0 |      0 |          0 |
|             hpdcache_uc_i                                                     |                                                                                    hpdcache_uncached |        407 |        407 |       0 |    0 |   163 |      0 |      0 |          0 |
|       i_frontend                                                              |                                                                                             frontend |        758 |        734 |      24 |    0 |   294 |      0 |      1 |          0 |
|         (i_frontend)                                                          |                                                                                             frontend |          3 |          3 |       0 |    0 |   135 |      0 |      0 |          0 |
|         i_instr_queue                                                         |                                                                                          instr_queue |        408 |        384 |      24 |    0 |    44 |      0 |      0 |          0 |
|           i_fifo_address                                                      |                                                                         cva6_fifo_v3__parameterized0 |         93 |         69 |      24 |    0 |     4 |      0 |      0 |          0 |
|             gen_fpga_queue.fifo_ram                                           |                                                                           AsyncDpRam__parameterized0 |         91 |         67 |      24 |    0 |     0 |      0 |      0 |          0 |
|           gen_instr_fifo[0].i_fifo_instr_data                                 |                                                                                         cva6_fifo_v3 |        312 |        312 |       0 |    0 |     7 |      0 |      0 |          0 |
|         i_instr_realign                                                       |                                                                                        instr_realign |        331 |        331 |       0 |    0 |    49 |      0 |      0 |          0 |
|         ras_gen.i_ras                                                         |                                                                                                  ras |         17 |         17 |       0 |    0 |    66 |      0 |      0 |          0 |
|       id_stage_i                                                              |                                                                                             id_stage |        126 |        126 |       0 |    0 |   173 |      0 |      0 |          0 |
|   i_ariane_peripherals                                                        |                                                                                   ariane_peripherals |       2539 |       2539 |       0 |    0 |  3241 |      0 |      0 |          0 |
|     gen_timer.i_axi2apb_64_32_timer                                           |                                                                                        axi2apb_64_32 |        469 |        469 |       0 |    0 |   474 |      0 |      0 |          0 |
|       (gen_timer.i_axi2apb_64_32_timer)                                       |                                                                                        axi2apb_64_32 |         10 |         10 |       0 |    0 |    92 |      0 |      0 |          0 |
|       slave_ar_buffer_i                                                       |                                                                                    axi_ar_buffer_261 |        229 |        229 |       0 |    0 |    42 |      0 |      0 |          0 |
|         i_axi_single_slice                                                    |                                                                                 axi_single_slice_282 |        229 |        229 |       0 |    0 |    42 |      0 |      0 |          0 |
|           i_fifo                                                              |                                                                                             fifo_283 |        229 |        229 |       0 |    0 |    42 |      0 |      0 |          0 |
|             impl                                                              |                                                                          fifo_v2__parameterized1_284 |        229 |        229 |       0 |    0 |    42 |      0 |      0 |          0 |
|               i_fifo_v3                                                       |                                                                          fifo_v3__parameterized6_285 |        229 |        229 |       0 |    0 |    42 |      0 |      0 |          0 |
|       slave_aw_buffer_i                                                       |                                                                                    axi_aw_buffer_262 |         54 |         54 |       0 |    0 |    42 |      0 |      0 |          0 |
|         i_axi_single_slice                                                    |                                                                                 axi_single_slice_278 |         54 |         54 |       0 |    0 |    42 |      0 |      0 |          0 |
|           i_fifo                                                              |                                                                                             fifo_279 |         54 |         54 |       0 |    0 |    42 |      0 |      0 |          0 |
|             impl                                                              |                                                                          fifo_v2__parameterized1_280 |         54 |         54 |       0 |    0 |    42 |      0 |      0 |          0 |
|               i_fifo_v3                                                       |                                                                          fifo_v3__parameterized6_281 |         54 |         54 |       0 |    0 |    42 |      0 |      0 |          0 |
|       slave_r_buffer_i                                                        |                                                                                     axi_r_buffer_264 |        110 |        110 |       0 |    0 |   140 |      0 |      0 |          0 |
|         i_axi_single_slice                                                    |                                                                 axi_single_slice__parameterized1_270 |        110 |        110 |       0 |    0 |   140 |      0 |      0 |          0 |
|           i_fifo                                                              |                                                                             fifo__parameterized1_271 |        110 |        110 |       0 |    0 |   140 |      0 |      0 |          0 |
|             impl                                                              |                                                                          fifo_v2__parameterized3_272 |        110 |        110 |       0 |    0 |   140 |      0 |      0 |          0 |
|               i_fifo_v3                                                       |                                                                          fifo_v3__parameterized8_273 |        110 |        110 |       0 |    0 |   140 |      0 |      0 |          0 |
|       slave_w_buffer_i                                                        |                                                                                     axi_w_buffer_265 |         53 |         53 |       0 |    0 |   148 |      0 |      0 |          0 |
|         i_axi_single_slice                                                    |                                                                 axi_single_slice__parameterized0_266 |         53 |         53 |       0 |    0 |   148 |      0 |      0 |          0 |
|           i_fifo                                                              |                                                                             fifo__parameterized0_267 |         53 |         53 |       0 |    0 |   148 |      0 |      0 |          0 |
|             impl                                                              |                                                                          fifo_v2__parameterized2_268 |         53 |         53 |       0 |    0 |   148 |      0 |      0 |          0 |
|               i_fifo_v3                                                       |                                                                          fifo_v3__parameterized7_269 |         53 |         53 |       0 |    0 |   148 |      0 |      0 |          0 |
|     gen_timer.i_timer                                                         |                                                                                            apb_timer |        184 |        184 |       0 |    0 |   256 |      0 |      0 |          0 |
|       TIMER_GEN[0].timer_i                                                    |                                                                                                timer |         92 |         92 |       0 |    0 |   128 |      0 |      0 |          0 |
|       TIMER_GEN[1].timer_i                                                    |                                                                                            timer_260 |         92 |         92 |       0 |    0 |   128 |      0 |      0 |          0 |
|     gen_uart.i_apb_uart                                                       |                                                                                             apb_uart |        757 |        757 |       0 |    0 |  1477 |      0 |      0 |          0 |
|       (gen_uart.i_apb_uart)                                                   |                                                                                             apb_uart |         16 |         16 |       0 |    0 |   102 |      0 |      0 |          0 |
|       UART_RXFF                                                               |                                                                            slib_fifo__parameterized1 |        366 |        366 |       0 |    0 |   736 |      0 |      0 |          0 |
|       UART_TXFF                                                               |                                                                                            slib_fifo |        268 |        268 |       0 |    0 |   540 |      0 |      0 |          0 |
|     i_axi2apb_64_32_plic                                                      |                                                                                    axi2apb_64_32_217 |        820 |        820 |       0 |    0 |   626 |      0 |      0 |          0 |
|       (i_axi2apb_64_32_plic)                                                  |                                                                                    axi2apb_64_32_217 |          8 |          8 |       0 |    0 |   144 |      0 |      0 |          0 |
|       slave_ar_buffer_i                                                       |                                                                                    axi_ar_buffer_224 |        458 |        458 |       0 |    0 |    96 |      0 |      0 |          0 |
|         i_axi_single_slice                                                    |                                                                                 axi_single_slice_245 |        458 |        458 |       0 |    0 |    96 |      0 |      0 |          0 |
|           i_fifo                                                              |                                                                                             fifo_246 |        458 |        458 |       0 |    0 |    96 |      0 |      0 |          0 |
|             impl                                                              |                                                                          fifo_v2__parameterized1_247 |        458 |        458 |       0 |    0 |    96 |      0 |      0 |          0 |
|               i_fifo_v3                                                       |                                                                          fifo_v3__parameterized6_248 |        458 |        458 |       0 |    0 |    96 |      0 |      0 |          0 |
|       slave_aw_buffer_i                                                       |                                                                                    axi_aw_buffer_225 |        175 |        175 |       0 |    0 |    96 |      0 |      0 |          0 |
|         i_axi_single_slice                                                    |                                                                                 axi_single_slice_241 |        175 |        175 |       0 |    0 |    96 |      0 |      0 |          0 |
|           i_fifo                                                              |                                                                                             fifo_242 |        175 |        175 |       0 |    0 |    96 |      0 |      0 |          0 |
|             impl                                                              |                                                                          fifo_v2__parameterized1_243 |        175 |        175 |       0 |    0 |    96 |      0 |      0 |          0 |
|               i_fifo_v3                                                       |                                                                          fifo_v3__parameterized6_244 |        175 |        175 |       0 |    0 |    96 |      0 |      0 |          0 |
|       slave_r_buffer_i                                                        |                                                                                     axi_r_buffer_227 |        112 |        112 |       0 |    0 |   136 |      0 |      0 |          0 |
|         i_axi_single_slice                                                    |                                                                 axi_single_slice__parameterized1_233 |        112 |        112 |       0 |    0 |   136 |      0 |      0 |          0 |
|           i_fifo                                                              |                                                                             fifo__parameterized1_234 |        112 |        112 |       0 |    0 |   136 |      0 |      0 |          0 |
|             impl                                                              |                                                                          fifo_v2__parameterized3_235 |        112 |        112 |       0 |    0 |   136 |      0 |      0 |          0 |
|               i_fifo_v3                                                       |                                                                          fifo_v3__parameterized8_236 |        112 |        112 |       0 |    0 |   136 |      0 |      0 |          0 |
|       slave_w_buffer_i                                                        |                                                                                     axi_w_buffer_228 |         51 |         51 |       0 |    0 |   144 |      0 |      0 |          0 |
|         i_axi_single_slice                                                    |                                                                 axi_single_slice__parameterized0_229 |         51 |         51 |       0 |    0 |   144 |      0 |      0 |          0 |
|           i_fifo                                                              |                                                                             fifo__parameterized0_230 |         51 |         51 |       0 |    0 |   144 |      0 |      0 |          0 |
|             impl                                                              |                                                                          fifo_v2__parameterized2_231 |         51 |         51 |       0 |    0 |   144 |      0 |      0 |          0 |
|               i_fifo_v3                                                       |                                                                          fifo_v3__parameterized7_232 |         51 |         51 |       0 |    0 |   144 |      0 |      0 |          0 |
|     i_axi2apb_64_32_uart                                                      |                                                                                    axi2apb_64_32_218 |        228 |        228 |       0 |    0 |   234 |      0 |      0 |          0 |
|       slave_w_buffer_i                                                        |                                                                                         axi_w_buffer |         34 |         34 |       0 |    0 |    52 |      0 |      0 |          0 |
|         i_axi_single_slice                                                    |                                                                     axi_single_slice__parameterized0 |         34 |         34 |       0 |    0 |    52 |      0 |      0 |          0 |
|           i_fifo                                                              |                                                                                 fifo__parameterized0 |         34 |         34 |       0 |    0 |    52 |      0 |      0 |          0 |
|             impl                                                              |                                                                              fifo_v2__parameterized2 |         34 |         34 |       0 |    0 |    52 |      0 |      0 |          0 |
|               i_fifo_v3                                                       |                                                                              fifo_v3__parameterized7 |         34 |         34 |       0 |    0 |    52 |      0 |      0 |          0 |
|       slave_ar_buffer_i                                                       |                                                                                        axi_ar_buffer |         68 |         68 |       0 |    0 |    42 |      0 |      0 |          0 |
|         i_axi_single_slice                                                    |                                                                                 axi_single_slice_220 |         68 |         68 |       0 |    0 |    42 |      0 |      0 |          0 |
|           i_fifo                                                              |                                                                                             fifo_221 |         68 |         68 |       0 |    0 |    42 |      0 |      0 |          0 |
|             impl                                                              |                                                                          fifo_v2__parameterized1_222 |         68 |         68 |       0 |    0 |    42 |      0 |      0 |          0 |
|               i_fifo_v3                                                       |                                                                          fifo_v3__parameterized6_223 |         68 |         68 |       0 |    0 |    42 |      0 |      0 |          0 |
|       slave_aw_buffer_i                                                       |                                                                                        axi_aw_buffer |         58 |         58 |       0 |    0 |    42 |      0 |      0 |          0 |
|         i_axi_single_slice                                                    |                                                                                     axi_single_slice |         58 |         58 |       0 |    0 |    42 |      0 |      0 |          0 |
|           i_fifo                                                              |                                                                                                 fifo |         58 |         58 |       0 |    0 |    42 |      0 |      0 |          0 |
|             impl                                                              |                                                                              fifo_v2__parameterized1 |         58 |         58 |       0 |    0 |    42 |      0 |      0 |          0 |
|               i_fifo_v3                                                       |                                                                              fifo_v3__parameterized6 |         58 |         58 |       0 |    0 |    42 |      0 |      0 |          0 |
|     i_plic                                                                    |                                                                                             plic_top |         81 |         81 |       0 |    0 |   174 |      0 |      0 |          0 |
|       (i_plic)                                                                |                                                                                             plic_top |         13 |         13 |       0 |    0 |   156 |      0 |      0 |          0 |
|       i_rv_plic_gateway                                                       |                                                                                      rv_plic_gateway |         53 |         53 |       0 |    0 |    10 |      0 |      0 |          0 |
|   i_axi2rom                                                                   |                                                                              axi2mem__parameterized0 |        215 |        215 |       0 |    0 |    66 |      0 |      0 |          0 |
|   i_axi_dwidth_converter_dm_master                                            |                                                                  xlnx_axi_dwidth_converter_dm_master |        494 |        430 |       0 |   64 |   617 |      0 |      0 |          0 |
|     inst                                                                      |                                 xlnx_axi_dwidth_converter_dm_master_axi_dwidth_converter_v2_1_37_top |        494 |        430 |       0 |   64 |   617 |      0 |      0 |          0 |
|       gen_upsizer.gen_full_upsizer.axi_upsizer_inst                           |                         xlnx_axi_dwidth_converter_dm_master_axi_dwidth_converter_v2_1_37_axi_upsizer |        494 |        430 |       0 |   64 |   617 |      0 |      0 |          0 |
|         USE_READ.gen_non_fifo_r_upsizer.mi_register_slice_inst                |                    xlnx_axi_dwidth_converter_dm_master_axi_register_slice_v2_1_36_axi_register_slice |         36 |         36 |       0 |    0 |   136 |      0 |      0 |          0 |
|           r.r_pipe                                                            |   xlnx_axi_dwidth_converter_dm_master_axi_register_slice_v2_1_36_axic_register_slice__parameterized2 |         36 |         36 |       0 |    0 |   136 |      0 |      0 |          0 |
|         USE_READ.gen_non_fifo_r_upsizer.read_data_inst                        |                           xlnx_axi_dwidth_converter_dm_master_axi_dwidth_converter_v2_1_37_r_upsizer |         58 |         58 |       0 |    0 |    84 |      0 |      0 |          0 |
|         USE_READ.read_addr_inst                                               |           xlnx_axi_dwidth_converter_dm_master_axi_dwidth_converter_v2_1_37_a_upsizer__parameterized0 |         69 |         37 |       0 |   32 |    49 |      0 |      0 |          0 |
|           GEN_CMD_QUEUE.cmd_queue                                             |         xlnx_axi_dwidth_converter_dm_master_generic_baseblocks_v2_1_2_command_fifo__parameterized0_1 |         55 |         27 |       0 |   28 |    36 |      0 |      0 |          0 |
|         USE_WRITE.gen_non_fifo_w_upsizer.write_data_inst                      |                           xlnx_axi_dwidth_converter_dm_master_axi_dwidth_converter_v2_1_37_w_upsizer |         34 |         34 |       0 |    0 |   163 |      0 |      0 |          0 |
|         USE_WRITE.write_addr_inst                                             |                           xlnx_axi_dwidth_converter_dm_master_axi_dwidth_converter_v2_1_37_a_upsizer |        171 |        139 |       0 |   32 |    49 |      0 |      0 |          0 |
|           GEN_CMD_QUEUE.cmd_queue                                             |           xlnx_axi_dwidth_converter_dm_master_generic_baseblocks_v2_1_2_command_fifo__parameterized0 |        154 |        126 |       0 |   28 |    36 |      0 |      0 |          0 |
|         si_register_slice_inst                                                |    xlnx_axi_dwidth_converter_dm_master_axi_register_slice_v2_1_36_axi_register_slice__parameterized0 |        126 |        126 |       0 |    0 |   136 |      0 |      0 |          0 |
|           ar.ar_pipe                                                          |   xlnx_axi_dwidth_converter_dm_master_axi_register_slice_v2_1_36_axic_register_slice__parameterized3 |         60 |         60 |       0 |    0 |    67 |      0 |      0 |          0 |
|           aw.aw_pipe                                                          | xlnx_axi_dwidth_converter_dm_master_axi_register_slice_v2_1_36_axic_register_slice__parameterized3_0 |         66 |         66 |       0 |    0 |    69 |      0 |      0 |          0 |
|   i_axi_dwidth_converter_dm_slave                                             |                                                                   xlnx_axi_dwidth_converter_dm_slave |        775 |        731 |      44 |    0 |   742 |      0 |      0 |          0 |
|     inst                                                                      |                                  xlnx_axi_dwidth_converter_dm_slave_axi_dwidth_converter_v2_1_37_top |        775 |        731 |      44 |    0 |   742 |      0 |      0 |          0 |
|       gen_downsizer.gen_simple_downsizer.axi_downsizer_inst                   |                        xlnx_axi_dwidth_converter_dm_slave_axi_dwidth_converter_v2_1_37_axi_downsizer |        775 |        731 |      44 |    0 |   742 |      0 |      0 |          0 |
|         USE_READ.read_addr_inst                                               |          xlnx_axi_dwidth_converter_dm_slave_axi_dwidth_converter_v2_1_37_a_downsizer__parameterized0 |        315 |        295 |      20 |    0 |   297 |      0 |      0 |          0 |
|           (USE_READ.read_addr_inst)                                           |          xlnx_axi_dwidth_converter_dm_slave_axi_dwidth_converter_v2_1_37_a_downsizer__parameterized0 |        188 |        188 |       0 |    0 |   209 |      0 |      0 |          0 |
|           cmd_queue                                                           |                 xlnx_axi_dwidth_converter_dm_slave_axi_data_fifo_v2_1_36_axic_fifo__parameterized0_8 |        127 |        107 |      20 |    0 |    88 |      0 |      0 |          0 |
|             inst                                                              |                  xlnx_axi_dwidth_converter_dm_slave_axi_data_fifo_v2_1_36_fifo_gen__parameterized0_9 |        127 |        107 |      20 |    0 |    88 |      0 |      0 |          0 |
|               (inst)                                                          |                  xlnx_axi_dwidth_converter_dm_slave_axi_data_fifo_v2_1_36_fifo_gen__parameterized0_9 |         72 |         72 |       0 |    0 |     0 |      0 |      0 |          0 |
|               fifo_gen_inst                                                   |                           xlnx_axi_dwidth_converter_dm_slave_fifo_generator_v13_2_14__parameterized0 |         55 |         35 |      20 |    0 |    88 |      0 |      0 |          0 |
|                 inst_fifo_gen                                                 |                  xlnx_axi_dwidth_converter_dm_slave_fifo_generator_v13_2_14_synth__parameterized0_10 |         55 |         35 |      20 |    0 |    88 |      0 |      0 |          0 |
|                   gconvfifo.rf                                                |                             xlnx_axi_dwidth_converter_dm_slave_fifo_generator_top__parameterized0_11 |         55 |         35 |      20 |    0 |    88 |      0 |      0 |          0 |
|                     grf.rf                                                    |                         xlnx_axi_dwidth_converter_dm_slave_fifo_generator_ramfifo__parameterized0_12 |         55 |         35 |      20 |    0 |    88 |      0 |      0 |          0 |
|                       gntv_or_sync_fifo.mem                                   |                                         xlnx_axi_dwidth_converter_dm_slave_memory__parameterized0_15 |         20 |          0 |      20 |    0 |    52 |      0 |      0 |          0 |
|         USE_READ.read_data_inst                                               |                          xlnx_axi_dwidth_converter_dm_slave_axi_dwidth_converter_v2_1_37_r_downsizer |         51 |         51 |       0 |    0 |    78 |      0 |      0 |          0 |
|         USE_WRITE.write_addr_inst                                             |                          xlnx_axi_dwidth_converter_dm_slave_axi_dwidth_converter_v2_1_37_a_downsizer |        356 |        332 |      24 |    0 |   344 |      0 |      0 |          0 |
|           (USE_WRITE.write_addr_inst)                                         |                          xlnx_axi_dwidth_converter_dm_slave_axi_dwidth_converter_v2_1_37_a_downsizer |        191 |        191 |       0 |    0 |   212 |      0 |      0 |          0 |
|           USE_B_CHANNEL.cmd_b_queue                                           |                                   xlnx_axi_dwidth_converter_dm_slave_axi_data_fifo_v2_1_36_axic_fifo |         53 |         49 |       4 |    0 |    46 |      0 |      0 |          0 |
|             inst                                                              |                                    xlnx_axi_dwidth_converter_dm_slave_axi_data_fifo_v2_1_36_fifo_gen |         53 |         49 |       4 |    0 |    46 |      0 |      0 |          0 |
|           cmd_queue                                                           |                   xlnx_axi_dwidth_converter_dm_slave_axi_data_fifo_v2_1_36_axic_fifo__parameterized0 |        112 |         92 |      20 |    0 |    86 |      0 |      0 |          0 |
|             inst                                                              |                    xlnx_axi_dwidth_converter_dm_slave_axi_data_fifo_v2_1_36_fifo_gen__parameterized0 |        112 |         92 |      20 |    0 |    86 |      0 |      0 |          0 |
|               (inst)                                                          |                    xlnx_axi_dwidth_converter_dm_slave_axi_data_fifo_v2_1_36_fifo_gen__parameterized0 |         57 |         57 |       0 |    0 |     0 |      0 |      0 |          0 |
|               fifo_gen_inst                                                   |                        xlnx_axi_dwidth_converter_dm_slave_fifo_generator_v13_2_14__parameterized0__1 |         55 |         35 |      20 |    0 |    86 |      0 |      0 |          0 |
|                 inst_fifo_gen                                                 |                     xlnx_axi_dwidth_converter_dm_slave_fifo_generator_v13_2_14_synth__parameterized0 |         55 |         35 |      20 |    0 |    86 |      0 |      0 |          0 |
|                   gconvfifo.rf                                                |                                xlnx_axi_dwidth_converter_dm_slave_fifo_generator_top__parameterized0 |         55 |         35 |      20 |    0 |    86 |      0 |      0 |          0 |
|                     grf.rf                                                    |                            xlnx_axi_dwidth_converter_dm_slave_fifo_generator_ramfifo__parameterized0 |         55 |         35 |      20 |    0 |    86 |      0 |      0 |          0 |
|                       gntv_or_sync_fifo.mem                                   |                                            xlnx_axi_dwidth_converter_dm_slave_memory__parameterized0 |         20 |          0 |      20 |    0 |    50 |      0 |      0 |          0 |
|   i_axi_riscv_atomics                                                         |                                                                               axi_riscv_atomics_wrap |       1479 |       1479 |       0 |    0 |   596 |      0 |      0 |          0 |
|     i_atomics                                                                 |                                                                                    axi_riscv_atomics |       1479 |       1479 |       0 |    0 |   596 |      0 |      0 |          0 |
|       i_amos                                                                  |                                                                                       axi_riscv_amos |       1228 |       1228 |       0 |    0 |   280 |      0 |      0 |          0 |
|       i_lrsc                                                                  |                                                                                       axi_riscv_lrsc |        251 |        251 |       0 |    0 |   316 |      0 |      0 |          0 |
|         i_art                                                                 |                                                                                          axi_res_tbl |        226 |        226 |       0 |    0 |   272 |      0 |      0 |          0 |
|   i_axi_xbar                                                                  |                                                                                        axi_xbar_intf |       4701 |       4701 |       0 |    0 |  4341 |      0 |      0 |          0 |
|     i_xbar                                                                    |                                                                                             axi_xbar |       4701 |       4701 |       0 |    0 |  4341 |      0 |      0 |          0 |
|       gen_slv_port_demux[1].i_axi_err_slv                                     |                                                                                       axi_err_slv_13 |         79 |         79 |       0 |    0 |    72 |      0 |      0 |          0 |
|       gen_mst_port_mux[0].i_axi_mux                                           |                                                                                              axi_mux |        364 |        364 |       0 |    0 |   540 |      0 |      0 |          0 |
|         gen_mux.i_w_spill_reg                                                 |                                                                   spill_register__parameterized0_211 |         41 |         41 |       0 |    0 |   148 |      0 |      0 |          0 |
|           spill_register_flushable_i                                          |                                                         spill_register_flushable__parameterized0_212 |         41 |         41 |       0 |    0 |   148 |      0 |      0 |          0 |
|         gen_mux.i_ar_spill_reg                                                |                                                                   spill_register__parameterized6_205 |         38 |         38 |       0 |    0 |   104 |      0 |      0 |          0 |
|           spill_register_flushable_i                                          |                                                         spill_register_flushable__parameterized6_216 |         38 |         38 |       0 |    0 |   104 |      0 |      0 |          0 |
|         gen_mux.i_aw_spill_reg                                                |                                                                   spill_register__parameterized4_207 |        152 |        152 |       0 |    0 |   114 |      0 |      0 |          0 |
|           spill_register_flushable_i                                          |                                                         spill_register_flushable__parameterized4_215 |        152 |        152 |       0 |    0 |   114 |      0 |      0 |          0 |
|         gen_mux.i_r_spill_reg                                                 |                                                                   spill_register__parameterized7_209 |        102 |        102 |       0 |    0 |   146 |      0 |      0 |          0 |
|           spill_register_flushable_i                                          |                                                         spill_register_flushable__parameterized7_213 |        102 |        102 |       0 |    0 |   146 |      0 |      0 |          0 |
|       gen_mst_port_mux[1].i_axi_mux                                           |                                                                                            axi_mux_0 |        131 |        131 |       0 |    0 |    22 |      0 |      0 |          0 |
|         gen_mux.i_r_spill_reg                                                 |                                                                   spill_register__parameterized7_196 |         73 |         73 |       0 |    0 |     2 |      0 |      0 |          0 |
|           spill_register_flushable_i                                          |                                                         spill_register_flushable__parameterized7_200 |         73 |         73 |       0 |    0 |     2 |      0 |      0 |          0 |
|       gen_mst_port_mux[3].i_axi_mux                                           |                                                                                            axi_mux_2 |         52 |         52 |       0 |    0 |    26 |      0 |      0 |          0 |
|       gen_mst_port_mux[4].i_axi_mux                                           |                                                                                            axi_mux_3 |        260 |        260 |       0 |    0 |   384 |      0 |      0 |          0 |
|         gen_mux.i_w_spill_reg                                                 |                                                                   spill_register__parameterized0_163 |         37 |         37 |       0 |    0 |   146 |      0 |      0 |          0 |
|           spill_register_flushable_i                                          |                                                         spill_register_flushable__parameterized0_164 |         37 |         37 |       0 |    0 |   146 |      0 |      0 |          0 |
|         gen_mux.i_r_spill_reg                                                 |                                                                   spill_register__parameterized7_161 |        168 |        168 |       0 |    0 |   138 |      0 |      0 |          0 |
|           spill_register_flushable_i                                          |                                                         spill_register_flushable__parameterized7_165 |        168 |        168 |       0 |    0 |   138 |      0 |      0 |          0 |
|       gen_mst_port_mux[5].i_axi_mux                                           |                                                                                            axi_mux_4 |         73 |         73 |       0 |    0 |   192 |      0 |      0 |          0 |
|         gen_mux.i_w_spill_reg                                                 |                                                                   spill_register__parameterized0_150 |         13 |         13 |       0 |    0 |    50 |      0 |      0 |          0 |
|           spill_register_flushable_i                                          |                                                         spill_register_flushable__parameterized0_151 |         13 |         13 |       0 |    0 |    50 |      0 |      0 |          0 |
|       gen_mst_port_mux[6].i_axi_mux                                           |                                                                                            axi_mux_5 |        186 |        186 |       0 |    0 |   484 |      0 |      0 |          0 |
|         gen_mux.i_w_spill_reg                                                 |                                                                   spill_register__parameterized0_137 |         36 |         36 |       0 |    0 |   142 |      0 |      0 |          0 |
|           spill_register_flushable_i                                          |                                                         spill_register_flushable__parameterized0_138 |         36 |         36 |       0 |    0 |   142 |      0 |      0 |          0 |
|         gen_mux.i_ar_spill_reg                                                |                                                                   spill_register__parameterized6_131 |         26 |         26 |       0 |    0 |    94 |      0 |      0 |          0 |
|           spill_register_flushable_i                                          |                                                         spill_register_flushable__parameterized6_142 |         26 |         26 |       0 |    0 |    94 |      0 |      0 |          0 |
|         gen_mux.i_aw_spill_reg                                                |                                                                   spill_register__parameterized4_133 |         26 |         26 |       0 |    0 |    94 |      0 |      0 |          0 |
|           spill_register_flushable_i                                          |                                                         spill_register_flushable__parameterized4_141 |         26 |         26 |       0 |    0 |    94 |      0 |      0 |          0 |
|         gen_mux.i_r_spill_reg                                                 |                                                                   spill_register__parameterized7_135 |         70 |         70 |       0 |    0 |   134 |      0 |      0 |          0 |
|           spill_register_flushable_i                                          |                                                         spill_register_flushable__parameterized7_139 |         70 |         70 |       0 |    0 |   134 |      0 |      0 |          0 |
|       gen_mst_port_mux[7].i_axi_mux                                           |                                                                                            axi_mux_6 |        139 |        139 |       0 |    0 |   376 |      0 |      0 |          0 |
|         gen_mux.i_w_spill_reg                                                 |                                                                   spill_register__parameterized0_124 |         38 |         38 |       0 |    0 |   138 |      0 |      0 |          0 |
|           spill_register_flushable_i                                          |                                                         spill_register_flushable__parameterized0_125 |         38 |         38 |       0 |    0 |   138 |      0 |      0 |          0 |
|         gen_mux.i_r_spill_reg                                                 |                                                                   spill_register__parameterized7_122 |         38 |         38 |       0 |    0 |   138 |      0 |      0 |          0 |
|           spill_register_flushable_i                                          |                                                         spill_register_flushable__parameterized7_126 |         38 |         38 |       0 |    0 |   138 |      0 |      0 |          0 |
|       gen_mst_port_mux[8].i_axi_mux                                           |                                                                                            axi_mux_7 |        306 |        306 |       0 |    0 |   346 |      0 |      0 |          0 |
|         gen_mux.i_r_spill_reg                                                 |                                                                   spill_register__parameterized7_109 |        166 |        166 |       0 |    0 |   138 |      0 |      0 |          0 |
|           spill_register_flushable_i                                          |                                                         spill_register_flushable__parameterized7_113 |        166 |        166 |       0 |    0 |   138 |      0 |      0 |          0 |
|         gen_mux.i_ar_spill_reg                                                |                                                                   spill_register__parameterized6_105 |         42 |         42 |       0 |    0 |    92 |      0 |      0 |          0 |
|           spill_register_flushable_i                                          |                                                         spill_register_flushable__parameterized6_116 |         42 |         42 |       0 |    0 |    92 |      0 |      0 |          0 |
|         gen_mux.i_aw_spill_reg                                                |                                                                   spill_register__parameterized4_107 |         47 |         47 |       0 |    0 |    92 |      0 |      0 |          0 |
|           spill_register_flushable_i                                          |                                                         spill_register_flushable__parameterized4_115 |         47 |         47 |       0 |    0 |    92 |      0 |      0 |          0 |
|       gen_mst_port_mux[9].i_axi_mux                                           |                                                                                            axi_mux_8 |        189 |        189 |       0 |    0 |   582 |      0 |      0 |          0 |
|         gen_mux.i_w_spill_reg                                                 |                                                                   spill_register__parameterized0_102 |         40 |         40 |       0 |    0 |   148 |      0 |      0 |          0 |
|           spill_register_flushable_i                                          |                                                         spill_register_flushable__parameterized0_103 |         40 |         40 |       0 |    0 |   148 |      0 |      0 |          0 |
|         gen_mux.i_ar_spill_reg                                                |                                                                       spill_register__parameterized6 |         38 |         38 |       0 |    0 |   130 |      0 |      0 |          0 |
|           spill_register_flushable_i                                          |                                                             spill_register_flushable__parameterized6 |         38 |         38 |       0 |    0 |   130 |      0 |      0 |          0 |
|         gen_mux.i_aw_spill_reg                                                |                                                                       spill_register__parameterized4 |         37 |         37 |       0 |    0 |   130 |      0 |      0 |          0 |
|           spill_register_flushable_i                                          |                                                             spill_register_flushable__parameterized4 |         37 |         37 |       0 |    0 |   130 |      0 |      0 |          0 |
|         gen_mux.i_r_spill_reg                                                 |                                                                       spill_register__parameterized7 |         46 |         46 |       0 |    0 |   146 |      0 |      0 |          0 |
|           spill_register_flushable_i                                          |                                                             spill_register_flushable__parameterized7 |         46 |         46 |       0 |    0 |   146 |      0 |      0 |          0 |
|       gen_slv_port_demux[0].i_axi_ar_decode                                   |                                                                                          addr_decode |        267 |        267 |       0 |    0 |     0 |      0 |      0 |          0 |
|       gen_slv_port_demux[0].i_axi_aw_decode                                   |                                                                                        addr_decode_9 |        267 |        267 |       0 |    0 |     0 |      0 |      0 |          0 |
|       gen_slv_port_demux[0].i_axi_demux                                       |                                                                                            axi_demux |        686 |        686 |       0 |    0 |   551 |      0 |      0 |          0 |
|         gen_demux.i_w_spill_reg                                               |                                                                    spill_register__parameterized0_64 |         26 |         26 |       0 |    0 |    84 |      0 |      0 |          0 |
|           spill_register_flushable_i                                          |                                                          spill_register_flushable__parameterized0_65 |         26 |         26 |       0 |    0 |    84 |      0 |      0 |          0 |
|         gen_demux.i_ar_spill_reg                                              |                                                                    spill_register__parameterized2_57 |         79 |         79 |       0 |    0 |    94 |      0 |      0 |          0 |
|           spill_register_flushable_i                                          |                                                          spill_register_flushable__parameterized2_69 |         79 |         79 |       0 |    0 |    94 |      0 |      0 |          0 |
|         gen_demux.i_aw_spill_reg                                              |                                                                                    spill_register_58 |        256 |        256 |       0 |    0 |   106 |      0 |      0 |          0 |
|           spill_register_flushable_i                                          |                                                                          spill_register_flushable_68 |        256 |        256 |       0 |    0 |   106 |      0 |      0 |          0 |
|         gen_demux.i_r_mux                                                     |                                                                       rr_arb_tree__parameterized0_61 |        131 |        131 |       0 |    0 |    16 |      0 |      0 |          0 |
|         gen_demux.i_r_spill_reg                                               |                                                                    spill_register__parameterized3_62 |         99 |         99 |       0 |    0 |   138 |      0 |      0 |          0 |
|           spill_register_flushable_i                                          |                                                          spill_register_flushable__parameterized3_66 |         99 |         99 |       0 |    0 |   138 |      0 |      0 |          0 |
|       gen_slv_port_demux[0].i_axi_err_slv                                     |                                                                                          axi_err_slv |        105 |        105 |       0 |    0 |    72 |      0 |      0 |          0 |
|       gen_slv_port_demux[1].i_axi_ar_decode                                   |                                                                                       addr_decode_10 |        252 |        252 |       0 |    0 |     0 |      0 |      0 |          0 |
|       gen_slv_port_demux[1].i_axi_aw_decode                                   |                                                                                       addr_decode_11 |        252 |        252 |       0 |    0 |     0 |      0 |      0 |          0 |
|       gen_slv_port_demux[1].i_axi_demux                                       |                                                                                         axi_demux_12 |       1113 |       1113 |       0 |    0 |   668 |      0 |      0 |          0 |
|         gen_demux.i_w_spill_reg                                               |                                                                       spill_register__parameterized0 |        401 |        401 |       0 |    0 |   152 |      0 |      0 |          0 |
|           spill_register_flushable_i                                          |                                                             spill_register_flushable__parameterized0 |        401 |        401 |       0 |    0 |   152 |      0 |      0 |          0 |
|         gen_demux.i_ar_spill_reg                                              |                                                                       spill_register__parameterized2 |        306 |        306 |       0 |    0 |   134 |      0 |      0 |          0 |
|           spill_register_flushable_i                                          |                                                             spill_register_flushable__parameterized2 |        306 |        306 |       0 |    0 |   134 |      0 |      0 |          0 |
|         gen_demux.i_aw_spill_reg                                              |                                                                                       spill_register |        139 |        139 |       0 |    0 |   132 |      0 |      0 |          0 |
|           spill_register_flushable_i                                          |                                                                             spill_register_flushable |        139 |        139 |       0 |    0 |   132 |      0 |      0 |          0 |
|         gen_demux.i_r_mux                                                     |                                                                          rr_arb_tree__parameterized0 |        137 |        137 |       0 |    0 |    16 |      0 |      0 |          0 |
|         gen_demux.i_r_spill_reg                                               |                                                                       spill_register__parameterized3 |         40 |         40 |       0 |    0 |   136 |      0 |      0 |          0 |
|           spill_register_flushable_i                                          |                                                             spill_register_flushable__parameterized3 |         40 |         40 |       0 |    0 |   136 |      0 |      0 |          0 |
|   i_bootrom                                                                   |                                                                                           bootrom_32 |         65 |         65 |       0 |    0 |    10 |      2 |      0 |          0 |
|   i_clint                                                                     |                                                                                                clint |        182 |        182 |       0 |    0 |   153 |      0 |      0 |          0 |
|     (i_clint)                                                                 |                                                                                                clint |         32 |         32 |       0 |    0 |   129 |      0 |      0 |          0 |
|     axi_lite_interface_i                                                      |                                                                                   axi_lite_interface |        150 |        150 |       0 |    0 |    21 |      0 |      0 |          0 |
|   i_dm_axi2mem                                                                |                                                                                              axi2mem |        388 |        388 |       0 |    0 |    65 |      0 |      0 |          0 |
|   i_dm_axi_master                                                             |                                                                                          axi_adapter |         71 |         71 |       0 |    0 |    44 |      0 |      0 |          0 |
|   i_dm_top                                                                    |                                                                                               dm_top |        499 |        499 |       0 |    0 |   677 |      0 |      0 |          0 |
|     i_dm_csrs                                                                 |                                                                                              dm_csrs |        364 |        364 |       0 |    0 |   599 |      0 |      0 |          0 |
|       (i_dm_csrs)                                                             |                                                                                              dm_csrs |        234 |        234 |       0 |    0 |   531 |      0 |      0 |          0 |
|       i_fifo                                                                  |                                                                              fifo_v2__parameterized0 |        130 |        130 |       0 |    0 |    68 |      0 |      0 |          0 |
|         i_fifo_v3                                                             |                                                                              fifo_v3__parameterized5 |        130 |        130 |       0 |    0 |    68 |      0 |      0 |          0 |
|     i_dm_mem                                                                  |                                                                                               dm_mem |         94 |         94 |       0 |    0 |    75 |      0 |      0 |          0 |
|       (i_dm_mem)                                                              |                                                                                               dm_mem |          8 |          8 |       0 |    0 |    70 |      0 |      0 |          0 |
|       gen_rom_snd_scratch.i_debug_rom                                         |                                                                                            debug_rom |         86 |         86 |       0 |    0 |     5 |      0 |      0 |          0 |
|   i_dmi_jtag                                                                  |                                                                                             dmi_jtag |        494 |        494 |       0 |    0 |   340 |      0 |      0 |          0 |
|     (i_dmi_jtag)                                                              |                                                                                             dmi_jtag |          1 |          1 |       0 |    0 |    84 |      0 |      0 |          0 |
|     i_dmi_cdc                                                                 |                                                                                              dmi_cdc |        369 |        369 |       0 |    0 |   164 |      0 |      0 |          0 |
|       i_cdc_req                                                               |                                                                                           cdc_2phase |        326 |        326 |       0 |    0 |    89 |      0 |      0 |          0 |
|         i_dst                                                                 |                                                                                       cdc_2phase_dst |        323 |        323 |       0 |    0 |    45 |      0 |      0 |          0 |
|       i_cdc_resp                                                              |                                                                           cdc_2phase__parameterized0 |         43 |         43 |       0 |    0 |    75 |      0 |      0 |          0 |
|     i_dmi_jtag_tap                                                            |                                                                                         dmi_jtag_tap |        124 |        124 |       0 |    0 |    92 |      0 |      0 |          0 |
|   i_xlnx_blk_mem_gen                                                          |                                                                                     xlnx_blk_mem_gen |        358 |        353 |       4 |    1 |   125 |     48 |      0 |          0 |
|     U0                                                                        |                                                                 xlnx_blk_mem_gen_blk_mem_gen_v8_4_12 |        358 |        353 |       4 |    1 |   125 |     48 |      0 |          0 |
|       inst_blk_mem_gen                                                        |                                                           xlnx_blk_mem_gen_blk_mem_gen_v8_4_12_synth |        358 |        353 |       4 |    1 |   125 |     48 |      0 |          0 |
|         gnbram.gaxibmg.axi_blk_mem_gen                                        |                                                                     xlnx_blk_mem_gen_blk_mem_gen_top |        135 |        134 |       0 |    1 |    13 |     48 |      0 |          0 |
|           valid.cstr                                                          |                                                            xlnx_blk_mem_gen_blk_mem_gen_generic_cstr |        135 |        134 |       0 |    1 |    13 |     48 |      0 |          0 |
|             has_mux_b.B                                                       |                                                     xlnx_blk_mem_gen_blk_mem_gen_mux__parameterized0 |        128 |        128 |       0 |    0 |     3 |      0 |      0 |          0 |
|         gnbram.gaxibmg.axi_rd_sm                                              |                                                            xlnx_blk_mem_gen_blk_mem_axi_read_wrapper |        122 |        122 |       0 |    0 |    56 |      0 |      0 |          0 |
|           (gnbram.gaxibmg.axi_rd_sm)                                          |                                                            xlnx_blk_mem_gen_blk_mem_axi_read_wrapper |         18 |         18 |       0 |    0 |    50 |      0 |      0 |          0 |
|           axi_read_fsm                                                        |                                                                xlnx_blk_mem_gen_blk_mem_axi_read_fsm |        104 |        104 |       0 |    0 |     6 |      0 |      0 |          0 |
|         gnbram.gaxibmg.axi_wr_fsm                                             |                                                           xlnx_blk_mem_gen_blk_mem_axi_write_wrapper |        101 |         97 |       4 |    0 |    56 |      0 |      0 |          0 |
|           (gnbram.gaxibmg.axi_wr_fsm)                                         |                                                           xlnx_blk_mem_gen_blk_mem_axi_write_wrapper |         45 |         41 |       4 |    0 |    52 |      0 |      0 |          0 |
|           axi_wr_fsm                                                          |                                                               xlnx_blk_mem_gen_blk_mem_axi_write_fsm |         56 |         56 |       0 |    0 |     4 |      0 |      0 |          0 |
+-------------------------------------------------------------------------------+------------------------------------------------------------------------------------------------------+------------+------------+---------+------+-------+--------+--------+------------+


