Copyright 1986-2022 Xilinx, Inc. All Rights Reserved. Copyright 2022-2025 Advanced Micro Devices, Inc. All Rights Reserved.
---------------------------------------------------------------------------------------------------------------------------------------------
| Tool Version : Vivado v.2025.2 (lin64) Build 6299465 Fri Nov 14 12:34:56 MST 2025
| Date         : Thu Jul  2 14:43:04 2026
| Host         : rayan-HP-ProBook-445-G8-Notebook-PC running 64-bit Ubuntu 24.04.1 LTS
| Command      : report_clock_interaction -file reports_cva6_fpga_synth/cva6_fpga.clock_interaction.rpt
| Design       : cva6_zybo_z7_20
| Device       : 7z020-clg400
| Speed File   : -1  PRODUCTION 1.12 2019-11-22
| Design State : Synthesized
---------------------------------------------------------------------------------------------------------------------------------------------

Clock Interaction Report

Clock Interaction Table
-----------------------

                                              WNS                            TNS Failing  TNS Total    WNS Path         Clock-Pair           Inter-Clock          
From Clock             To Clock               Clock Edges  WNS(ns)  TNS(ns)    Endpoints    Endpoints  Requirement(ns)  Classification       Constraints          
---------------------  ---------------------  -----------  -------  -------  -----------  -----------  ---------------  -------------------  -------------------  
clk_out1_xlnx_clk_gen  clk_out1_xlnx_clk_gen  rise - rise     3.00     0.00            0        52366            25.00  Clean                Partial False Path   
clk_out1_xlnx_clk_gen  tck                                                             0           36                   Ignored              Asynchronous Groups  
tck                    clk_out1_xlnx_clk_gen                                           0           43                   Ignored              Asynchronous Groups  
tck                    tck                    fall - rise     5.76     0.00            0          453            20.00  Clean                Timed                


