Copyright 1986-2022 Xilinx, Inc. All Rights Reserved. Copyright 2022-2024 Advanced Micro Devices, Inc. All Rights Reserved.
---------------------------------------------------------------------------------------------------------------------------------------------
| Tool Version : Vivado v.2024.1 (lin64) Build 5076996 Wed May 22 18:36:09 MDT 2024
| Date         : Sat Aug  8 20:18:36 2026
| Host         : telmo-HYM-WXX running 64-bit Ubuntu 20.04.6 LTS
| Command      : check_timing -verbose -file reports_cva6_fpga_synth/cva6_fpga.check_timing.rpt
| Design       : cva6_zybo_z7_20
| Device       : 7z020-clg400
| Speed File   : -1  PRODUCTION 1.12 2019-11-22
| Design State : Synthesized
---------------------------------------------------------------------------------------------------------------------------------------------


check_timing report

Table of Contents
-----------------
1. checking no_clock (0)
2. checking constant_clock (0)
3. checking pulse_width_clock (0)
4. checking unconstrained_internal_endpoints (0)
5. checking no_input_delay (2)
6. checking no_output_delay (1)
7. checking multiple_clock (0)
8. checking generated_clocks (0)
9. checking loops (5)
10. checking partial_input_delay (3)
11. checking partial_output_delay (0)
12. checking latch_loops (0)

1. checking no_clock (0)
------------------------
 There are 0 register/latch pins with no clock.


2. checking constant_clock (0)
------------------------------
 There are 0 register/latch pins with constant_clock.


3. checking pulse_width_clock (0)
---------------------------------
 There are 0 register/latch pins which need pulse_width check


4. checking unconstrained_internal_endpoints (0)
------------------------------------------------
 There are 0 pins that are not constrained for maximum delay.

 There are 0 pins that are not constrained for maximum delay due to constant clock.


5. checking no_input_delay (2)
------------------------------
 There are 2 input ports with no input delay specified. (HIGH)

cpu_reset
rx

 There are 0 input ports with no input delay but user has a false path constraint.


6. checking no_output_delay (1)
-------------------------------
 There is 1 port with no output delay specified. (HIGH)

tx

 There are 0 ports with no output delay but user has a false path constraint

 There are 0 ports with no output delay but with a timing clock defined on it or propagating through it


7. checking multiple_clock (0)
------------------------------
 There are 0 register/latch pins with multiple clocks.


8. checking generated_clocks (0)
--------------------------------
 There are 0 generated clocks that are not connected to a clock source.


9. checking loops (5)
---------------------
 There are 5 combinational loops in the design. (HIGH)

i_ariane/i_cva6/ex_stage_i/i_mult/i_div/state_q[1]_i_2/O
i_ariane/i_cva6/ex_stage_i/i_mult/i_div/mem_q[4][sbe][bp][predict_address][31]_i_9/I4
i_ariane/i_cva6/ex_stage_i/i_mult/i_div/mem_q[4][sbe][bp][predict_address][31]_i_9/O
i_ariane/i_cva6/issue_stage_i/i_issue_read_operands/gen_fpga_regfile.i_ariane_regfile_fpga/mem_q[7][sbe][rd][2]_i_13/I3
i_ariane/i_cva6/issue_stage_i/i_issue_read_operands/gen_fpga_regfile.i_ariane_regfile_fpga/mem_q[7][sbe][rd][2]_i_13/O
i_ariane/i_cva6/ex_stage_i/i_mult/i_multiplier/mem_q[7][sbe][rd][2]_i_5/I3
i_ariane/i_cva6/ex_stage_i/i_mult/i_multiplier/mem_q[7][sbe][rd][2]_i_5/O
i_ariane/i_cva6/ex_stage_i/i_mult/i_multiplier/bmiss_trans_id_q[2]_i_2/I1
i_ariane/i_cva6/ex_stage_i/i_mult/i_multiplier/bmiss_trans_id_q[2]_i_2/O
i_ariane/i_cva6/issue_stage_i/i_scoreboard/mcause_q[30]_i_2/I4
i_ariane/i_cva6/issue_stage_i/i_scoreboard/mcause_q[30]_i_2/O
i_ariane/i_cva6/issue_stage_i/i_scoreboard/rat_q[rat][31][5]_i_6__0/I2
i_ariane/i_cva6/issue_stage_i/i_scoreboard/rat_q[rat][31][5]_i_6__0/O
i_ariane/i_cva6/issue_stage_i/i_scoreboard/mstatus_q[mpp][1]_i_7/I5
i_ariane/i_cva6/issue_stage_i/i_scoreboard/mstatus_q[mpp][1]_i_7/O
i_ariane/i_cva6/csr_regfile_i/mstatus_q[mpp][1]_i_2/I1
i_ariane/i_cva6/csr_regfile_i/mstatus_q[mpp][1]_i_2/O
i_ariane/i_cva6/ex_stage_i/csr_buffer_i/rat_q[rat][31][5]_i_9__0/I5
i_ariane/i_cva6/ex_stage_i/csr_buffer_i/rat_q[rat][31][5]_i_9__0/O
i_ariane/i_cva6/ex_stage_i/csr_buffer_i/id_q[2]_i_2/I4
i_ariane/i_cva6/ex_stage_i/csr_buffer_i/id_q[2]_i_2/O
i_ariane/i_cva6/ex_stage_i/i_mult/i_div/state_q[1]_i_2/I0
i_ariane/i_cva6/ex_stage_i/i_mult/i_div/state_q[1]_i_2/O


i_ariane/i_cva6/ex_stage_i/i_mult/i_div/state_q[1]_i_2/O
i_ariane/i_cva6/ex_stage_i/i_mult/i_div/mem_q[4][sbe][bp][predict_address][31]_i_9/I4
i_ariane/i_cva6/ex_stage_i/i_mult/i_div/mem_q[4][sbe][bp][predict_address][31]_i_9/O
i_ariane/i_cva6/issue_stage_i/i_issue_read_operands/gen_fpga_regfile.i_ariane_regfile_fpga/mem_q[7][sbe][rd][2]_i_13/I3
i_ariane/i_cva6/issue_stage_i/i_issue_read_operands/gen_fpga_regfile.i_ariane_regfile_fpga/mem_q[7][sbe][rd][2]_i_13/O
i_ariane/i_cva6/ex_stage_i/i_mult/i_multiplier/mem_q[7][sbe][rd][2]_i_5/I3
i_ariane/i_cva6/ex_stage_i/i_mult/i_multiplier/mem_q[7][sbe][rd][2]_i_5/O
i_ariane/i_cva6/ex_stage_i/i_mult/i_multiplier/bmiss_trans_id_q[2]_i_2/I1
i_ariane/i_cva6/ex_stage_i/i_mult/i_multiplier/bmiss_trans_id_q[2]_i_2/O
i_ariane/i_cva6/issue_stage_i/i_scoreboard/mcause_q[30]_i_2/I4
i_ariane/i_cva6/issue_stage_i/i_scoreboard/mcause_q[30]_i_2/O
i_ariane/i_cva6/issue_stage_i/i_scoreboard/rat_q[rat][31][5]_i_6__0/I2
i_ariane/i_cva6/issue_stage_i/i_scoreboard/rat_q[rat][31][5]_i_6__0/O
i_ariane/i_cva6/issue_stage_i/i_scoreboard/mstatus_q[mpp][1]_i_7/I5
i_ariane/i_cva6/issue_stage_i/i_scoreboard/mstatus_q[mpp][1]_i_7/O
i_ariane/i_cva6/csr_regfile_i/mstatus_q[mpp][1]_i_2/I1
i_ariane/i_cva6/csr_regfile_i/mstatus_q[mpp][1]_i_2/O
i_ariane/i_cva6/ex_stage_i/csr_buffer_i/rat_q[rat][31][5]_i_9__0/I5
i_ariane/i_cva6/ex_stage_i/csr_buffer_i/rat_q[rat][31][5]_i_9__0/O
i_ariane/i_cva6/ex_stage_i/csr_buffer_i/id_q[2]_i_2/I4
i_ariane/i_cva6/ex_stage_i/csr_buffer_i/id_q[2]_i_2/O
i_ariane/i_cva6/issue_stage_i/i_scoreboard/rs_q[free_entries][3]_i_10/I3
i_ariane/i_cva6/issue_stage_i/i_scoreboard/rs_q[free_entries][3]_i_10/O
i_ariane/i_cva6/ex_stage_i/i_mult/i_div/state_q[1]_i_2/I1
i_ariane/i_cva6/ex_stage_i/i_mult/i_div/state_q[1]_i_2/O


i_ariane/i_cva6/ex_stage_i/i_mult/i_div/state_q[1]_i_2/O
i_ariane/i_cva6/ex_stage_i/i_mult/i_div/mem_q[4][sbe][bp][predict_address][31]_i_9/I4
i_ariane/i_cva6/ex_stage_i/i_mult/i_div/mem_q[4][sbe][bp][predict_address][31]_i_9/O
i_ariane/i_cva6/issue_stage_i/i_issue_read_operands/gen_fpga_regfile.i_ariane_regfile_fpga/mem_q[7][sbe][rd][2]_i_13/I3
i_ariane/i_cva6/issue_stage_i/i_issue_read_operands/gen_fpga_regfile.i_ariane_regfile_fpga/mem_q[7][sbe][rd][2]_i_13/O
i_ariane/i_cva6/ex_stage_i/i_mult/i_multiplier/mem_q[7][sbe][rd][2]_i_5/I3
i_ariane/i_cva6/ex_stage_i/i_mult/i_multiplier/mem_q[7][sbe][rd][2]_i_5/O
i_ariane/i_cva6/ex_stage_i/i_mult/i_multiplier/bmiss_trans_id_q[2]_i_2/I1
i_ariane/i_cva6/ex_stage_i/i_mult/i_multiplier/bmiss_trans_id_q[2]_i_2/O
i_ariane/i_cva6/issue_stage_i/i_scoreboard/mcause_q[30]_i_2/I4
i_ariane/i_cva6/issue_stage_i/i_scoreboard/mcause_q[30]_i_2/O
i_ariane/i_cva6/issue_stage_i/i_scoreboard/rat_q[rat][31][5]_i_6__0/I2
i_ariane/i_cva6/issue_stage_i/i_scoreboard/rat_q[rat][31][5]_i_6__0/O
i_ariane/i_cva6/issue_stage_i/i_scoreboard/mstatus_q[mpp][1]_i_7/I5
i_ariane/i_cva6/issue_stage_i/i_scoreboard/mstatus_q[mpp][1]_i_7/O
i_ariane/i_cva6/csr_regfile_i/mstatus_q[mpp][1]_i_2/I1
i_ariane/i_cva6/csr_regfile_i/mstatus_q[mpp][1]_i_2/O
i_ariane/i_cva6/ex_stage_i/csr_buffer_i/rat_q[rat][31][5]_i_9__0/I5
i_ariane/i_cva6/ex_stage_i/csr_buffer_i/rat_q[rat][31][5]_i_9__0/O
i_ariane/i_cva6/issue_stage_i/i_scoreboard/rat_q[rat][31][2]_i_2/I4
i_ariane/i_cva6/issue_stage_i/i_scoreboard/rat_q[rat][31][2]_i_2/O
i_ariane/i_cva6/issue_stage_i/i_scoreboard/rollback_active_q_i_3/I1
i_ariane/i_cva6/issue_stage_i/i_scoreboard/rollback_active_q_i_3/O
i_ariane/i_cva6/issue_stage_i/i_scoreboard/state_q[1]_i_9__0/I0
i_ariane/i_cva6/issue_stage_i/i_scoreboard/state_q[1]_i_9__0/O
i_ariane/i_cva6/issue_stage_i/i_scoreboard/state_q[1]_i_5/I5
i_ariane/i_cva6/issue_stage_i/i_scoreboard/state_q[1]_i_5/O
i_ariane/i_cva6/ex_stage_i/i_mult/i_div/state_q[1]_i_2/I2
i_ariane/i_cva6/ex_stage_i/i_mult/i_div/state_q[1]_i_2/O




10. checking partial_input_delay (3)
------------------------------------
 There are 3 input ports with partial input delay specified. (HIGH)

tdi
tms
trst_n


11. checking partial_output_delay (0)
-------------------------------------
 There are 0 ports with partial output delay specified.


12. checking latch_loops (0)
----------------------------
 There are 0 combinational latch loops in the design through latch input


