Copyright 1986-2022 Xilinx, Inc. All Rights Reserved. Copyright 2022-2024 Advanced Micro Devices, Inc. All Rights Reserved.
---------------------------------------------------------------------------------------------------------------------------------------------
| Tool Version : Vivado v.2024.1 (lin64) Build 5076996 Wed May 22 18:36:09 MDT 2024
| Date         : Mon Aug 24 15:58:02 2026
| Host         : telmo-HYM-WXX running 64-bit Ubuntu 20.04.6 LTS
| Command      : report_timing -nworst 1 -delay_type max -sort_by group -file reports_cva6_fpga_synth/cva6_fpga.timing.rpt
| Design       : cva6_zybo_z7_20
| Device       : 7z020-clg400
| Speed File   : -1  PRODUCTION 1.12 2019-11-22
| Design State : Synthesized
---------------------------------------------------------------------------------------------------------------------------------------------

Timing Report

Slack (VIOLATED) :        -14.241ns  (required time - arrival time)
  Source:                 i_ariane/i_cva6/issue_stage_i/i_scoreboard/mem_q_reg[15][sbe][ex][valid]/C
                            (rising edge-triggered cell FDCE clocked by clk_out1_xlnx_clk_gen  {rise@0.000ns fall@12.500ns period=25.000ns})
  Destination:            i_ariane/i_cva6/issue_stage_i/ld_token_q_reg[2]/D
                            (rising edge-triggered cell FDPE clocked by clk_out1_xlnx_clk_gen  {rise@0.000ns fall@12.500ns period=25.000ns})
  Path Group:             clk_out1_xlnx_clk_gen
  Path Type:              Setup (Max at Slow Process Corner)
  Requirement:            25.000ns  (clk_out1_xlnx_clk_gen rise@25.000ns - clk_out1_xlnx_clk_gen rise@0.000ns)
  Data Path Delay:        39.058ns  (logic 9.199ns (23.552%)  route 29.859ns (76.448%))
  Logic Levels:           56  (CARRY4=5 LUT2=4 LUT3=9 LUT4=4 LUT5=6 LUT6=28)
  Clock Path Skew:        -0.145ns (DCD - SCD + CPR)
    Destination Clock Delay (DCD):    -2.245ns = ( 22.755 - 25.000 ) 
    Source Clock Delay      (SCD):    -1.569ns
    Clock Pessimism Removal (CPR):    0.531ns
  Clock Uncertainty:      0.082ns  ((TSJ^2 + DJ^2)^1/2) / 2 + PE
    Total System Jitter     (TSJ):    0.071ns
    Discrete Jitter          (DJ):    0.149ns
    Phase Error              (PE):    0.000ns

    Location             Delay type                Incr(ns)  Path(ns)    Netlist Resource(s)
  -------------------------------------------------------------------    -------------------
                         (clock clk_out1_xlnx_clk_gen rise edge)
                                                      0.000     0.000 r  
    K17                                               0.000     0.000 r  clk_sys (IN)
                         net (fo=0)                   0.000     0.000    i_xlnx_clk_gen/inst/clk_in1
    K17                  IBUF (Prop_ibuf_I_O)         1.475     1.475 r  i_xlnx_clk_gen/inst/clkin1_ibufg/O
                         net (fo=1, unplaced)         0.584     2.059    i_xlnx_clk_gen/inst/clk_in1_xlnx_clk_gen
                         MMCME2_ADV (Prop_mmcme2_adv_CLKIN1_CLKOUT0)
                                                     -5.113    -3.054 r  i_xlnx_clk_gen/inst/mmcm_adv_inst/CLKOUT0
                         net (fo=1, unplaced)         0.800    -2.254    i_xlnx_clk_gen/inst/clk_out1_xlnx_clk_gen
                         BUFG (Prop_bufg_I_O)         0.101    -2.153 r  i_xlnx_clk_gen/inst/clkout1_buf/O
                         net (fo=23308, unplaced)     0.584    -1.569    i_ariane/i_cva6/issue_stage_i/i_scoreboard/clk_out1
                         FDCE                                         r  i_ariane/i_cva6/issue_stage_i/i_scoreboard/mem_q_reg[15][sbe][ex][valid]/C
  -------------------------------------------------------------------    -------------------
                         FDCE (Prop_fdce_C_Q)         0.478    -1.091 r  i_ariane/i_cva6/issue_stage_i/i_scoreboard/mem_q_reg[15][sbe][ex][valid]/Q
                         net (fo=3, unplaced)         0.983    -0.108    i_ariane/i_cva6/issue_stage_i/i_scoreboard/mem_q_reg[15][sbe][ex][valid]__0
                         LUT6 (Prop_lut6_I0_O)        0.295     0.187 r  i_ariane/i_cva6/issue_stage_i/i_scoreboard/commit_pointer_q[0][0]_i_13/O
                         net (fo=1, unplaced)         0.902     1.089    i_ariane/i_cva6/issue_stage_i/i_scoreboard/commit_pointer_q[0][0]_i_13_n_0
                         LUT6 (Prop_lut6_I1_O)        0.124     1.213 f  i_ariane/i_cva6/issue_stage_i/i_scoreboard/commit_pointer_q[0][0]_i_6/O
                         net (fo=7, unplaced)         0.937     2.150    i_ariane/i_cva6/issue_stage_i/i_scoreboard/commit_pointer_q[0][0]_i_6_n_0
                         LUT3 (Prop_lut3_I1_O)        0.124     2.274 f  i_ariane/i_cva6/issue_stage_i/i_scoreboard/mcause_q[31]_i_6/O
                         net (fo=49, unplaced)        0.531     2.805    i_ariane/i_cva6/issue_stage_i/i_scoreboard/mcause_q[31]_i_6_n_0
                         LUT2 (Prop_lut2_I1_O)        0.124     2.929 r  i_ariane/i_cva6/issue_stage_i/i_scoreboard/mcause_q[8]_i_2/O
                         net (fo=3, unplaced)         1.129     4.058    i_ariane/i_cva6/issue_stage_i/i_scoreboard/ex_commit[cause][8]
                         LUT6 (Prop_lut6_I1_O)        0.124     4.182 r  i_ariane/i_cva6/issue_stage_i/i_scoreboard/dbg_ebreak_dbg_pending_q_i_8/O
                         net (fo=1, unplaced)         0.449     4.631    i_ariane/i_cva6/issue_stage_i/i_scoreboard/dbg_ebreak_dbg_pending_q_i_8_n_0
                         LUT6 (Prop_lut6_I4_O)        0.124     4.755 r  i_ariane/i_cva6/issue_stage_i/i_scoreboard/dbg_ebreak_dbg_pending_q_i_6/O
                         net (fo=1, unplaced)         0.449     5.204    i_ariane/i_cva6/issue_stage_i/i_scoreboard/dbg_ebreak_dbg_pending_q_i_6_n_0
                         LUT6 (Prop_lut6_I5_O)        0.124     5.328 r  i_ariane/i_cva6/issue_stage_i/i_scoreboard/dbg_ebreak_dbg_pending_q_i_3/O
                         net (fo=2, unplaced)         0.430     5.758    i_ariane/i_cva6/issue_stage_i/i_scoreboard/dbg_ebreak_dbg_pending_q_i_3_n_0
                         LUT6 (Prop_lut6_I0_O)        0.124     5.882 r  i_ariane/i_cva6/issue_stage_i/i_scoreboard/mstatus_q[mie]_i_10/O
                         net (fo=3, unplaced)         0.467     6.349    i_ariane/i_cva6/issue_stage_i/i_scoreboard/mstatus_q[mie]_i_10_n_0
                         LUT3 (Prop_lut3_I1_O)        0.124     6.473 r  i_ariane/i_cva6/issue_stage_i/i_scoreboard/mstatus_q[mie]_i_4/O
                         net (fo=106, unplaced)       0.550     7.023    i_ariane/i_cva6/ex_stage_i/csr_buffer_i/mepc_q_reg[31]
                         LUT6 (Prop_lut6_I5_O)        0.124     7.147 f  i_ariane/i_cva6/ex_stage_i/csr_buffer_i/issue_pointer_q[1]_i_11/O
                         net (fo=21, unplaced)        0.510     7.657    i_ariane/i_cva6/issue_stage_i/i_scoreboard/flush_csr_ctrl
                         LUT6 (Prop_lut6_I4_O)        0.124     7.781 f  i_ariane/i_cva6/issue_stage_i/i_scoreboard/ld_queue_q[paddr][3][31]_i_3/O
                         net (fo=119, unplaced)       0.553     8.334    i_ariane/i_cva6/issue_stage_i/i_scoreboard/commit_status_cnt_q_reg[2]_2
                         LUT3 (Prop_lut3_I0_O)        0.124     8.458 r  i_ariane/i_cva6/issue_stage_i/i_scoreboard/state_q[1]_i_7/O
                         net (fo=31, unplaced)        0.972     9.430    i_ariane/i_cva6/issue_stage_i/i_scoreboard/FSM_sequential_state_q_reg_15
                         LUT6 (Prop_lut6_I0_O)        0.124     9.554 r  i_ariane/i_cva6/issue_stage_i/i_scoreboard/st_queue_q[instr][0][vaddr][31]_i_6/O
                         net (fo=2, unplaced)         1.122    10.676    i_ariane/i_cva6/issue_stage_i/i_scoreboard/st_queue_q[instr][0][vaddr][31]_i_6_n_0
                         LUT6 (Prop_lut6_I1_O)        0.124    10.800 f  i_ariane/i_cva6/issue_stage_i/i_scoreboard/st_queue_q[ready][0]_i_5/O
                         net (fo=20, unplaced)        0.509    11.309    i_ariane/i_cva6/issue_stage_i/i_scoreboard/st_queue_q_reg[instr][0][trans_id][2]_0
                         LUT3 (Prop_lut3_I2_O)        0.124    11.433 r  i_ariane/i_cva6/issue_stage_i/i_scoreboard/ld_queue_q[result][1][31]_i_130/O
                         net (fo=1, unplaced)         0.449    11.882    i_ariane/i_cva6/ex_stage_i/lsu_i/load_store_queue_i/i_ld_ready_tournament_tree/ld_queue_q[result][1][31]_i_45
                         LUT6 (Prop_lut6_I0_O)        0.124    12.006 r  i_ariane/i_cva6/ex_stage_i/lsu_i/load_store_queue_i/i_ld_ready_tournament_tree/ld_queue_q[result][1][31]_i_80/O
                         net (fo=4, unplaced)         0.926    12.932    i_ariane/i_cva6/ex_stage_i/lsu_i/load_store_queue_i/i_ld_ready_tournament_tree/st_queue_q_reg[instr][0][operation][1]_1
                         LUT4 (Prop_lut4_I1_O)        0.124    13.056 f  i_ariane/i_cva6/ex_stage_i/lsu_i/load_store_queue_i/i_ld_ready_tournament_tree/ld_queue_q[result][1][31]_i_40/O
                         net (fo=2, unplaced)         0.460    13.516    i_ariane/i_cva6/ex_stage_i/lsu_i/load_store_queue_i/i_ld_ready_tournament_tree/ld_queue_q[result][1][31]_i_82_0
                         LUT5 (Prop_lut5_I4_O)        0.124    13.640 f  i_ariane/i_cva6/ex_stage_i/lsu_i/load_store_queue_i/i_ld_ready_tournament_tree/ld_ready_pointer_q[1]_i_10/O
                         net (fo=2, unplaced)         0.460    14.100    i_ariane/i_cva6/ex_stage_i/lsu_i/load_store_queue_i/i_ld_ready_tournament_tree/ld_queue_q[result][1][31]_i_40_0
                         LUT6 (Prop_lut6_I3_O)        0.124    14.224 f  i_ariane/i_cva6/ex_stage_i/lsu_i/load_store_queue_i/i_ld_ready_tournament_tree/ld_ready_pointer_q[1]_i_4/O
                         net (fo=4, unplaced)         0.473    14.697    i_ariane/i_cva6/ex_stage_i/lsu_i/load_store_queue_i/i_ld_ready_tournament_tree/ld_unit_ready19_out[1]
                         LUT5 (Prop_lut5_I1_O)        0.124    14.821 r  i_ariane/i_cva6/ex_stage_i/lsu_i/load_store_queue_i/i_ld_ready_tournament_tree/ld_ready_pointer_q[1]_i_5/O
                         net (fo=16, unplaced)        0.503    15.324    i_ariane/i_cva6/ex_stage_i/lsu_i/load_store_queue_i/i_ld_ready_tournament_tree/valid_tree16_out
                         LUT3 (Prop_lut3_I2_O)        0.124    15.448 r  i_ariane/i_cva6/ex_stage_i/lsu_i/load_store_queue_i/i_ld_ready_tournament_tree/ld_ready_pointer_q[1]_i_35/O
                         net (fo=1, unplaced)         1.111    16.559    i_ariane/i_cva6/ex_stage_i/lsu_i/load_store_queue_i/i_ld_ready_tournament_tree/seq_num_tree[2]_158[3]
                         LUT6 (Prop_lut6_I1_O)        0.124    16.683 r  i_ariane/i_cva6/ex_stage_i/lsu_i/load_store_queue_i/i_ld_ready_tournament_tree/ld_ready_pointer_q[1]_i_17/O
                         net (fo=1, unplaced)         0.449    17.132    i_ariane/i_cva6/ex_stage_i/lsu_i/load_store_queue_i/i_ld_ready_tournament_tree/ld_ready_pointer_q[1]_i_17_n_0
                         LUT6 (Prop_lut6_I5_O)        0.124    17.256 r  i_ariane/i_cva6/ex_stage_i/lsu_i/load_store_queue_i/i_ld_ready_tournament_tree/ld_ready_pointer_q[1]_i_8/O
                         net (fo=2, unplaced)         0.430    17.686    i_ariane/i_cva6/ex_stage_i/lsu_i/load_store_queue_i/i_ld_ready_tournament_tree/id_tree4
                         LUT6 (Prop_lut6_I4_O)        0.124    17.810 r  i_ariane/i_cva6/ex_stage_i/lsu_i/load_store_queue_i/i_ld_ready_tournament_tree/ld_ready_pointer_q[0]_i_3/O
                         net (fo=2, unplaced)         0.460    18.270    i_ariane/i_cva6/ex_stage_i/lsu_i/load_store_queue_i/i_ld_ready_tournament_tree/id_tree1
                         LUT3 (Prop_lut3_I1_O)        0.124    18.394 r  i_ariane/i_cva6/ex_stage_i/lsu_i/load_store_queue_i/i_ld_ready_tournament_tree/ld_ready_pointer_q[0]_i_2/O
                         net (fo=10, unplaced)        0.492    18.886    i_ariane/i_cva6/ex_stage_i/lsu_i/load_store_queue_i/i_ld_ready_tournament_tree/ld_ready_pointer[0]
                         LUT3 (Prop_lut3_I2_O)        0.124    19.010 r  i_ariane/i_cva6/ex_stage_i/lsu_i/load_store_queue_i/i_ld_ready_tournament_tree/ldbuf_q[0][operation][7]_i_3/O
                         net (fo=51, unplaced)        0.532    19.542    i_ariane/i_cva6/ex_stage_i/lsu_i/load_store_queue_i/i_ld_ready_tournament_tree/ld_ready_pointer_q_reg[0]
                         LUT6 (Prop_lut6_I3_O)        0.124    19.666 r  i_ariane/i_cva6/ex_stage_i/lsu_i/load_store_queue_i/i_ld_ready_tournament_tree/i__carry_i_15/O
                         net (fo=3, unplaced)         0.437    20.103    i_ariane/i_cva6/ex_stage_i/lsu_i/load_store_queue_i/i_ld_ready_tournament_tree/ld_lsq_paddr[13]
                         LUT2 (Prop_lut2_I0_O)        0.150    20.253 r  i_ariane/i_cva6/ex_stage_i/lsu_i/load_store_queue_i/i_ld_ready_tournament_tree/i__carry_i_4__3/O
                         net (fo=1, unplaced)         0.000    20.253    i_ariane/i_cva6/gen_cache_hpd.i_cache_subsystem/i_dcache/gen_cva6_hpdcache_load_if_adapter[1].i_cva6_hpdcache_load_if_adapter/range_check1_return0_inferred__0/i__carry__0_0[0]
                         CARRY4 (Prop_carry4_DI[0]_CO[3])
                                                      0.576    20.829 r  i_ariane/i_cva6/gen_cache_hpd.i_cache_subsystem/i_dcache/gen_cva6_hpdcache_load_if_adapter[1].i_cva6_hpdcache_load_if_adapter/range_check1_return0_inferred__0/i__carry/CO[3]
                         net (fo=1, unplaced)         0.009    20.838    i_ariane/i_cva6/gen_cache_hpd.i_cache_subsystem/i_dcache/gen_cva6_hpdcache_load_if_adapter[1].i_cva6_hpdcache_load_if_adapter/range_check1_return0_inferred__0/i__carry_n_0
                         CARRY4 (Prop_carry4_CI_CO[3])
                                                      0.117    20.955 r  i_ariane/i_cva6/gen_cache_hpd.i_cache_subsystem/i_dcache/gen_cva6_hpdcache_load_if_adapter[1].i_cva6_hpdcache_load_if_adapter/range_check1_return0_inferred__0/i__carry__0/CO[3]
                         net (fo=1, unplaced)         0.000    20.955    i_ariane/i_cva6/gen_cache_hpd.i_cache_subsystem/i_dcache/gen_cva6_hpdcache_load_if_adapter[1].i_cva6_hpdcache_load_if_adapter/range_check1_return0_inferred__0/i__carry__0_n_0
                         CARRY4 (Prop_carry4_CI_CO[2])
                                                      0.252    21.207 f  i_ariane/i_cva6/gen_cache_hpd.i_cache_subsystem/i_dcache/gen_cva6_hpdcache_load_if_adapter[1].i_cva6_hpdcache_load_if_adapter/range_check1_return0_inferred__0/i__carry__1/CO[2]
                         net (fo=1, unplaced)         0.452    21.659    i_ariane/i_cva6/ex_stage_i/lsu_i/load_store_queue_i/i_ld_ready_tournament_tree/req_q_reg[3][req][pma][uncacheable][0]
                         LUT2 (Prop_lut2_I0_O)        0.310    21.969 r  i_ariane/i_cva6/ex_stage_i/lsu_i/load_store_queue_i/i_ld_ready_tournament_tree/req_q[0][req][pma][uncacheable]_i_2/O
                         net (fo=5, unplaced)         0.477    22.446    i_ariane/i_cva6/gen_cache_hpd.i_cache_subsystem/i_dcache/i_hpdcache/hpdcache_ctrl_i/hpdcache_rtab_i/dcache_req_pma[1][uncacheable]
                         LUT6 (Prop_lut6_I4_O)        0.124    22.570 f  i_ariane/i_cva6/gen_cache_hpd.i_cache_subsystem/i_dcache/i_hpdcache/hpdcache_ctrl_i/hpdcache_rtab_i/uc_fsm_q[3]_i_8/O
                         net (fo=4, unplaced)         0.473    23.043    i_ariane/i_cva6/gen_cache_hpd.i_cache_subsystem/i_dcache/i_hpdcache/hpdcache_ctrl_i/hpdcache_rtab_i/dcache_q_reg[0]
                         LUT6 (Prop_lut6_I4_O)        0.124    23.167 f  i_ariane/i_cva6/gen_cache_hpd.i_cache_subsystem/i_dcache/i_hpdcache/hpdcache_ctrl_i/hpdcache_rtab_i/valid_q[3]_i_6/O
                         net (fo=7, unplaced)         0.484    23.651    i_ariane/i_cva6/gen_cache_hpd.i_cache_subsystem/i_dcache/i_hpdcache/hpdcache_ctrl_i/hpdcache_rtab_i/st1_req_q_reg[op][2]
                         LUT6 (Prop_lut6_I0_O)        0.124    23.775 f  i_ariane/i_cva6/gen_cache_hpd.i_cache_subsystem/i_dcache/i_hpdcache/hpdcache_ctrl_i/hpdcache_rtab_i/deps_q[0][dir_fetch]_i_4/O
                         net (fo=12, unplaced)        0.497    24.272    i_ariane/i_cva6/gen_cache_hpd.i_cache_subsystem/i_dcache/i_hpdcache/hpdcache_ctrl_i/hpdcache_memctrl_i/gen_dir_sram[1].dir_sram/ram_i/deps_q_reg[3][mshr_full]
                         LUT6 (Prop_lut6_I5_O)        0.124    24.396 r  i_ariane/i_cva6/gen_cache_hpd.i_cache_subsystem/i_dcache/i_hpdcache/hpdcache_ctrl_i/hpdcache_memctrl_i/gen_dir_sram[1].dir_sram/ram_i/ldbuf_valid_q[0]_i_4/O
                         net (fo=1, unplaced)         0.449    24.845    i_ariane/i_cva6/gen_cache_hpd.i_cache_subsystem/i_dcache/i_hpdcache/hpdcache_ctrl_i/hpdcache_memctrl_i/gen_dir_sram[1].dir_sram/ram_i/ldbuf_valid_q[0]_i_4_n_0
                         LUT4 (Prop_lut4_I2_O)        0.124    24.969 f  i_ariane/i_cva6/gen_cache_hpd.i_cache_subsystem/i_dcache/i_hpdcache/hpdcache_ctrl_i/hpdcache_memctrl_i/gen_dir_sram[1].dir_sram/ram_i/ldbuf_valid_q[0]_i_2/O
                         net (fo=40, unplaced)        0.526    25.495    i_ariane/i_cva6/ex_stage_i/lsu_i/i_load_unit/dcache_req_ports_cache_ex[1][data_rvalid]
                         LUT4 (Prop_lut4_I3_O)        0.124    25.619 f  i_ariane/i_cva6/ex_stage_i/lsu_i/i_load_unit/ld_queue_q[result][3][31]_i_4/O
                         net (fo=68, unplaced)        0.539    26.158    i_ariane/i_cva6/ex_stage_i/lsu_i/load_store_queue_i/ld_queue_q_reg[result][3][0]_2
                         LUT6 (Prop_lut6_I0_O)        0.124    26.282 f  i_ariane/i_cva6/ex_stage_i/lsu_i/load_store_queue_i/gen_register.d_o[169]_i_13/O
                         net (fo=68, unplaced)        0.539    26.821    i_ariane/i_cva6/ex_stage_i/lsu_i/load_store_queue_i/gen_register.d_o[169]_i_13_n_0
                         LUT6 (Prop_lut6_I5_O)        0.124    26.945 f  i_ariane/i_cva6/ex_stage_i/lsu_i/load_store_queue_i/gen_register.d_o[174]_i_21/O
                         net (fo=7, unplaced)         0.484    27.429    i_ariane/i_cva6/ex_stage_i/lsu_i/load_store_queue_i/wb_valid[3]
                         LUT5 (Prop_lut5_I1_O)        0.124    27.553 r  i_ariane/i_cva6/ex_stage_i/lsu_i/load_store_queue_i/gen_register.d_o[174]_i_20/O
                         net (fo=10, unplaced)        0.492    28.045    i_ariane/i_cva6/ex_stage_i/lsu_i/load_store_queue_i/i_ld_wb_tournament_tree/valid_tree1
                         LUT3 (Prop_lut3_I2_O)        0.124    28.169 r  i_ariane/i_cva6/ex_stage_i/lsu_i/load_store_queue_i/gen_register.d_o[174]_i_45/O
                         net (fo=1, unplaced)         0.333    28.502    i_ariane/i_cva6/ex_stage_i/lsu_i/load_store_queue_i/i_ld_wb_tournament_tree/seq_num_tree[3]_161[0]
                         CARRY4 (Prop_carry4_DI[0]_CO[3])
                                                      0.550    29.052 r  i_ariane/i_cva6/ex_stage_i/lsu_i/load_store_queue_i/gen_register.d_o_reg[174]_i_35/CO[3]
                         net (fo=1, unplaced)         0.009    29.061    i_ariane/i_cva6/ex_stage_i/lsu_i/load_store_queue_i/gen_register.d_o_reg[174]_i_35_n_0
                         CARRY4 (Prop_carry4_CI_O[1])
                                                      0.337    29.398 f  i_ariane/i_cva6/ex_stage_i/lsu_i/load_store_queue_i/gen_register.d_o_reg[174]_i_18/O[1]
                         net (fo=1, unplaced)         0.312    29.710    i_ariane/i_cva6/ex_stage_i/lsu_i/load_store_queue_i/i_ld_wb_tournament_tree/id_tree50_out[5]
                         LUT6 (Prop_lut6_I5_O)        0.306    30.016 r  i_ariane/i_cva6/ex_stage_i/lsu_i/load_store_queue_i/gen_register.d_o[174]_i_5/O
                         net (fo=105, unplaced)       0.550    30.566    i_ariane/i_cva6/ex_stage_i/lsu_i/load_store_queue_i/i_ld_wb_tournament_tree/id_tree1
                         LUT3 (Prop_lut3_I1_O)        0.124    30.690 f  i_ariane/i_cva6/ex_stage_i/lsu_i/load_store_queue_i/gen_register.d_o[173]_i_2/O
                         net (fo=103, unplaced)       0.519    31.209    i_ariane/i_cva6/ex_stage_i/lsu_i/load_store_queue_i/ld_wb_pointer[0]
                         LUT6 (Prop_lut6_I4_O)        0.124    31.333 r  i_ariane/i_cva6/ex_stage_i/lsu_i/load_store_queue_i/ld_queue_q[reserved][2]_i_11/O
                         net (fo=3, unplaced)         0.467    31.800    i_ariane/i_cva6/issue_stage_i/i_scoreboard/ld_queue_q[reserved][2]_i_23_0
                         LUT6 (Prop_lut6_I1_O)        0.124    31.924 r  i_ariane/i_cva6/issue_stage_i/i_scoreboard/ld_queue_q[reserved][2]_i_38/O
                         net (fo=1, unplaced)         0.449    32.373    i_ariane/i_cva6/issue_stage_i/i_scoreboard/ld_queue_q[reserved][2]_i_38_n_0
                         LUT5 (Prop_lut5_I3_O)        0.124    32.497 f  i_ariane/i_cva6/issue_stage_i/i_scoreboard/ld_queue_q[reserved][2]_i_23/O
                         net (fo=1, unplaced)         0.449    32.946    i_ariane/i_cva6/issue_stage_i/i_scoreboard/ld_queue_q[reserved][2]_i_23_n_0
                         LUT6 (Prop_lut6_I5_O)        0.124    33.070 r  i_ariane/i_cva6/issue_stage_i/i_scoreboard/ld_queue_q[reserved][2]_i_12/O
                         net (fo=2, unplaced)         0.460    33.530    i_ariane/i_cva6/ex_stage_i/lsu_i/load_store_queue_i/ld_queue_q_reg[reserved][2]_8
                         LUT2 (Prop_lut2_I1_O)        0.124    33.654 f  i_ariane/i_cva6/ex_stage_i/lsu_i/load_store_queue_i/ld_queue_q[reserved][2]_i_6/O
                         net (fo=3, unplaced)         0.467    34.121    i_ariane/i_cva6/issue_stage_i/i_scoreboard/ld_queue_q_reg[reserved][2]_3
                         LUT5 (Prop_lut5_I4_O)        0.124    34.245 r  i_ariane/i_cva6/issue_stage_i/i_scoreboard/ld_queue_q[issued][2]_i_4/O
                         net (fo=2, unplaced)         0.460    34.705    i_ariane/i_cva6/ex_stage_i/lsu_i/load_store_queue_i/ld_queue_q_reg[issued][2]_0
                         LUT6 (Prop_lut6_I5_O)        0.124    34.829 r  i_ariane/i_cva6/ex_stage_i/lsu_i/load_store_queue_i/ld_token_q[0]_i_6/O
                         net (fo=4, unplaced)         0.473    35.302    i_ariane/i_cva6/ex_stage_i/lsu_i/load_store_queue_i/ld_token_q[0]_i_6_n_0
                         LUT4 (Prop_lut4_I1_O)        0.124    35.426 r  i_ariane/i_cva6/ex_stage_i/lsu_i/load_store_queue_i/ld_token_q[2]_i_4/O
                         net (fo=2, unplaced)         0.913    36.339    i_ariane/i_cva6/ex_stage_i/lsu_i/load_store_queue_i/ld_token_q[2]_i_4_n_0
                         LUT6 (Prop_lut6_I1_O)        0.124    36.463 r  i_ariane/i_cva6/ex_stage_i/lsu_i/load_store_queue_i/ld_token_q[2]_i_3/O
                         net (fo=1, unplaced)         0.902    37.365    i_ariane/i_cva6/issue_stage_i/i_lsq_bypass/ld_token_q_reg[2]_0
                         LUT5 (Prop_lut5_I4_O)        0.124    37.489 r  i_ariane/i_cva6/issue_stage_i/i_lsq_bypass/ld_token_q[2]_i_1/O
                         net (fo=1, unplaced)         0.000    37.489    i_ariane/i_cva6/issue_stage_i/ld_token_q__0[2]
                         FDPE                                         r  i_ariane/i_cva6/issue_stage_i/ld_token_q_reg[2]/D
  -------------------------------------------------------------------    -------------------

                         (clock clk_out1_xlnx_clk_gen rise edge)
                                                     25.000    25.000 r  
    K17                                               0.000    25.000 r  clk_sys (IN)
                         net (fo=0)                   0.000    25.000    i_xlnx_clk_gen/inst/clk_in1
    K17                  IBUF (Prop_ibuf_I_O)         1.404    26.404 r  i_xlnx_clk_gen/inst/clkin1_ibufg/O
                         net (fo=1, unplaced)         0.439    26.843    i_xlnx_clk_gen/inst/clk_in1_xlnx_clk_gen
                         MMCME2_ADV (Prop_mmcme2_adv_CLKIN1_CLKOUT0)
                                                     -5.378    21.466 r  i_xlnx_clk_gen/inst/mmcm_adv_inst/CLKOUT0
                         net (fo=1, unplaced)         0.760    22.225    i_xlnx_clk_gen/inst/clk_out1_xlnx_clk_gen
                         BUFG (Prop_bufg_I_O)         0.091    22.316 r  i_xlnx_clk_gen/inst/clkout1_buf/O
                         net (fo=23308, unplaced)     0.439    22.755    i_ariane/i_cva6/issue_stage_i/clk_out1
                         FDPE                                         r  i_ariane/i_cva6/issue_stage_i/ld_token_q_reg[2]/C
                         clock pessimism              0.531    23.286    
                         clock uncertainty           -0.082    23.204    
                         FDPE (Setup_fdpe_C_D)        0.044    23.248    i_ariane/i_cva6/issue_stage_i/ld_token_q_reg[2]
  -------------------------------------------------------------------
                         required time                         23.248    
                         arrival time                         -37.489    
  -------------------------------------------------------------------
                         slack                                -14.241    

Slack (MET) :             5.757ns  (required time - arrival time)
  Source:                 i_dmi_jtag/i_dmi_jtag_tap/td_o_reg/C
                            (rising edge-triggered cell FDCE clocked by tck'  {rise@0.000ns fall@50.000ns period=100.000ns})
  Destination:            tdo
                            (output port clocked by tck  {rise@0.000ns fall@50.000ns period=100.000ns})
  Path Group:             tck
  Path Type:              Max at Slow Process Corner
  Requirement:            20.000ns  (MaxDelay Path 20.000ns)
  Data Path Delay:        5.049ns  (logic 4.249ns (84.161%)  route 0.800ns (15.839%))
  Logic Levels:           1  (OBUF=1)
  Output Delay:           5.000ns
  Clock Path Skew:        -3.693ns (DCD - SCD + CPR)
    Destination Clock Delay (DCD):    0.000ns
    Source Clock Delay      (SCD):    3.693ns
    Clock Pessimism Removal (CPR):    0.000ns
  Clock Uncertainty:      0.501ns  ((TSJ^2 + TIJ^2)^1/2 + DJ) / 2 + PE
    Total System Jitter     (TSJ):    0.071ns
    Total Input Jitter      (TIJ):    1.000ns
    Discrete Jitter          (DJ):    0.000ns
    Phase Error              (PE):    0.000ns
  Timing Exception:       MaxDelay Path 20.000ns

    Location             Delay type                Incr(ns)  Path(ns)    Netlist Resource(s)
  -------------------------------------------------------------------    -------------------
                         (clock tck fall edge)        0.000     0.000 f  
    H15                                               0.000     0.000 f  tck (IN)
                         net (fo=0)                   0.000     0.000    tck
    H15                  IBUF (Prop_ibuf_I_O)         1.500     1.500 f  tck_IBUF_inst/O
                         net (fo=1, unplaced)         0.800     2.300    tck_IBUF
                         BUFG (Prop_bufg_I_O)         0.101     2.401 f  tck_IBUF_BUFG_inst/O
                         net (fo=258, unplaced)       0.584     2.985    tck_IBUF_BUFG
                         LUT1 (Prop_lut1_I0_O)        0.124     3.109 r  td_o_reg_i_2/O
                         net (fo=1, unplaced)         0.584     3.693    i_dmi_jtag/i_dmi_jtag_tap/tck_ni
                         FDCE                                         r  i_dmi_jtag/i_dmi_jtag_tap/td_o_reg/C
  -------------------------------------------------------------------    -------------------
                         FDCE (Prop_fdce_C_Q)         0.518     4.211 r  i_dmi_jtag/i_dmi_jtag_tap/td_o_reg/Q
                         net (fo=1, unplaced)         0.800     5.011    tdo_OBUF
    J15                  OBUF (Prop_obuf_I_O)         3.731     8.742 r  tdo_OBUF_inst/O
                         net (fo=0)                   0.000     8.742    tdo
    J15                                                               r  tdo (OUT)
  -------------------------------------------------------------------    -------------------

                         max delay                   20.000    20.000    
                         clock pessimism              0.000    20.000    
                         clock uncertainty           -0.501    19.499    
                         output delay                -5.000    14.499    
  -------------------------------------------------------------------
                         required time                         14.499    
                         arrival time                          -8.742    
  -------------------------------------------------------------------
                         slack                                  5.757    

Slack (MET) :             22.007ns  (required time - arrival time)
  Source:                 i_axi_dwidth_converter_dm_slave/inst/gen_downsizer.gen_simple_downsizer.axi_downsizer_inst/USE_READ.read_addr_inst/cmd_queue/inst/fifo_gen_inst/inst_fifo_gen/gconvfifo.rf/grf.rf/rstblk/ngwrdrst.grst.g7serrst.gnsckt_wrst.gcc_rst.sckt_wr_rst_cc_reg[1]/C
                            (rising edge-triggered cell FDRE clocked by clk_out1_xlnx_clk_gen  {rise@0.000ns fall@12.500ns period=25.000ns})
  Destination:            i_axi_dwidth_converter_dm_slave/inst/gen_downsizer.gen_simple_downsizer.axi_downsizer_inst/USE_READ.read_addr_inst/cmd_queue/inst/fifo_gen_inst/inst_fifo_gen/gconvfifo.rf/grf.rf/gntv_or_sync_fifo.gl0.rd/gr1.gr1_int.rfwft/aempty_fwft_fb_i_reg/PRE
                            (recovery check against rising-edge clock clk_out1_xlnx_clk_gen  {rise@0.000ns fall@12.500ns period=25.000ns})
  Path Group:             **async_default**
  Path Type:              Recovery (Max at Slow Process Corner)
  Requirement:            25.000ns  (clk_out1_xlnx_clk_gen rise@25.000ns - clk_out1_xlnx_clk_gen rise@0.000ns)
  Data Path Delay:        2.372ns  (logic 0.773ns (32.589%)  route 1.599ns (67.411%))
  Logic Levels:           1  (LUT3=1)
  Clock Path Skew:        -0.145ns (DCD - SCD + CPR)
    Destination Clock Delay (DCD):    -2.245ns = ( 22.755 - 25.000 ) 
    Source Clock Delay      (SCD):    -1.569ns
    Clock Pessimism Removal (CPR):    0.531ns
  Clock Uncertainty:      0.082ns  ((TSJ^2 + DJ^2)^1/2) / 2 + PE
    Total System Jitter     (TSJ):    0.071ns
    Discrete Jitter          (DJ):    0.149ns
    Phase Error              (PE):    0.000ns

    Location             Delay type                Incr(ns)  Path(ns)    Netlist Resource(s)
  -------------------------------------------------------------------    -------------------
                         (clock clk_out1_xlnx_clk_gen rise edge)
                                                      0.000     0.000 r  
    K17                                               0.000     0.000 r  clk_sys (IN)
                         net (fo=0)                   0.000     0.000    i_xlnx_clk_gen/inst/clk_in1
    K17                  IBUF (Prop_ibuf_I_O)         1.475     1.475 r  i_xlnx_clk_gen/inst/clkin1_ibufg/O
                         net (fo=1, unplaced)         0.584     2.059    i_xlnx_clk_gen/inst/clk_in1_xlnx_clk_gen
                         MMCME2_ADV (Prop_mmcme2_adv_CLKIN1_CLKOUT0)
                                                     -5.113    -3.054 r  i_xlnx_clk_gen/inst/mmcm_adv_inst/CLKOUT0
                         net (fo=1, unplaced)         0.800    -2.254    i_xlnx_clk_gen/inst/clk_out1_xlnx_clk_gen
                         BUFG (Prop_bufg_I_O)         0.101    -2.153 r  i_xlnx_clk_gen/inst/clkout1_buf/O
                         net (fo=23308, unplaced)     0.584    -1.569    i_axi_dwidth_converter_dm_slave/inst/gen_downsizer.gen_simple_downsizer.axi_downsizer_inst/USE_READ.read_addr_inst/cmd_queue/inst/fifo_gen_inst/inst_fifo_gen/gconvfifo.rf/grf.rf/rstblk/clk
                         FDRE                                         r  i_axi_dwidth_converter_dm_slave/inst/gen_downsizer.gen_simple_downsizer.axi_downsizer_inst/USE_READ.read_addr_inst/cmd_queue/inst/fifo_gen_inst/inst_fifo_gen/gconvfifo.rf/grf.rf/rstblk/ngwrdrst.grst.g7serrst.gnsckt_wrst.gcc_rst.sckt_wr_rst_cc_reg[1]/C
  -------------------------------------------------------------------    -------------------
                         FDRE (Prop_fdre_C_Q)         0.478    -1.091 f  i_axi_dwidth_converter_dm_slave/inst/gen_downsizer.gen_simple_downsizer.axi_downsizer_inst/USE_READ.read_addr_inst/cmd_queue/inst/fifo_gen_inst/inst_fifo_gen/gconvfifo.rf/grf.rf/rstblk/ngwrdrst.grst.g7serrst.gnsckt_wrst.gcc_rst.sckt_wr_rst_cc_reg[1]/Q
                         net (fo=2, unplaced)         0.752    -0.339    i_axi_dwidth_converter_dm_slave/inst/gen_downsizer.gen_simple_downsizer.axi_downsizer_inst/USE_READ.read_addr_inst/cmd_queue/inst/fifo_gen_inst/inst_fifo_gen/gconvfifo.rf/grf.rf/rstblk/ngwrdrst.grst.g7serrst.gnsckt_wrst.gcc_rst.sckt_wr_rst_cc[1]
                         LUT3 (Prop_lut3_I0_O)        0.295    -0.044 f  i_axi_dwidth_converter_dm_slave/inst/gen_downsizer.gen_simple_downsizer.axi_downsizer_inst/USE_READ.read_addr_inst/cmd_queue/inst/fifo_gen_inst/inst_fifo_gen/gconvfifo.rf/grf.rf/rstblk/gpregsm1.curr_fwft_state[1]_i_2/O
                         net (fo=32, unplaced)        0.847     0.803    i_axi_dwidth_converter_dm_slave/inst/gen_downsizer.gen_simple_downsizer.axi_downsizer_inst/USE_READ.read_addr_inst/cmd_queue/inst/fifo_gen_inst/inst_fifo_gen/gconvfifo.rf/grf.rf/gntv_or_sync_fifo.gl0.rd/gr1.gr1_int.rfwft/gpregsm1.user_valid_reg_0
                         FDPE                                         f  i_axi_dwidth_converter_dm_slave/inst/gen_downsizer.gen_simple_downsizer.axi_downsizer_inst/USE_READ.read_addr_inst/cmd_queue/inst/fifo_gen_inst/inst_fifo_gen/gconvfifo.rf/grf.rf/gntv_or_sync_fifo.gl0.rd/gr1.gr1_int.rfwft/aempty_fwft_fb_i_reg/PRE
  -------------------------------------------------------------------    -------------------

                         (clock clk_out1_xlnx_clk_gen rise edge)
                                                     25.000    25.000 r  
    K17                                               0.000    25.000 r  clk_sys (IN)
                         net (fo=0)                   0.000    25.000    i_xlnx_clk_gen/inst/clk_in1
    K17                  IBUF (Prop_ibuf_I_O)         1.404    26.404 r  i_xlnx_clk_gen/inst/clkin1_ibufg/O
                         net (fo=1, unplaced)         0.439    26.843    i_xlnx_clk_gen/inst/clk_in1_xlnx_clk_gen
                         MMCME2_ADV (Prop_mmcme2_adv_CLKIN1_CLKOUT0)
                                                     -5.378    21.466 r  i_xlnx_clk_gen/inst/mmcm_adv_inst/CLKOUT0
                         net (fo=1, unplaced)         0.760    22.225    i_xlnx_clk_gen/inst/clk_out1_xlnx_clk_gen
                         BUFG (Prop_bufg_I_O)         0.091    22.316 r  i_xlnx_clk_gen/inst/clkout1_buf/O
                         net (fo=23308, unplaced)     0.439    22.755    i_axi_dwidth_converter_dm_slave/inst/gen_downsizer.gen_simple_downsizer.axi_downsizer_inst/USE_READ.read_addr_inst/cmd_queue/inst/fifo_gen_inst/inst_fifo_gen/gconvfifo.rf/grf.rf/gntv_or_sync_fifo.gl0.rd/gr1.gr1_int.rfwft/clk
                         FDPE                                         r  i_axi_dwidth_converter_dm_slave/inst/gen_downsizer.gen_simple_downsizer.axi_downsizer_inst/USE_READ.read_addr_inst/cmd_queue/inst/fifo_gen_inst/inst_fifo_gen/gconvfifo.rf/grf.rf/gntv_or_sync_fifo.gl0.rd/gr1.gr1_int.rfwft/aempty_fwft_fb_i_reg/C
                         clock pessimism              0.531    23.286    
                         clock uncertainty           -0.082    23.204    
                         FDPE (Recov_fdpe_C_PRE)     -0.394    22.810    i_axi_dwidth_converter_dm_slave/inst/gen_downsizer.gen_simple_downsizer.axi_downsizer_inst/USE_READ.read_addr_inst/cmd_queue/inst/fifo_gen_inst/inst_fifo_gen/gconvfifo.rf/grf.rf/gntv_or_sync_fifo.gl0.rd/gr1.gr1_int.rfwft/aempty_fwft_fb_i_reg
  -------------------------------------------------------------------
                         required time                         22.810    
                         arrival time                          -0.803    
  -------------------------------------------------------------------
                         slack                                 22.007    




